Sep 14 17:29:03 cu-cs-vm rsyslogd: [origin software="rsyslogd" swVersion="8.16.0" x-pid="3904" x-info="http://www.rsyslog.com"] rsyslogd was HUPed
Sep 14 17:29:34 cu-cs-vm anacron[3819]: Job `cron.daily' terminated
Sep 14 17:29:34 cu-cs-vm anacron[3819]: Normal exit (1 job run)
Sep 14 17:33:04 cu-cs-vm uptimed: moving up to position 4: 0 days, 00:10:23
Sep 14 17:33:05 cu-cs-vm /usr/lib/snapd/snapd[3952]: snapmgr.go:422: No snaps to auto-refresh found
Sep 14 17:33:05 cu-cs-vm snapd[3952]: 2017/09/14 17:33:05.529617 snapmgr.go:422: No snaps to auto-refresh found
Sep 14 17:33:05 cu-cs-vm /usr/lib/snapd/snapd[3952]: snapmgr.go:504: DEBUG: Next refresh scheduled for 2017-09-15 03:31:52.790205804 -0600 MDT.
Sep 14 17:35:18 cu-cs-vm systemd[1]: Stopped target Graphical Interface.
Sep 14 17:35:18 cu-cs-vm obexd[5025]: Terminating
Sep 14 17:35:18 cu-cs-vm systemd[1]: Stopping Light Display Manager...
Sep 14 17:35:18 cu-cs-vm systemd[1]: Stopped target Sound Card.
Sep 14 17:35:18 cu-cs-vm systemd[1]: Stopping Daemon for power management...
Sep 14 17:35:18 cu-cs-vm systemd[1]: Stopping Disk Manager...
Sep 14 17:35:18 cu-cs-vm rsyslogd: [origin software="rsyslogd" swVersion="8.16.0" x-pid="3904" x-info="http://www.rsyslog.com"] exiting on signal 15.
Sep 14 17:35:55 cu-cs-vm rsyslogd: [origin software="rsyslogd" swVersion="8.16.0" x-pid="3900" x-info="http://www.rsyslog.com"] start
Sep 14 17:35:55 cu-cs-vm kernel: [    0.000000] Linux version 4.10.17mykernal (root@cu-cs-vm) (gcc version 5.4.0 20160609 (Ubuntu 5.4.0-6ubuntu1~16.04.4) ) #2 SMP Thu Sep 14 01:29:05 MDT 2017 (Ubuntu 4.10.0-33.37~16.04.1-generic 4.10.17)
Sep 14 17:35:55 cu-cs-vm kernel: [    0.000000] Command line: BOOT_IMAGE=/@/boot/vmlinuz-4.10.17mykernal root=UUID=403636af-0778-4937-b47b-ddd3b47d58cc ro rootflags=subvol=@ crashkernel=384M-:128M
Sep 14 17:35:55 cu-cs-vm kernel: [    0.000000] KERNEL supported cpus:
Sep 14 17:35:55 cu-cs-vm kernel: [    0.000000]   Intel GenuineIntel
Sep 14 17:35:55 cu-cs-vm kernel: [    0.000000]   AMD AuthenticAMD
Sep 14 17:35:55 cu-cs-vm kernel: [    0.000000]   Centaur CentaurHauls
Sep 14 17:35:55 cu-cs-vm kernel: [    0.000000] Disabled fast string operations
Sep 14 17:35:55 cu-cs-vm kernel: [    0.000000] x86/fpu: Supporting XSAVE feature 0x001: 'x87 floating point registers'
Sep 14 17:35:55 cu-cs-vm kernel: [    0.000000] x86/fpu: Supporting XSAVE feature 0x002: 'SSE registers'
Sep 14 17:35:55 cu-cs-vm kernel: [    0.000000] x86/fpu: Supporting XSAVE feature 0x004: 'AVX registers'
Sep 14 17:35:55 cu-cs-vm kernel: [    0.000000] x86/fpu: xstate_offset[2]:  576, xstate_sizes[2]:  256
Sep 14 17:35:55 cu-cs-vm kernel: [    0.000000] x86/fpu: Enabled xstate features 0x7, context size is 832 bytes, using 'standard' format.
Sep 14 17:35:55 cu-cs-vm kernel: [    0.000000] e820: BIOS-provided physical RAM map:
Sep 14 17:35:55 cu-cs-vm kernel: [    0.000000] BIOS-e820: [mem 0x0000000000000000-0x000000000009e7ff] usable
Sep 14 17:35:55 cu-cs-vm kernel: [    0.000000] BIOS-e820: [mem 0x000000000009e800-0x000000000009ffff] reserved
Sep 14 17:35:55 cu-cs-vm kernel: [    0.000000] BIOS-e820: [mem 0x00000000000dc000-0x00000000000fffff] reserved
Sep 14 17:35:55 cu-cs-vm kernel: [    0.000000] BIOS-e820: [mem 0x0000000000100000-0x000000007fedffff] usable
Sep 14 17:35:55 cu-cs-vm kernel: [    0.000000] BIOS-e820: [mem 0x000000007fee0000-0x000000007fefefff] ACPI data
Sep 14 17:35:55 cu-cs-vm kernel: [    0.000000] BIOS-e820: [mem 0x000000007feff000-0x000000007fefffff] ACPI NVS
Sep 14 17:35:55 cu-cs-vm kernel: [    0.000000] BIOS-e820: [mem 0x000000007ff00000-0x000000007fffffff] usable
Sep 14 17:35:55 cu-cs-vm kernel: [    0.000000] BIOS-e820: [mem 0x00000000f0000000-0x00000000f7ffffff] reserved
Sep 14 17:35:55 cu-cs-vm kernel: [    0.000000] BIOS-e820: [mem 0x00000000fec00000-0x00000000fec0ffff] reserved
Sep 14 17:35:55 cu-cs-vm kernel: [    0.000000] BIOS-e820: [mem 0x00000000fee00000-0x00000000fee00fff] reserved
Sep 14 17:35:55 cu-cs-vm kernel: [    0.000000] BIOS-e820: [mem 0x00000000fffe0000-0x00000000ffffffff] reserved
Sep 14 17:35:55 cu-cs-vm kernel: [    0.000000] NX (Execute Disable) protection: active
Sep 14 17:35:55 cu-cs-vm kernel: [    0.000000] SMBIOS 2.4 present.
Sep 14 17:35:55 cu-cs-vm kernel: [    0.000000] DMI: VMware, Inc. VMware Virtual Platform/440BX Desktop Reference Platform, BIOS 6.00 07/02/2015
Sep 14 17:35:55 cu-cs-vm kernel: [    0.000000] Hypervisor detected: VMware
Sep 14 17:35:55 cu-cs-vm kernel: [    0.000000] vmware: TSC freq read from hypervisor : 1600.285 MHz
Sep 14 17:35:55 cu-cs-vm kernel: [    0.000000] vmware: Host bus clock speed read from hypervisor : 66000000 Hz
Sep 14 17:35:55 cu-cs-vm kernel: [    0.000000] vmware: using sched offset of 8402882031 ns
Sep 14 17:35:55 cu-cs-vm kernel: [    0.000000] e820: update [mem 0x00000000-0x00000fff] usable ==> reserved
Sep 14 17:35:55 cu-cs-vm kernel: [    0.000000] e820: remove [mem 0x000a0000-0x000fffff] usable
Sep 14 17:35:55 cu-cs-vm kernel: [    0.000000] e820: last_pfn = 0x80000 max_arch_pfn = 0x400000000
Sep 14 17:35:55 cu-cs-vm kernel: [    0.000000] MTRR default type: uncachable
Sep 14 17:35:55 cu-cs-vm kernel: [    0.000000] MTRR fixed ranges enabled:
Sep 14 17:35:55 cu-cs-vm kernel: [    0.000000]   00000-9FFFF write-back
Sep 14 17:35:55 cu-cs-vm kernel: [    0.000000]   A0000-BFFFF uncachable
Sep 14 17:35:55 cu-cs-vm kernel: [    0.000000]   C0000-CBFFF write-protect
Sep 14 17:35:55 cu-cs-vm kernel: [    0.000000]   CC000-EFFFF uncachable
Sep 14 17:35:55 cu-cs-vm kernel: [    0.000000]   F0000-FFFFF write-protect
Sep 14 17:35:55 cu-cs-vm kernel: [    0.000000] MTRR variable ranges enabled:
Sep 14 17:35:55 cu-cs-vm kernel: [    0.000000]   0 base 000C0000000 mask 3FFC0000000 uncachable
Sep 14 17:35:55 cu-cs-vm kernel: [    0.000000]   1 base 00000000000 mask 3F000000000 write-back
Sep 14 17:35:55 cu-cs-vm kernel: [    0.000000]   2 disabled
Sep 14 17:35:55 cu-cs-vm kernel: [    0.000000]   3 disabled
Sep 14 17:35:55 cu-cs-vm kernel: [    0.000000]   4 disabled
Sep 14 17:35:55 cu-cs-vm kernel: [    0.000000]   5 disabled
Sep 14 17:35:55 cu-cs-vm kernel: [    0.000000]   6 disabled
Sep 14 17:35:55 cu-cs-vm kernel: [    0.000000]   7 disabled
Sep 14 17:35:55 cu-cs-vm kernel: [    0.000000] x86/PAT: Configuration [0-7]: WB  WC  UC- UC  WB  WC  UC- WT  
Sep 14 17:35:55 cu-cs-vm kernel: [    0.000000] total RAM covered: 64512M
Sep 14 17:35:55 cu-cs-vm kernel: [    0.000000] Found optimal setting for mtrr clean up
Sep 14 17:35:55 cu-cs-vm kernel: [    0.000000]  gran_size: 64K 	chunk_size: 64K 	num_reg: 6  	lose cover RAM: 0G
Sep 14 17:35:55 cu-cs-vm kernel: [    0.000000] e820: update [mem 0xc0000000-0xffffffff] usable ==> reserved
Sep 14 17:35:55 cu-cs-vm kernel: [    0.000000] found SMP MP-table at [mem 0x000f6a80-0x000f6a8f] mapped at [ffff92a3800f6a80]
Sep 14 17:35:55 cu-cs-vm kernel: [    0.000000] Scanning 1 areas for low memory corruption
Sep 14 17:35:55 cu-cs-vm kernel: [    0.000000] Base memory trampoline at [ffff92a380098000] 98000 size 24576
Sep 14 17:35:55 cu-cs-vm kernel: [    0.000000] Using GB pages for direct mapping
Sep 14 17:35:55 cu-cs-vm kernel: [    0.000000] BRK [0x36e22000, 0x36e22fff] PGTABLE
Sep 14 17:35:55 cu-cs-vm kernel: [    0.000000] BRK [0x36e23000, 0x36e23fff] PGTABLE
Sep 14 17:35:55 cu-cs-vm kernel: [    0.000000] BRK [0x36e24000, 0x36e24fff] PGTABLE
Sep 14 17:35:55 cu-cs-vm kernel: [    0.000000] BRK [0x36e25000, 0x36e25fff] PGTABLE
Sep 14 17:35:55 cu-cs-vm kernel: [    0.000000] BRK [0x36e26000, 0x36e26fff] PGTABLE
Sep 14 17:35:55 cu-cs-vm kernel: [    0.000000] BRK [0x36e27000, 0x36e27fff] PGTABLE
Sep 14 17:35:55 cu-cs-vm kernel: [    0.000000] RAMDISK: [mem 0x32dc4000-0x356d9fff]
Sep 14 17:35:55 cu-cs-vm kernel: [    0.000000] ACPI: Early table checksum verification disabled
Sep 14 17:35:55 cu-cs-vm kernel: [    0.000000] ACPI: RSDP 0x00000000000F6A10 000024 (v02 PTLTD )
Sep 14 17:35:55 cu-cs-vm kernel: [    0.000000] ACPI: XSDT 0x000000007FEEA677 000054 (v01 INTEL  440BX    06040000 VMW  01324272)
Sep 14 17:35:55 cu-cs-vm kernel: [    0.000000] ACPI: FACP 0x000000007FEFEE73 0000F4 (v04 INTEL  440BX    06040000 PTL  000F4240)
Sep 14 17:35:55 cu-cs-vm kernel: [    0.000000] ACPI: DSDT 0x000000007FEEBD62 013111 (v01 PTLTD  Custom   06040000 MSFT 03000001)
Sep 14 17:35:55 cu-cs-vm kernel: [    0.000000] ACPI: FACS 0x000000007FEFFFC0 000040
Sep 14 17:35:55 cu-cs-vm kernel: [    0.000000] ACPI: FACS 0x000000007FEFFFC0 000040
Sep 14 17:35:55 cu-cs-vm kernel: [    0.000000] ACPI: BOOT 0x000000007FEEBD3A 000028 (v01 PTLTD  $SBFTBL$ 06040000  LTP 00000001)
Sep 14 17:35:55 cu-cs-vm kernel: [    0.000000] ACPI: APIC 0x000000007FEEB5F8 000742 (v01 PTLTD  ? APIC   06040000  LTP 00000000)
Sep 14 17:35:55 cu-cs-vm kernel: [    0.000000] ACPI: MCFG 0x000000007FEEB5BC 00003C (v01 PTLTD  $PCITBL$ 06040000  LTP 00000001)
Sep 14 17:35:55 cu-cs-vm kernel: [    0.000000] ACPI: SRAT 0x000000007FEEA72F 0008D0 (v02 VMWARE MEMPLUG  06040000 VMW  00000001)
Sep 14 17:35:55 cu-cs-vm kernel: [    0.000000] ACPI: WAET 0x000000007FEEA707 000028 (v01 VMWARE VMW WAET 06040000 VMW  00000001)
Sep 14 17:35:55 cu-cs-vm kernel: [    0.000000] ACPI: Local APIC address 0xfee00000
Sep 14 17:35:55 cu-cs-vm kernel: [    0.000000] system APIC only can use physical flat
Sep 14 17:35:55 cu-cs-vm kernel: [    0.000000] Setting APIC routing to physical flat.
Sep 14 17:35:55 cu-cs-vm kernel: [    0.000000] SRAT: PXM 0 -> APIC 0x00 -> Node 0
Sep 14 17:35:55 cu-cs-vm kernel: [    0.000000] SRAT: PXM 0 -> APIC 0x02 -> Node 0
Sep 14 17:35:55 cu-cs-vm kernel: [    0.000000] SRAT: PXM 0 -> APIC 0x04 -> Node 0
Sep 14 17:35:55 cu-cs-vm kernel: [    0.000000] SRAT: PXM 0 -> APIC 0x06 -> Node 0
Sep 14 17:35:55 cu-cs-vm kernel: [    0.000000] SRAT: PXM 0 -> APIC 0x08 -> Node 0
Sep 14 17:35:55 cu-cs-vm kernel: [    0.000000] SRAT: PXM 0 -> APIC 0x0a -> Node 0
Sep 14 17:35:55 cu-cs-vm kernel: [    0.000000] SRAT: PXM 0 -> APIC 0x0c -> Node 0
Sep 14 17:35:55 cu-cs-vm kernel: [    0.000000] SRAT: PXM 0 -> APIC 0x0e -> Node 0
Sep 14 17:35:55 cu-cs-vm kernel: [    0.000000] SRAT: PXM 0 -> APIC 0x10 -> Node 0
Sep 14 17:35:55 cu-cs-vm kernel: [    0.000000] SRAT: PXM 0 -> APIC 0x12 -> Node 0
Sep 14 17:35:55 cu-cs-vm kernel: [    0.000000] SRAT: PXM 0 -> APIC 0x14 -> Node 0
Sep 14 17:35:55 cu-cs-vm kernel: [    0.000000] SRAT: PXM 0 -> APIC 0x16 -> Node 0
Sep 14 17:35:55 cu-cs-vm kernel: [    0.000000] SRAT: PXM 0 -> APIC 0x18 -> Node 0
Sep 14 17:35:55 cu-cs-vm kernel: [    0.000000] SRAT: PXM 0 -> APIC 0x1a -> Node 0
Sep 14 17:35:55 cu-cs-vm kernel: [    0.000000] SRAT: PXM 0 -> APIC 0x1c -> Node 0
Sep 14 17:35:55 cu-cs-vm kernel: [    0.000000] SRAT: PXM 0 -> APIC 0x1e -> Node 0
Sep 14 17:35:55 cu-cs-vm kernel: [    0.000000] SRAT: PXM 0 -> APIC 0x20 -> Node 0
Sep 14 17:35:55 cu-cs-vm kernel: [    0.000000] SRAT: PXM 0 -> APIC 0x22 -> Node 0
Sep 14 17:35:55 cu-cs-vm kernel: [    0.000000] SRAT: PXM 0 -> APIC 0x24 -> Node 0
Sep 14 17:35:55 cu-cs-vm kernel: [    0.000000] SRAT: PXM 0 -> APIC 0x26 -> Node 0
Sep 14 17:35:55 cu-cs-vm kernel: [    0.000000] SRAT: PXM 0 -> APIC 0x28 -> Node 0
Sep 14 17:35:55 cu-cs-vm kernel: [    0.000000] SRAT: PXM 0 -> APIC 0x2a -> Node 0
Sep 14 17:35:55 cu-cs-vm kernel: [    0.000000] SRAT: PXM 0 -> APIC 0x2c -> Node 0
Sep 14 17:35:55 cu-cs-vm kernel: [    0.000000] SRAT: PXM 0 -> APIC 0x2e -> Node 0
Sep 14 17:35:55 cu-cs-vm kernel: [    0.000000] SRAT: PXM 0 -> APIC 0x30 -> Node 0
Sep 14 17:35:55 cu-cs-vm kernel: [    0.000000] SRAT: PXM 0 -> APIC 0x32 -> Node 0
Sep 14 17:35:55 cu-cs-vm kernel: [    0.000000] SRAT: PXM 0 -> APIC 0x34 -> Node 0
Sep 14 17:35:55 cu-cs-vm kernel: [    0.000000] SRAT: PXM 0 -> APIC 0x36 -> Node 0
Sep 14 17:35:55 cu-cs-vm kernel: [    0.000000] SRAT: PXM 0 -> APIC 0x38 -> Node 0
Sep 14 17:35:55 cu-cs-vm kernel: [    0.000000] SRAT: PXM 0 -> APIC 0x3a -> Node 0
Sep 14 17:35:55 cu-cs-vm kernel: [    0.000000] SRAT: PXM 0 -> APIC 0x3c -> Node 0
Sep 14 17:35:55 cu-cs-vm kernel: [    0.000000] SRAT: PXM 0 -> APIC 0x3e -> Node 0
Sep 14 17:35:55 cu-cs-vm kernel: [    0.000000] SRAT: PXM 0 -> APIC 0x40 -> Node 0
Sep 14 17:35:55 cu-cs-vm kernel: [    0.000000] SRAT: PXM 0 -> APIC 0x42 -> Node 0
Sep 14 17:35:55 cu-cs-vm kernel: [    0.000000] SRAT: PXM 0 -> APIC 0x44 -> Node 0
Sep 14 17:35:55 cu-cs-vm kernel: [    0.000000] SRAT: PXM 0 -> APIC 0x46 -> Node 0
Sep 14 17:35:55 cu-cs-vm kernel: [    0.000000] SRAT: PXM 0 -> APIC 0x48 -> Node 0
Sep 14 17:35:55 cu-cs-vm kernel: [    0.000000] SRAT: PXM 0 -> APIC 0x4a -> Node 0
Sep 14 17:35:55 cu-cs-vm kernel: [    0.000000] SRAT: PXM 0 -> APIC 0x4c -> Node 0
Sep 14 17:35:55 cu-cs-vm kernel: [    0.000000] SRAT: PXM 0 -> APIC 0x4e -> Node 0
Sep 14 17:35:55 cu-cs-vm kernel: [    0.000000] SRAT: PXM 0 -> APIC 0x50 -> Node 0
Sep 14 17:35:55 cu-cs-vm kernel: [    0.000000] SRAT: PXM 0 -> APIC 0x52 -> Node 0
Sep 14 17:35:55 cu-cs-vm kernel: [    0.000000] SRAT: PXM 0 -> APIC 0x54 -> Node 0
Sep 14 17:35:55 cu-cs-vm kernel: [    0.000000] SRAT: PXM 0 -> APIC 0x56 -> Node 0
Sep 14 17:35:55 cu-cs-vm kernel: [    0.000000] SRAT: PXM 0 -> APIC 0x58 -> Node 0
Sep 14 17:35:55 cu-cs-vm kernel: [    0.000000] SRAT: PXM 0 -> APIC 0x5a -> Node 0
Sep 14 17:35:55 cu-cs-vm kernel: [    0.000000] SRAT: PXM 0 -> APIC 0x5c -> Node 0
Sep 14 17:35:55 cu-cs-vm kernel: [    0.000000] SRAT: PXM 0 -> APIC 0x5e -> Node 0
Sep 14 17:35:55 cu-cs-vm kernel: [    0.000000] SRAT: PXM 0 -> APIC 0x60 -> Node 0
Sep 14 17:35:55 cu-cs-vm kernel: [    0.000000] SRAT: PXM 0 -> APIC 0x62 -> Node 0
Sep 14 17:35:55 cu-cs-vm kernel: [    0.000000] SRAT: PXM 0 -> APIC 0x64 -> Node 0
Sep 14 17:35:55 cu-cs-vm kernel: [    0.000000] SRAT: PXM 0 -> APIC 0x66 -> Node 0
Sep 14 17:35:55 cu-cs-vm kernel: [    0.000000] SRAT: PXM 0 -> APIC 0x68 -> Node 0
Sep 14 17:35:55 cu-cs-vm kernel: [    0.000000] SRAT: PXM 0 -> APIC 0x6a -> Node 0
Sep 14 17:35:55 cu-cs-vm kernel: [    0.000000] SRAT: PXM 0 -> APIC 0x6c -> Node 0
Sep 14 17:35:55 cu-cs-vm kernel: [    0.000000] SRAT: PXM 0 -> APIC 0x6e -> Node 0
Sep 14 17:35:55 cu-cs-vm kernel: [    0.000000] SRAT: PXM 0 -> APIC 0x70 -> Node 0
Sep 14 17:35:55 cu-cs-vm kernel: [    0.000000] SRAT: PXM 0 -> APIC 0x72 -> Node 0
Sep 14 17:35:55 cu-cs-vm kernel: [    0.000000] SRAT: PXM 0 -> APIC 0x74 -> Node 0
Sep 14 17:35:55 cu-cs-vm kernel: [    0.000000] SRAT: PXM 0 -> APIC 0x76 -> Node 0
Sep 14 17:35:55 cu-cs-vm kernel: [    0.000000] SRAT: PXM 0 -> APIC 0x78 -> Node 0
Sep 14 17:35:55 cu-cs-vm kernel: [    0.000000] SRAT: PXM 0 -> APIC 0x7a -> Node 0
Sep 14 17:35:55 cu-cs-vm kernel: [    0.000000] SRAT: PXM 0 -> APIC 0x7c -> Node 0
Sep 14 17:35:55 cu-cs-vm kernel: [    0.000000] SRAT: PXM 0 -> APIC 0x7e -> Node 0
Sep 14 17:35:55 cu-cs-vm kernel: [    0.000000] SRAT: PXM 0 -> APIC 0x80 -> Node 0
Sep 14 17:35:55 cu-cs-vm kernel: [    0.000000] SRAT: PXM 0 -> APIC 0x82 -> Node 0
Sep 14 17:35:55 cu-cs-vm kernel: [    0.000000] SRAT: PXM 0 -> APIC 0x84 -> Node 0
Sep 14 17:35:55 cu-cs-vm kernel: [    0.000000] SRAT: PXM 0 -> APIC 0x86 -> Node 0
Sep 14 17:35:55 cu-cs-vm kernel: [    0.000000] SRAT: PXM 0 -> APIC 0x88 -> Node 0
Sep 14 17:35:55 cu-cs-vm kernel: [    0.000000] SRAT: PXM 0 -> APIC 0x8a -> Node 0
Sep 14 17:35:55 cu-cs-vm kernel: [    0.000000] SRAT: PXM 0 -> APIC 0x8c -> Node 0
Sep 14 17:35:55 cu-cs-vm kernel: [    0.000000] SRAT: PXM 0 -> APIC 0x8e -> Node 0
Sep 14 17:35:55 cu-cs-vm kernel: [    0.000000] SRAT: PXM 0 -> APIC 0x90 -> Node 0
Sep 14 17:35:55 cu-cs-vm kernel: [    0.000000] SRAT: PXM 0 -> APIC 0x92 -> Node 0
Sep 14 17:35:55 cu-cs-vm kernel: [    0.000000] SRAT: PXM 0 -> APIC 0x94 -> Node 0
Sep 14 17:35:55 cu-cs-vm kernel: [    0.000000] SRAT: PXM 0 -> APIC 0x96 -> Node 0
Sep 14 17:35:55 cu-cs-vm kernel: [    0.000000] SRAT: PXM 0 -> APIC 0x98 -> Node 0
Sep 14 17:35:55 cu-cs-vm kernel: [    0.000000] SRAT: PXM 0 -> APIC 0x9a -> Node 0
Sep 14 17:35:55 cu-cs-vm kernel: [    0.000000] SRAT: PXM 0 -> APIC 0x9c -> Node 0
Sep 14 17:35:55 cu-cs-vm kernel: [    0.000000] SRAT: PXM 0 -> APIC 0x9e -> Node 0
Sep 14 17:35:55 cu-cs-vm kernel: [    0.000000] SRAT: PXM 0 -> APIC 0xa0 -> Node 0
Sep 14 17:35:55 cu-cs-vm kernel: [    0.000000] SRAT: PXM 0 -> APIC 0xa2 -> Node 0
Sep 14 17:35:55 cu-cs-vm kernel: [    0.000000] SRAT: PXM 0 -> APIC 0xa4 -> Node 0
Sep 14 17:35:55 cu-cs-vm kernel: [    0.000000] SRAT: PXM 0 -> APIC 0xa6 -> Node 0
Sep 14 17:35:55 cu-cs-vm kernel: [    0.000000] SRAT: PXM 0 -> APIC 0xa8 -> Node 0
Sep 14 17:35:55 cu-cs-vm kernel: [    0.000000] SRAT: PXM 0 -> APIC 0xaa -> Node 0
Sep 14 17:35:55 cu-cs-vm kernel: [    0.000000] SRAT: PXM 0 -> APIC 0xac -> Node 0
Sep 14 17:35:55 cu-cs-vm kernel: [    0.000000] SRAT: PXM 0 -> APIC 0xae -> Node 0
Sep 14 17:35:55 cu-cs-vm kernel: [    0.000000] SRAT: PXM 0 -> APIC 0xb0 -> Node 0
Sep 14 17:35:55 cu-cs-vm kernel: [    0.000000] SRAT: PXM 0 -> APIC 0xb2 -> Node 0
Sep 14 17:35:55 cu-cs-vm kernel: [    0.000000] SRAT: PXM 0 -> APIC 0xb4 -> Node 0
Sep 14 17:35:55 cu-cs-vm kernel: [    0.000000] SRAT: PXM 0 -> APIC 0xb6 -> Node 0
Sep 14 17:35:55 cu-cs-vm kernel: [    0.000000] SRAT: PXM 0 -> APIC 0xb8 -> Node 0
Sep 14 17:35:55 cu-cs-vm kernel: [    0.000000] SRAT: PXM 0 -> APIC 0xba -> Node 0
Sep 14 17:35:55 cu-cs-vm kernel: [    0.000000] SRAT: PXM 0 -> APIC 0xbc -> Node 0
Sep 14 17:35:55 cu-cs-vm kernel: [    0.000000] SRAT: PXM 0 -> APIC 0xbe -> Node 0
Sep 14 17:35:55 cu-cs-vm kernel: [    0.000000] SRAT: PXM 0 -> APIC 0xc0 -> Node 0
Sep 14 17:35:55 cu-cs-vm kernel: [    0.000000] SRAT: PXM 0 -> APIC 0xc2 -> Node 0
Sep 14 17:35:55 cu-cs-vm kernel: [    0.000000] SRAT: PXM 0 -> APIC 0xc4 -> Node 0
Sep 14 17:35:55 cu-cs-vm kernel: [    0.000000] SRAT: PXM 0 -> APIC 0xc6 -> Node 0
Sep 14 17:35:55 cu-cs-vm kernel: [    0.000000] SRAT: PXM 0 -> APIC 0xc8 -> Node 0
Sep 14 17:35:55 cu-cs-vm kernel: [    0.000000] SRAT: PXM 0 -> APIC 0xca -> Node 0
Sep 14 17:35:55 cu-cs-vm kernel: [    0.000000] SRAT: PXM 0 -> APIC 0xcc -> Node 0
Sep 14 17:35:55 cu-cs-vm kernel: [    0.000000] SRAT: PXM 0 -> APIC 0xce -> Node 0
Sep 14 17:35:55 cu-cs-vm kernel: [    0.000000] SRAT: PXM 0 -> APIC 0xd0 -> Node 0
Sep 14 17:35:55 cu-cs-vm kernel: [    0.000000] SRAT: PXM 0 -> APIC 0xd2 -> Node 0
Sep 14 17:35:55 cu-cs-vm kernel: [    0.000000] SRAT: PXM 0 -> APIC 0xd4 -> Node 0
Sep 14 17:35:55 cu-cs-vm kernel: [    0.000000] SRAT: PXM 0 -> APIC 0xd6 -> Node 0
Sep 14 17:35:55 cu-cs-vm kernel: [    0.000000] SRAT: PXM 0 -> APIC 0xd8 -> Node 0
Sep 14 17:35:55 cu-cs-vm kernel: [    0.000000] SRAT: PXM 0 -> APIC 0xda -> Node 0
Sep 14 17:35:55 cu-cs-vm kernel: [    0.000000] SRAT: PXM 0 -> APIC 0xdc -> Node 0
Sep 14 17:35:55 cu-cs-vm kernel: [    0.000000] SRAT: PXM 0 -> APIC 0xde -> Node 0
Sep 14 17:35:55 cu-cs-vm kernel: [    0.000000] SRAT: PXM 0 -> APIC 0xe0 -> Node 0
Sep 14 17:35:55 cu-cs-vm kernel: [    0.000000] SRAT: PXM 0 -> APIC 0xe2 -> Node 0
Sep 14 17:35:55 cu-cs-vm kernel: [    0.000000] SRAT: PXM 0 -> APIC 0xe4 -> Node 0
Sep 14 17:35:55 cu-cs-vm kernel: [    0.000000] SRAT: PXM 0 -> APIC 0xe6 -> Node 0
Sep 14 17:35:55 cu-cs-vm kernel: [    0.000000] SRAT: PXM 0 -> APIC 0xe8 -> Node 0
Sep 14 17:35:55 cu-cs-vm kernel: [    0.000000] SRAT: PXM 0 -> APIC 0xea -> Node 0
Sep 14 17:35:55 cu-cs-vm kernel: [    0.000000] SRAT: PXM 0 -> APIC 0xec -> Node 0
Sep 14 17:35:55 cu-cs-vm kernel: [    0.000000] SRAT: PXM 0 -> APIC 0xee -> Node 0
Sep 14 17:35:55 cu-cs-vm kernel: [    0.000000] SRAT: PXM 0 -> APIC 0xf0 -> Node 0
Sep 14 17:35:55 cu-cs-vm kernel: [    0.000000] SRAT: PXM 0 -> APIC 0xf2 -> Node 0
Sep 14 17:35:55 cu-cs-vm kernel: [    0.000000] SRAT: PXM 0 -> APIC 0xf4 -> Node 0
Sep 14 17:35:55 cu-cs-vm kernel: [    0.000000] SRAT: PXM 0 -> APIC 0xf6 -> Node 0
Sep 14 17:35:55 cu-cs-vm kernel: [    0.000000] SRAT: PXM 0 -> APIC 0xf8 -> Node 0
Sep 14 17:35:55 cu-cs-vm kernel: [    0.000000] SRAT: PXM 0 -> APIC 0xfa -> Node 0
Sep 14 17:35:55 cu-cs-vm kernel: [    0.000000] SRAT: PXM 0 -> APIC 0xfc -> Node 0
Sep 14 17:35:55 cu-cs-vm kernel: [    0.000000] SRAT: PXM 0 -> APIC 0xfe -> Node 0
Sep 14 17:35:55 cu-cs-vm kernel: [    0.000000] ACPI: SRAT: Node 0 PXM 0 [mem 0x00000000-0x0009ffff]
Sep 14 17:35:55 cu-cs-vm kernel: [    0.000000] ACPI: SRAT: Node 0 PXM 0 [mem 0x00100000-0x7fffffff]
Sep 14 17:35:55 cu-cs-vm kernel: [    0.000000] ACPI: SRAT: Node 0 PXM 0 [mem 0x80000000-0xbfffffff] hotplug
Sep 14 17:35:55 cu-cs-vm kernel: [    0.000000] ACPI: SRAT: Node 0 PXM 0 [mem 0x100000000-0x83fffffff] hotplug
Sep 14 17:35:55 cu-cs-vm kernel: [    0.000000] NUMA: Node 0 [mem 0x00000000-0x0009ffff] + [mem 0x00100000-0x7fffffff] -> [mem 0x00000000-0x7fffffff]
Sep 14 17:35:55 cu-cs-vm kernel: [    0.000000] NODE_DATA(0) allocated [mem 0x7ffd5000-0x7fffffff]
Sep 14 17:35:55 cu-cs-vm kernel: [    0.000000] Reserving 128MB of memory at 672MB for crashkernel (System RAM: 2047MB)
Sep 14 17:35:55 cu-cs-vm kernel: [    0.000000] Zone ranges:
Sep 14 17:35:55 cu-cs-vm kernel: [    0.000000]   DMA      [mem 0x0000000000001000-0x0000000000ffffff]
Sep 14 17:35:55 cu-cs-vm kernel: [    0.000000]   DMA32    [mem 0x0000000001000000-0x000000007fffffff]
Sep 14 17:35:55 cu-cs-vm kernel: [    0.000000]   Normal   empty
Sep 14 17:35:55 cu-cs-vm kernel: [    0.000000]   Device   empty
Sep 14 17:35:55 cu-cs-vm kernel: [    0.000000] Movable zone start for each node
Sep 14 17:35:55 cu-cs-vm kernel: [    0.000000] Early memory node ranges
Sep 14 17:35:55 cu-cs-vm kernel: [    0.000000]   node   0: [mem 0x0000000000001000-0x000000000009dfff]
Sep 14 17:35:55 cu-cs-vm kernel: [    0.000000]   node   0: [mem 0x0000000000100000-0x000000007fedffff]
Sep 14 17:35:55 cu-cs-vm kernel: [    0.000000]   node   0: [mem 0x000000007ff00000-0x000000007fffffff]
Sep 14 17:35:55 cu-cs-vm kernel: [    0.000000] Initmem setup node 0 [mem 0x0000000000001000-0x000000007fffffff]
Sep 14 17:35:55 cu-cs-vm kernel: [    0.000000] On node 0 totalpages: 524157
Sep 14 17:35:55 cu-cs-vm kernel: [    0.000000]   DMA zone: 64 pages used for memmap
Sep 14 17:35:55 cu-cs-vm kernel: [    0.000000]   DMA zone: 21 pages reserved
Sep 14 17:35:55 cu-cs-vm kernel: [    0.000000]   DMA zone: 3997 pages, LIFO batch:0
Sep 14 17:35:55 cu-cs-vm kernel: [    0.000000]   DMA32 zone: 8128 pages used for memmap
Sep 14 17:35:55 cu-cs-vm kernel: [    0.000000]   DMA32 zone: 520160 pages, LIFO batch:31
Sep 14 17:35:55 cu-cs-vm kernel: [    0.000000] ACPI: PM-Timer IO Port: 0x1008
Sep 14 17:35:55 cu-cs-vm kernel: [    0.000000] ACPI: Local APIC address 0xfee00000
Sep 14 17:35:55 cu-cs-vm kernel: [    0.000000] system APIC only can use physical flat
Sep 14 17:35:55 cu-cs-vm kernel: [    0.000000] ACPI: LAPIC_NMI (acpi_id[0x00] high edge lint[0x1])
Sep 14 17:35:55 cu-cs-vm kernel: [    0.000000] ACPI: LAPIC_NMI (acpi_id[0x01] high edge lint[0x1])
Sep 14 17:35:55 cu-cs-vm kernel: [    0.000000] ACPI: LAPIC_NMI (acpi_id[0x02] high edge lint[0x1])
Sep 14 17:35:55 cu-cs-vm kernel: [    0.000000] ACPI: LAPIC_NMI (acpi_id[0x03] high edge lint[0x1])
Sep 14 17:35:55 cu-cs-vm kernel: [    0.000000] ACPI: LAPIC_NMI (acpi_id[0x04] high edge lint[0x1])
Sep 14 17:35:55 cu-cs-vm kernel: [    0.000000] ACPI: LAPIC_NMI (acpi_id[0x05] high edge lint[0x1])
Sep 14 17:35:55 cu-cs-vm kernel: [    0.000000] ACPI: LAPIC_NMI (acpi_id[0x06] high edge lint[0x1])
Sep 14 17:35:55 cu-cs-vm kernel: [    0.000000] ACPI: LAPIC_NMI (acpi_id[0x07] high edge lint[0x1])
Sep 14 17:35:55 cu-cs-vm kernel: [    0.000000] ACPI: LAPIC_NMI (acpi_id[0x08] high edge lint[0x1])
Sep 14 17:35:55 cu-cs-vm kernel: [    0.000000] ACPI: LAPIC_NMI (acpi_id[0x09] high edge lint[0x1])
Sep 14 17:35:55 cu-cs-vm kernel: [    0.000000] ACPI: LAPIC_NMI (acpi_id[0x0a] high edge lint[0x1])
Sep 14 17:35:55 cu-cs-vm kernel: [    0.000000] ACPI: LAPIC_NMI (acpi_id[0x0b] high edge lint[0x1])
Sep 14 17:35:55 cu-cs-vm kernel: [    0.000000] ACPI: LAPIC_NMI (acpi_id[0x0c] high edge lint[0x1])
Sep 14 17:35:55 cu-cs-vm kernel: [    0.000000] ACPI: LAPIC_NMI (acpi_id[0x0d] high edge lint[0x1])
Sep 14 17:35:55 cu-cs-vm kernel: [    0.000000] ACPI: LAPIC_NMI (acpi_id[0x0e] high edge lint[0x1])
Sep 14 17:35:55 cu-cs-vm kernel: [    0.000000] ACPI: LAPIC_NMI (acpi_id[0x0f] high edge lint[0x1])
Sep 14 17:35:55 cu-cs-vm kernel: [    0.000000] ACPI: LAPIC_NMI (acpi_id[0x10] high edge lint[0x1])
Sep 14 17:35:55 cu-cs-vm kernel: [    0.000000] ACPI: LAPIC_NMI (acpi_id[0x11] high edge lint[0x1])
Sep 14 17:35:55 cu-cs-vm kernel: [    0.000000] ACPI: LAPIC_NMI (acpi_id[0x12] high edge lint[0x1])
Sep 14 17:35:55 cu-cs-vm kernel: [    0.000000] ACPI: LAPIC_NMI (acpi_id[0x13] high edge lint[0x1])
Sep 14 17:35:55 cu-cs-vm kernel: [    0.000000] ACPI: LAPIC_NMI (acpi_id[0x14] high edge lint[0x1])
Sep 14 17:35:55 cu-cs-vm kernel: [    0.000000] ACPI: LAPIC_NMI (acpi_id[0x15] high edge lint[0x1])
Sep 14 17:35:55 cu-cs-vm kernel: [    0.000000] ACPI: LAPIC_NMI (acpi_id[0x16] high edge lint[0x1])
Sep 14 17:35:55 cu-cs-vm kernel: [    0.000000] ACPI: LAPIC_NMI (acpi_id[0x17] high edge lint[0x1])
Sep 14 17:35:55 cu-cs-vm kernel: [    0.000000] ACPI: LAPIC_NMI (acpi_id[0x18] high edge lint[0x1])
Sep 14 17:35:55 cu-cs-vm kernel: [    0.000000] ACPI: LAPIC_NMI (acpi_id[0x19] high edge lint[0x1])
Sep 14 17:35:55 cu-cs-vm kernel: [    0.000000] ACPI: LAPIC_NMI (acpi_id[0x1a] high edge lint[0x1])
Sep 14 17:35:55 cu-cs-vm kernel: [    0.000000] ACPI: LAPIC_NMI (acpi_id[0x1b] high edge lint[0x1])
Sep 14 17:35:55 cu-cs-vm kernel: [    0.000000] ACPI: LAPIC_NMI (acpi_id[0x1c] high edge lint[0x1])
Sep 14 17:35:55 cu-cs-vm kernel: [    0.000000] ACPI: LAPIC_NMI (acpi_id[0x1d] high edge lint[0x1])
Sep 14 17:35:55 cu-cs-vm kernel: [    0.000000] ACPI: LAPIC_NMI (acpi_id[0x1e] high edge lint[0x1])
Sep 14 17:35:55 cu-cs-vm kernel: [    0.000000] ACPI: LAPIC_NMI (acpi_id[0x1f] high edge lint[0x1])
Sep 14 17:35:55 cu-cs-vm kernel: [    0.000000] ACPI: LAPIC_NMI (acpi_id[0x20] high edge lint[0x1])
Sep 14 17:35:55 cu-cs-vm kernel: [    0.000000] ACPI: LAPIC_NMI (acpi_id[0x21] high edge lint[0x1])
Sep 14 17:35:55 cu-cs-vm kernel: [    0.000000] ACPI: LAPIC_NMI (acpi_id[0x22] high edge lint[0x1])
Sep 14 17:35:55 cu-cs-vm kernel: [    0.000000] ACPI: LAPIC_NMI (acpi_id[0x23] high edge lint[0x1])
Sep 14 17:35:55 cu-cs-vm kernel: [    0.000000] ACPI: LAPIC_NMI (acpi_id[0x24] high edge lint[0x1])
Sep 14 17:35:55 cu-cs-vm kernel: [    0.000000] ACPI: LAPIC_NMI (acpi_id[0x25] high edge lint[0x1])
Sep 14 17:35:55 cu-cs-vm kernel: [    0.000000] ACPI: LAPIC_NMI (acpi_id[0x26] high edge lint[0x1])
Sep 14 17:35:55 cu-cs-vm kernel: [    0.000000] ACPI: LAPIC_NMI (acpi_id[0x27] high edge lint[0x1])
Sep 14 17:35:55 cu-cs-vm kernel: [    0.000000] ACPI: LAPIC_NMI (acpi_id[0x28] high edge lint[0x1])
Sep 14 17:35:55 cu-cs-vm kernel: [    0.000000] ACPI: LAPIC_NMI (acpi_id[0x29] high edge lint[0x1])
Sep 14 17:35:55 cu-cs-vm kernel: [    0.000000] ACPI: LAPIC_NMI (acpi_id[0x2a] high edge lint[0x1])
Sep 14 17:35:55 cu-cs-vm kernel: [    0.000000] ACPI: LAPIC_NMI (acpi_id[0x2b] high edge lint[0x1])
Sep 14 17:35:55 cu-cs-vm kernel: [    0.000000] ACPI: LAPIC_NMI (acpi_id[0x2c] high edge lint[0x1])
Sep 14 17:35:55 cu-cs-vm kernel: [    0.000000] ACPI: LAPIC_NMI (acpi_id[0x2d] high edge lint[0x1])
Sep 14 17:35:55 cu-cs-vm kernel: [    0.000000] ACPI: LAPIC_NMI (acpi_id[0x2e] high edge lint[0x1])
Sep 14 17:35:55 cu-cs-vm kernel: [    0.000000] ACPI: LAPIC_NMI (acpi_id[0x2f] high edge lint[0x1])
Sep 14 17:35:55 cu-cs-vm kernel: [    0.000000] ACPI: LAPIC_NMI (acpi_id[0x30] high edge lint[0x1])
Sep 14 17:35:55 cu-cs-vm kernel: [    0.000000] ACPI: LAPIC_NMI (acpi_id[0x31] high edge lint[0x1])
Sep 14 17:35:55 cu-cs-vm kernel: [    0.000000] ACPI: LAPIC_NMI (acpi_id[0x32] high edge lint[0x1])
Sep 14 17:35:55 cu-cs-vm kernel: [    0.000000] ACPI: LAPIC_NMI (acpi_id[0x33] high edge lint[0x1])
Sep 14 17:35:55 cu-cs-vm kernel: [    0.000000] ACPI: LAPIC_NMI (acpi_id[0x34] high edge lint[0x1])
Sep 14 17:35:55 cu-cs-vm kernel: [    0.000000] ACPI: LAPIC_NMI (acpi_id[0x35] high edge lint[0x1])
Sep 14 17:35:55 cu-cs-vm kernel: [    0.000000] ACPI: LAPIC_NMI (acpi_id[0x36] high edge lint[0x1])
Sep 14 17:35:55 cu-cs-vm kernel: [    0.000000] ACPI: LAPIC_NMI (acpi_id[0x37] high edge lint[0x1])
Sep 14 17:35:55 cu-cs-vm kernel: [    0.000000] ACPI: LAPIC_NMI (acpi_id[0x38] high edge lint[0x1])
Sep 14 17:35:55 cu-cs-vm kernel: [    0.000000] ACPI: LAPIC_NMI (acpi_id[0x39] high edge lint[0x1])
Sep 14 17:35:55 cu-cs-vm kernel: [    0.000000] ACPI: LAPIC_NMI (acpi_id[0x3a] high edge lint[0x1])
Sep 14 17:35:55 cu-cs-vm kernel: [    0.000000] ACPI: LAPIC_NMI (acpi_id[0x3b] high edge lint[0x1])
Sep 14 17:35:55 cu-cs-vm kernel: [    0.000000] ACPI: LAPIC_NMI (acpi_id[0x3c] high edge lint[0x1])
Sep 14 17:35:55 cu-cs-vm kernel: [    0.000000] ACPI: LAPIC_NMI (acpi_id[0x3d] high edge lint[0x1])
Sep 14 17:35:55 cu-cs-vm kernel: [    0.000000] ACPI: LAPIC_NMI (acpi_id[0x3e] high edge lint[0x1])
Sep 14 17:35:55 cu-cs-vm kernel: [    0.000000] ACPI: LAPIC_NMI (acpi_id[0x3f] high edge lint[0x1])
Sep 14 17:35:55 cu-cs-vm kernel: [    0.000000] ACPI: LAPIC_NMI (acpi_id[0x40] high edge lint[0x1])
Sep 14 17:35:55 cu-cs-vm kernel: [    0.000000] ACPI: LAPIC_NMI (acpi_id[0x41] high edge lint[0x1])
Sep 14 17:35:55 cu-cs-vm kernel: [    0.000000] ACPI: LAPIC_NMI (acpi_id[0x42] high edge lint[0x1])
Sep 14 17:35:55 cu-cs-vm kernel: [    0.000000] ACPI: LAPIC_NMI (acpi_id[0x43] high edge lint[0x1])
Sep 14 17:35:55 cu-cs-vm kernel: [    0.000000] ACPI: LAPIC_NMI (acpi_id[0x44] high edge lint[0x1])
Sep 14 17:35:55 cu-cs-vm kernel: [    0.000000] ACPI: LAPIC_NMI (acpi_id[0x45] high edge lint[0x1])
Sep 14 17:35:55 cu-cs-vm kernel: [    0.000000] ACPI: LAPIC_NMI (acpi_id[0x46] high edge lint[0x1])
Sep 14 17:35:55 cu-cs-vm kernel: [    0.000000] ACPI: LAPIC_NMI (acpi_id[0x47] high edge lint[0x1])
Sep 14 17:35:55 cu-cs-vm kernel: [    0.000000] ACPI: LAPIC_NMI (acpi_id[0x48] high edge lint[0x1])
Sep 14 17:35:55 cu-cs-vm kernel: [    0.000000] ACPI: LAPIC_NMI (acpi_id[0x49] high edge lint[0x1])
Sep 14 17:35:55 cu-cs-vm kernel: [    0.000000] ACPI: LAPIC_NMI (acpi_id[0x4a] high edge lint[0x1])
Sep 14 17:35:55 cu-cs-vm kernel: [    0.000000] ACPI: LAPIC_NMI (acpi_id[0x4b] high edge lint[0x1])
Sep 14 17:35:55 cu-cs-vm kernel: [    0.000000] ACPI: LAPIC_NMI (acpi_id[0x4c] high edge lint[0x1])
Sep 14 17:35:55 cu-cs-vm kernel: [    0.000000] ACPI: LAPIC_NMI (acpi_id[0x4d] high edge lint[0x1])
Sep 14 17:35:55 cu-cs-vm kernel: [    0.000000] ACPI: LAPIC_NMI (acpi_id[0x4e] high edge lint[0x1])
Sep 14 17:35:55 cu-cs-vm kernel: [    0.000000] ACPI: LAPIC_NMI (acpi_id[0x4f] high edge lint[0x1])
Sep 14 17:35:55 cu-cs-vm kernel: [    0.000000] ACPI: LAPIC_NMI (acpi_id[0x50] high edge lint[0x1])
Sep 14 17:35:55 cu-cs-vm kernel: [    0.000000] ACPI: LAPIC_NMI (acpi_id[0x51] high edge lint[0x1])
Sep 14 17:35:55 cu-cs-vm kernel: [    0.000000] ACPI: LAPIC_NMI (acpi_id[0x52] high edge lint[0x1])
Sep 14 17:35:55 cu-cs-vm kernel: [    0.000000] ACPI: LAPIC_NMI (acpi_id[0x53] high edge lint[0x1])
Sep 14 17:35:55 cu-cs-vm kernel: [    0.000000] ACPI: LAPIC_NMI (acpi_id[0x54] high edge lint[0x1])
Sep 14 17:35:55 cu-cs-vm kernel: [    0.000000] ACPI: LAPIC_NMI (acpi_id[0x55] high edge lint[0x1])
Sep 14 17:35:55 cu-cs-vm kernel: [    0.000000] ACPI: LAPIC_NMI (acpi_id[0x56] high edge lint[0x1])
Sep 14 17:35:55 cu-cs-vm kernel: [    0.000000] ACPI: LAPIC_NMI (acpi_id[0x57] high edge lint[0x1])
Sep 14 17:35:55 cu-cs-vm kernel: [    0.000000] ACPI: LAPIC_NMI (acpi_id[0x58] high edge lint[0x1])
Sep 14 17:35:55 cu-cs-vm kernel: [    0.000000] ACPI: LAPIC_NMI (acpi_id[0x59] high edge lint[0x1])
Sep 14 17:35:55 cu-cs-vm kernel: [    0.000000] ACPI: LAPIC_NMI (acpi_id[0x5a] high edge lint[0x1])
Sep 14 17:35:55 cu-cs-vm kernel: [    0.000000] ACPI: LAPIC_NMI (acpi_id[0x5b] high edge lint[0x1])
Sep 14 17:35:55 cu-cs-vm kernel: [    0.000000] ACPI: LAPIC_NMI (acpi_id[0x5c] high edge lint[0x1])
Sep 14 17:35:55 cu-cs-vm kernel: [    0.000000] ACPI: LAPIC_NMI (acpi_id[0x5d] high edge lint[0x1])
Sep 14 17:35:55 cu-cs-vm kernel: [    0.000000] ACPI: LAPIC_NMI (acpi_id[0x5e] high edge lint[0x1])
Sep 14 17:35:55 cu-cs-vm kernel: [    0.000000] ACPI: LAPIC_NMI (acpi_id[0x5f] high edge lint[0x1])
Sep 14 17:35:55 cu-cs-vm kernel: [    0.000000] ACPI: LAPIC_NMI (acpi_id[0x60] high edge lint[0x1])
Sep 14 17:35:55 cu-cs-vm kernel: [    0.000000] ACPI: LAPIC_NMI (acpi_id[0x61] high edge lint[0x1])
Sep 14 17:35:55 cu-cs-vm kernel: [    0.000000] ACPI: LAPIC_NMI (acpi_id[0x62] high edge lint[0x1])
Sep 14 17:35:55 cu-cs-vm kernel: [    0.000000] ACPI: LAPIC_NMI (acpi_id[0x63] high edge lint[0x1])
Sep 14 17:35:55 cu-cs-vm kernel: [    0.000000] ACPI: LAPIC_NMI (acpi_id[0x64] high edge lint[0x1])
Sep 14 17:35:55 cu-cs-vm kernel: [    0.000000] ACPI: LAPIC_NMI (acpi_id[0x65] high edge lint[0x1])
Sep 14 17:35:55 cu-cs-vm kernel: [    0.000000] ACPI: LAPIC_NMI (acpi_id[0x66] high edge lint[0x1])
Sep 14 17:35:55 cu-cs-vm kernel: [    0.000000] ACPI: LAPIC_NMI (acpi_id[0x67] high edge lint[0x1])
Sep 14 17:35:55 cu-cs-vm kernel: [    0.000000] ACPI: LAPIC_NMI (acpi_id[0x68] high edge lint[0x1])
Sep 14 17:35:55 cu-cs-vm rsyslogd-2222: command 'KLogPermitNonKernelFacility' is currently not permitted - did you already set it via a RainerScript command (v6+ config)? [v8.16.0 try http://www.rsyslog.com/e/2222 ]
Sep 14 17:35:55 cu-cs-vm rsyslogd: rsyslogd's groupid changed to 108
Sep 14 17:35:55 cu-cs-vm rsyslogd: rsyslogd's userid changed to 104
Sep 14 17:35:55 cu-cs-vm systemd-modules-load[1727]: Inserted module 'lp'
Sep 14 17:35:55 cu-cs-vm systemd-modules-load[1727]: Inserted module 'ppdev'
Sep 14 17:35:55 cu-cs-vm systemd-modules-load[1727]: Inserted module 'parport_pc'
Sep 14 17:35:55 cu-cs-vm systemd[1]: Started udev Kernel Device Manager.
Sep 14 17:35:55 cu-cs-vm systemd[1]: Starting Remount Root and Kernel File Systems...
Sep 14 17:35:55 cu-cs-vm systemd-udevd[1778]: Process '/bin/sh -c 'echo 180 >/sys$DEVPATH/timeout'' failed with exit code 2.
Sep 14 17:35:55 cu-cs-vm loadkeys[1729]: Loading /etc/console-setup/cached.kmap.gz
Sep 14 17:35:55 cu-cs-vm systemd-udevd[1781]: Process '/bin/sh -c 'echo 180 >/sys$DEVPATH/timeout'' failed with exit code 2.
Sep 14 17:35:55 cu-cs-vm systemd-udevd[1783]: Process '/bin/sh -c 'echo 180 >/sys$DEVPATH/timeout'' failed with exit code 2.
Sep 14 17:35:55 cu-cs-vm systemd-udevd[1778]: Process '/bin/sh -c 'echo 180 >/sys$DEVPATH/timeout'' failed with exit code 2.
Sep 14 17:35:55 cu-cs-vm systemd-udevd[1786]: Process '/bin/sh -c 'echo 180 >/sys$DEVPATH/timeout'' failed with exit code 2.
Sep 14 17:35:55 cu-cs-vm systemd-udevd[1784]: Process '/bin/sh -c 'echo 180 >/sys$DEVPATH/timeout'' failed with exit code 2.
Sep 14 17:35:55 cu-cs-vm systemd-udevd[1790]: Process '/bin/sh -c 'echo 180 >/sys$DEVPATH/timeout'' failed with exit code 2.
Sep 14 17:35:55 cu-cs-vm systemd-udevd[1788]: Process '/bin/sh -c 'echo 180 >/sys$DEVPATH/timeout'' failed with exit code 2.
Sep 14 17:35:55 cu-cs-vm systemd-udevd[1788]: Process '/bin/sh -c 'echo 180 >/sys$DEVPATH/timeout'' failed with exit code 2.
Sep 14 17:35:55 cu-cs-vm systemd-udevd[1780]: Process '/bin/sh -c 'echo 180 >/sys$DEVPATH/timeout'' failed with exit code 2.
Sep 14 17:35:55 cu-cs-vm systemd-udevd[1799]: Process '/bin/sh -c 'echo 180 >/sys$DEVPATH/timeout'' failed with exit code 2.
Sep 14 17:35:55 cu-cs-vm systemd-udevd[1780]: Process '/bin/sh -c 'echo 180 >/sys$DEVPATH/timeout'' failed with exit code 2.
Sep 14 17:35:55 cu-cs-vm systemd-udevd[1780]: message repeated 2 times: [ Process '/bin/sh -c 'echo 180 >/sys$DEVPATH/timeout'' failed with exit code 2.]
Sep 14 17:35:55 cu-cs-vm systemd[1]: Started Remount Root and Kernel File Systems.
Sep 14 17:35:55 cu-cs-vm systemd[1]: Starting Load/Save Random Seed...
Sep 14 17:35:55 cu-cs-vm systemd[1]: Reached target Local File Systems (Pre).
Sep 14 17:35:55 cu-cs-vm systemd-udevd[1783]: Process '/bin/sh -c 'echo 180 >/sys$DEVPATH/timeout'' failed with exit code 2.
Sep 14 17:35:55 cu-cs-vm systemd-udevd[1791]: Process '/bin/sh -c 'echo 180 >/sys$DEVPATH/timeout'' failed with exit code 2.
Sep 14 17:35:55 cu-cs-vm systemd[1]: Starting udev Coldplug all Devices...
Sep 14 17:35:55 cu-cs-vm systemd-udevd[1781]: Process '/bin/sh -c 'echo 180 >/sys$DEVPATH/timeout'' failed with exit code 2.
Sep 14 17:35:55 cu-cs-vm systemd[1]: Starting Flush Journal to Persistent Storage...
Sep 14 17:35:55 cu-cs-vm systemd[1]: Started Load/Save Random Seed.
Sep 14 17:35:55 cu-cs-vm systemd[1]: Started Flush Journal to Persistent Storage.
Sep 14 17:35:55 cu-cs-vm systemd-udevd[1818]: Process '/bin/sh -c 'echo 180 >/sys$DEVPATH/timeout'' failed with exit code 2.
Sep 14 17:35:55 cu-cs-vm systemd-udevd[1820]: Process '/bin/sh -c 'echo 180 >/sys$DEVPATH/timeout'' failed with exit code 2.
Sep 14 17:35:55 cu-cs-vm systemd-udevd[1821]: Process '/bin/sh -c 'echo 180 >/sys$DEVPATH/timeout'' failed with exit code 2.
Sep 14 17:35:55 cu-cs-vm systemd-udevd[1820]: Process '/bin/sh -c 'echo 180 >/sys$DEVPATH/timeout'' failed with exit code 2.
Sep 14 17:35:55 cu-cs-vm systemd-udevd[1827]: Process '/bin/sh -c 'echo 180 >/sys$DEVPATH/timeout'' failed with exit code 2.
Sep 14 17:35:55 cu-cs-vm systemd-udevd[1830]: Process '/bin/sh -c 'echo 180 >/sys$DEVPATH/timeout'' failed with exit code 2.
Sep 14 17:35:55 cu-cs-vm systemd-udevd[1836]: Process '/bin/sh -c 'echo 180 >/sys$DEVPATH/timeout'' failed with exit code 2.
Sep 14 17:35:55 cu-cs-vm systemd-udevd[1820]: Process '/bin/sh -c 'echo 180 >/sys$DEVPATH/timeout'' failed with exit code 2.
Sep 14 17:35:55 cu-cs-vm systemd-udevd[1832]: Process '/bin/sh -c 'echo 180 >/sys$DEVPATH/timeout'' failed with exit code 2.
Sep 14 17:35:55 cu-cs-vm systemd-udevd[1834]: Process '/bin/sh -c 'echo 180 >/sys$DEVPATH/timeout'' failed with exit code 2.
Sep 14 17:35:55 cu-cs-vm systemd-udevd[1833]: Process '/bin/sh -c 'echo 180 >/sys$DEVPATH/timeout'' failed with exit code 2.
Sep 14 17:35:55 cu-cs-vm systemd-udevd[1833]: Process '/bin/sh -c 'echo 180 >/sys$DEVPATH/timeout'' failed with exit code 2.
Sep 14 17:35:55 cu-cs-vm systemd-udevd[1821]: Process '/bin/sh -c 'echo 180 >/sys$DEVPATH/timeout'' failed with exit code 2.
Sep 14 17:35:55 cu-cs-vm systemd-udevd[1836]: Process '/bin/sh -c 'echo 180 >/sys$DEVPATH/timeout'' failed with exit code 2.
Sep 14 17:35:55 cu-cs-vm systemd-udevd[1834]: Process '/bin/sh -c 'echo 180 >/sys$DEVPATH/timeout'' failed with exit code 2.
Sep 14 17:35:55 cu-cs-vm systemd-udevd[1832]: Process '/bin/sh -c 'echo 180 >/sys$DEVPATH/timeout'' failed with exit code 2.
Sep 14 17:35:55 cu-cs-vm systemd-udevd[1835]: Process '/bin/sh -c 'echo 180 >/sys$DEVPATH/timeout'' failed with exit code 2.
Sep 14 17:35:55 cu-cs-vm systemd-udevd[1820]: Process '/bin/sh -c 'echo 180 >/sys$DEVPATH/timeout'' failed with exit code 2.
Sep 14 17:35:55 cu-cs-vm systemd-udevd[1836]: Process '/bin/sh -c 'echo 180 >/sys$DEVPATH/timeout'' failed with exit code 2.
Sep 14 17:35:55 cu-cs-vm systemd-udevd[1821]: Process '/bin/sh -c 'echo 180 >/sys$DEVPATH/timeout'' failed with exit code 2.
Sep 14 17:35:55 cu-cs-vm systemd-udevd[1834]: Process '/bin/sh -c 'echo 180 >/sys$DEVPATH/timeout'' failed with exit code 2.
Sep 14 17:35:55 cu-cs-vm systemd-udevd[1833]: Process '/bin/sh -c 'echo 180 >/sys$DEVPATH/timeout'' failed with exit code 2.
Sep 14 17:35:55 cu-cs-vm systemd-udevd[1825]: Process '/bin/sh -c 'echo 180 >/sys$DEVPATH/timeout'' failed with exit code 2.
Sep 14 17:35:55 cu-cs-vm systemd-udevd[1827]: Process '/bin/sh -c 'echo 180 >/sys$DEVPATH/timeout'' failed with exit code 2.
Sep 14 17:35:55 cu-cs-vm systemd-udevd[1818]: Process '/bin/sh -c 'echo 180 >/sys$DEVPATH/timeout'' failed with exit code 2.
Sep 14 17:35:55 cu-cs-vm systemd-udevd[1830]: Process '/bin/sh -c 'echo 180 >/sys$DEVPATH/timeout'' failed with exit code 2.
Sep 14 17:35:55 cu-cs-vm systemd-udevd[1832]: Process '/bin/sh -c 'echo 180 >/sys$DEVPATH/timeout'' failed with exit code 2.
Sep 14 17:35:55 cu-cs-vm systemd-udevd[1823]: Process '/bin/sh -c 'echo 180 >/sys$DEVPATH/timeout'' failed with exit code 2.
Sep 14 17:35:55 cu-cs-vm systemd-udevd[1834]: Process '/bin/sh -c 'echo 180 >/sys$DEVPATH/timeout'' failed with exit code 2.
Sep 14 17:35:55 cu-cs-vm systemd-udevd[1836]: Process '/bin/sh -c 'echo 180 >/sys$DEVPATH/timeout'' failed with exit code 2.
Sep 14 17:35:55 cu-cs-vm systemd-udevd[1825]: Process '/bin/sh -c 'echo 180 >/sys$DEVPATH/timeout'' failed with exit code 2.
Sep 14 17:35:55 cu-cs-vm systemd-udevd[1821]: Process '/bin/sh -c 'echo 180 >/sys$DEVPATH/timeout'' failed with exit code 2.
Sep 14 17:35:55 cu-cs-vm systemd-udevd[1827]: Process '/bin/sh -c 'echo 180 >/sys$DEVPATH/timeout'' failed with exit code 2.
Sep 14 17:35:55 cu-cs-vm systemd-udevd[1832]: Process '/bin/sh -c 'echo 180 >/sys$DEVPATH/timeout'' failed with exit code 2.
Sep 14 17:35:55 cu-cs-vm systemd-udevd[1821]: Process '/bin/sh -c 'echo 180 >/sys$DEVPATH/timeout'' failed with exit code 2.
Sep 14 17:35:55 cu-cs-vm systemd-udevd[1820]: Process '/bin/sh -c 'echo 180 >/sys$DEVPATH/timeout'' failed with exit code 2.
Sep 14 17:35:55 cu-cs-vm systemd-udevd[1835]: Process '/bin/sh -c 'echo 180 >/sys$DEVPATH/timeout'' failed with exit code 2.
Sep 14 17:35:55 cu-cs-vm systemd-udevd[1833]: Process '/bin/sh -c 'echo 180 >/sys$DEVPATH/timeout'' failed with exit code 2.
Sep 14 17:35:55 cu-cs-vm systemd-udevd[1823]: Process '/bin/sh -c 'echo 180 >/sys$DEVPATH/timeout'' failed with exit code 2.
Sep 14 17:35:55 cu-cs-vm systemd-udevd[1834]: Process '/bin/sh -c 'echo 180 >/sys$DEVPATH/timeout'' failed with exit code 2.
Sep 14 17:35:55 cu-cs-vm systemd-udevd[1830]: Process '/bin/sh -c 'echo 180 >/sys$DEVPATH/timeout'' failed with exit code 2.
Sep 14 17:35:55 cu-cs-vm systemd-udevd[1818]: Process '/bin/sh -c 'echo 180 >/sys$DEVPATH/timeout'' failed with exit code 2.
Sep 14 17:35:55 cu-cs-vm systemd-udevd[1825]: Process '/bin/sh -c 'echo 180 >/sys$DEVPATH/timeout'' failed with exit code 2.
Sep 14 17:35:55 cu-cs-vm systemd-udevd[1836]: Process '/bin/sh -c 'echo 180 >/sys$DEVPATH/timeout'' failed with exit code 2.
Sep 14 17:35:55 cu-cs-vm systemd-udevd[1823]: Process '/bin/sh -c 'echo 180 >/sys$DEVPATH/timeout'' failed with exit code 2.
Sep 14 17:35:55 cu-cs-vm systemd-udevd[1835]: Process '/bin/sh -c 'echo 180 >/sys$DEVPATH/timeout'' failed with exit code 2.
Sep 14 17:35:55 cu-cs-vm systemd-udevd[1825]: Process '/bin/sh -c 'echo 180 >/sys$DEVPATH/timeout'' failed with exit code 2.
Sep 14 17:35:55 cu-cs-vm systemd-udevd[1827]: Process '/bin/sh -c 'echo 180 >/sys$DEVPATH/timeout'' failed with exit code 2.
Sep 14 17:35:55 cu-cs-vm systemd-udevd[1834]: Process '/bin/sh -c 'echo 180 >/sys$DEVPATH/timeout'' failed with exit code 2.
Sep 14 17:35:55 cu-cs-vm systemd-udevd[1825]: Process '/bin/sh -c 'echo 180 >/sys$DEVPATH/timeout'' failed with exit code 2.
Sep 14 17:35:55 cu-cs-vm systemd-udevd[1821]: Process '/bin/sh -c 'echo 180 >/sys$DEVPATH/timeout'' failed with exit code 2.
Sep 14 17:35:55 cu-cs-vm systemd-udevd[1833]: Process '/bin/sh -c 'echo 180 >/sys$DEVPATH/timeout'' failed with exit code 2.
Sep 14 17:35:55 cu-cs-vm systemd-udevd[1836]: Process '/bin/sh -c 'echo 180 >/sys$DEVPATH/timeout'' failed with exit code 2.
Sep 14 17:35:55 cu-cs-vm systemd-udevd[1820]: Process '/bin/sh -c 'echo 180 >/sys$DEVPATH/timeout'' failed with exit code 2.
Sep 14 17:35:55 cu-cs-vm systemd-udevd[1835]: Process '/bin/sh -c 'echo 180 >/sys$DEVPATH/timeout'' failed with exit code 2.
Sep 14 17:35:55 cu-cs-vm systemd-udevd[1830]: Process '/bin/sh -c 'echo 180 >/sys$DEVPATH/timeout'' failed with exit code 2.
Sep 14 17:35:55 cu-cs-vm rsyslogd-2039: Could not open output pipe '/dev/xconsole':: No such file or directory [v8.16.0 try http://www.rsyslog.com/e/2039 ]
Sep 14 17:35:55 cu-cs-vm systemd-udevd[1834]: Process '/bin/sh -c 'echo 180 >/sys$DEVPATH/timeout'' failed with exit code 2.
Sep 14 17:35:55 cu-cs-vm systemd-udevd[1827]: Process '/bin/sh -c 'echo 180 >/sys$DEVPATH/timeout'' failed with exit code 2.
Sep 14 17:35:55 cu-cs-vm systemd-udevd[1818]: Process '/bin/sh -c 'echo 180 >/sys$DEVPATH/timeout'' failed with exit code 2.
Sep 14 17:35:55 cu-cs-vm systemd-udevd[1833]: Process '/bin/sh -c 'echo 180 >/sys$DEVPATH/timeout'' failed with exit code 2.
Sep 14 17:35:55 cu-cs-vm rsyslogd-2007: action 'action 10' suspended, next retry is Thu Sep 14 17:36:25 2017 [v8.16.0 try http://www.rsyslog.com/e/2007 ]
Sep 14 17:35:55 cu-cs-vm systemd-udevd[1823]: Process '/bin/sh -c 'echo 180 >/sys$DEVPATH/timeout'' failed with exit code 2.
Sep 14 17:35:55 cu-cs-vm systemd-udevd[1832]: Process '/bin/sh -c 'echo 180 >/sys$DEVPATH/timeout'' failed with exit code 2.
Sep 14 17:35:55 cu-cs-vm systemd-udevd[1821]: Process '/bin/sh -c 'echo 180 >/sys$DEVPATH/timeout'' failed with exit code 2.
Sep 14 17:35:55 cu-cs-vm systemd-udevd[1830]: Process '/bin/sh -c 'echo 180 >/sys$DEVPATH/timeout'' failed with exit code 2.
Sep 14 17:35:55 cu-cs-vm systemd-udevd[1835]: Process '/bin/sh -c 'echo 180 >/sys$DEVPATH/timeout'' failed with exit code 2.
Sep 14 17:35:55 cu-cs-vm systemd-udevd[1834]: Process '/bin/sh -c 'echo 180 >/sys$DEVPATH/timeout'' failed with exit code 2.
Sep 14 17:35:55 cu-cs-vm systemd-udevd[1836]: Process '/bin/sh -c 'echo 180 >/sys$DEVPATH/timeout'' failed with exit code 2.
Sep 14 17:35:55 cu-cs-vm systemd-udevd[1833]: Process '/bin/sh -c 'echo 180 >/sys$DEVPATH/timeout'' failed with exit code 2.
Sep 14 17:35:55 cu-cs-vm systemd-udevd[1823]: Process '/bin/sh -c 'echo 180 >/sys$DEVPATH/timeout'' failed with exit code 2.
Sep 14 17:35:55 cu-cs-vm systemd-udevd[1818]: Process '/bin/sh -c 'echo 180 >/sys$DEVPATH/timeout'' failed with exit code 2.
Sep 14 17:35:55 cu-cs-vm systemd-udevd[1832]: Process '/bin/sh -c 'echo 180 >/sys$DEVPATH/timeout'' failed with exit code 2.
Sep 14 17:35:55 cu-cs-vm systemd-udevd[1827]: Process '/bin/sh -c 'echo 180 >/sys$DEVPATH/timeout'' failed with exit code 2.
Sep 14 17:35:55 cu-cs-vm systemd[1]: Started udev Coldplug all Devices.
Sep 14 17:35:55 cu-cs-vm systemd-udevd[1825]: Process '/bin/sh -c 'echo 180 >/sys$DEVPATH/timeout'' failed with exit code 2.
Sep 14 17:35:55 cu-cs-vm systemd[1]: Started Dispatch Password Requests to Console Directory Watch.
Sep 14 17:35:55 cu-cs-vm systemd-udevd[1820]: Process '/bin/sh -c 'echo 180 >/sys$DEVPATH/timeout'' failed with exit code 2.
Sep 14 17:35:55 cu-cs-vm systemd-udevd[1818]: Process '/bin/sh -c 'echo 180 >/sys$DEVPATH/timeout'' failed with exit code 2.
Sep 14 17:35:55 cu-cs-vm systemd-udevd[1830]: Process '/bin/sh -c 'echo 180 >/sys$DEVPATH/timeout'' failed with exit code 2.
Sep 14 17:35:55 cu-cs-vm systemd-udevd[1834]: Process '/bin/sh -c 'echo 180 >/sys$DEVPATH/timeout'' failed with exit code 2.
Sep 14 17:35:55 cu-cs-vm systemd-udevd[1821]: Process '/bin/sh -c 'echo 180 >/sys$DEVPATH/timeout'' failed with exit code 2.
Sep 14 17:35:55 cu-cs-vm systemd-udevd[1836]: Process '/bin/sh -c 'echo 180 >/sys$DEVPATH/timeout'' failed with exit code 2.
Sep 14 17:35:55 cu-cs-vm systemd-udevd[1832]: Process '/bin/sh -c 'echo 180 >/sys$DEVPATH/timeout'' failed with exit code 2.
Sep 14 17:35:55 cu-cs-vm systemd-udevd[1827]: Process '/bin/sh -c 'echo 180 >/sys$DEVPATH/timeout'' failed with exit code 2.
Sep 14 17:35:55 cu-cs-vm systemd-udevd[1835]: Process '/bin/sh -c 'echo 180 >/sys$DEVPATH/timeout'' failed with exit code 2.
Sep 14 17:35:55 cu-cs-vm systemd-udevd[1823]: Process '/bin/sh -c 'echo 180 >/sys$DEVPATH/timeout'' failed with exit code 2.
Sep 14 17:35:55 cu-cs-vm systemd-udevd[1818]: Process '/bin/sh -c 'echo 180 >/sys$DEVPATH/timeout'' failed with exit code 2.
Sep 14 17:35:55 cu-cs-vm systemd-udevd[1820]: Process '/bin/sh -c 'echo 180 >/sys$DEVPATH/timeout'' failed with exit code 2.
Sep 14 17:35:55 cu-cs-vm systemd-udevd[1834]: Process '/bin/sh -c 'echo 180 >/sys$DEVPATH/timeout'' failed with exit code 2.
Sep 14 17:35:55 cu-cs-vm systemd-udevd[1830]: Process '/bin/sh -c 'echo 180 >/sys$DEVPATH/timeout'' failed with exit code 2.
Sep 14 17:35:55 cu-cs-vm systemd-udevd[1825]: Process '/bin/sh -c 'echo 180 >/sys$DEVPATH/timeout'' failed with exit code 2.
Sep 14 17:35:55 cu-cs-vm systemd-udevd[1823]: Process '/bin/sh -c 'echo 180 >/sys$DEVPATH/timeout'' failed with exit code 2.
Sep 14 17:35:55 cu-cs-vm systemd-udevd[1818]: Process '/bin/sh -c 'echo 180 >/sys$DEVPATH/timeout'' failed with exit code 2.
Sep 14 17:35:55 cu-cs-vm systemd-udevd[1836]: Process '/bin/sh -c 'echo 180 >/sys$DEVPATH/timeout'' failed with exit code 2.
Sep 14 17:35:55 cu-cs-vm systemd-udevd[1821]: Process '/bin/sh -c 'echo 180 >/sys$DEVPATH/timeout'' failed with exit code 2.
Sep 14 17:35:55 cu-cs-vm systemd-udevd[1833]: Process '/bin/sh -c 'echo 180 >/sys$DEVPATH/timeout'' failed with exit code 2.
Sep 14 17:35:55 cu-cs-vm systemd-udevd[1827]: Process '/bin/sh -c 'echo 180 >/sys$DEVPATH/timeout'' failed with exit code 2.
Sep 14 17:35:55 cu-cs-vm systemd-udevd[1834]: Process '/bin/sh -c 'echo 180 >/sys$DEVPATH/timeout'' failed with exit code 2.
Sep 14 17:35:55 cu-cs-vm systemd-udevd[1835]: Process '/bin/sh -c 'echo 180 >/sys$DEVPATH/timeout'' failed with exit code 2.
Sep 14 17:35:55 cu-cs-vm systemd-udevd[1832]: Process '/bin/sh -c 'echo 180 >/sys$DEVPATH/timeout'' failed with exit code 2.
Sep 14 17:35:55 cu-cs-vm systemd-udevd[1820]: Process '/bin/sh -c 'echo 180 >/sys$DEVPATH/timeout'' failed with exit code 2.
Sep 14 17:35:55 cu-cs-vm systemd-udevd[1830]: Process '/bin/sh -c 'echo 180 >/sys$DEVPATH/timeout'' failed with exit code 2.
Sep 14 17:35:55 cu-cs-vm systemd-udevd[1823]: Process '/bin/sh -c 'echo 180 >/sys$DEVPATH/timeout'' failed with exit code 2.
Sep 14 17:35:55 cu-cs-vm systemd-udevd[1818]: Process '/bin/sh -c 'echo 180 >/sys$DEVPATH/timeout'' failed with exit code 2.
Sep 14 17:35:55 cu-cs-vm systemd-udevd[1821]: Process '/bin/sh -c 'echo 180 >/sys$DEVPATH/timeout'' failed with exit code 2.
Sep 14 17:35:55 cu-cs-vm kernel: [    0.000000] ACPI: LAPIC_NMI (acpi_id[0x69] high edge lint[0x1])
Sep 14 17:35:55 cu-cs-vm kernel: [    0.000000] ACPI: LAPIC_NMI (acpi_id[0x6a] high edge lint[0x1])
Sep 14 17:35:55 cu-cs-vm kernel: [    0.000000] ACPI: LAPIC_NMI (acpi_id[0x6b] high edge lint[0x1])
Sep 14 17:35:55 cu-cs-vm kernel: [    0.000000] ACPI: LAPIC_NMI (acpi_id[0x6c] high edge lint[0x1])
Sep 14 17:35:55 cu-cs-vm kernel: [    0.000000] ACPI: LAPIC_NMI (acpi_id[0x6d] high edge lint[0x1])
Sep 14 17:35:55 cu-cs-vm kernel: [    0.000000] ACPI: LAPIC_NMI (acpi_id[0x6e] high edge lint[0x1])
Sep 14 17:35:55 cu-cs-vm systemd-udevd[1825]: Process '/bin/sh -c 'echo 180 >/sys$DEVPATH/timeout'' failed with exit code 2.
Sep 14 17:35:55 cu-cs-vm systemd-udevd[1834]: Process '/bin/sh -c 'echo 180 >/sys$DEVPATH/timeout'' failed with exit code 2.
Sep 14 17:35:55 cu-cs-vm systemd-udevd[1830]: Process '/bin/sh -c 'echo 180 >/sys$DEVPATH/timeout'' failed with exit code 2.
Sep 14 17:35:55 cu-cs-vm kernel: [    0.000000] ACPI: LAPIC_NMI (acpi_id[0x6f] high edge lint[0x1])
Sep 14 17:35:55 cu-cs-vm kernel: [    0.000000] ACPI: LAPIC_NMI (acpi_id[0x70] high edge lint[0x1])
Sep 14 17:35:55 cu-cs-vm kernel: [    0.000000] ACPI: LAPIC_NMI (acpi_id[0x71] high edge lint[0x1])
Sep 14 17:35:55 cu-cs-vm kernel: [    0.000000] ACPI: LAPIC_NMI (acpi_id[0x72] high edge lint[0x1])
Sep 14 17:35:55 cu-cs-vm kernel: [    0.000000] ACPI: LAPIC_NMI (acpi_id[0x73] high edge lint[0x1])
Sep 14 17:35:55 cu-cs-vm kernel: [    0.000000] ACPI: LAPIC_NMI (acpi_id[0x74] high edge lint[0x1])
Sep 14 17:35:55 cu-cs-vm systemd-udevd[1836]: Process '/bin/sh -c 'echo 180 >/sys$DEVPATH/timeout'' failed with exit code 2.
Sep 14 17:35:55 cu-cs-vm systemd-udevd[1818]: Process '/bin/sh -c 'echo 180 >/sys$DEVPATH/timeout'' failed with exit code 2.
Sep 14 17:35:55 cu-cs-vm systemd-udevd[1835]: Process '/bin/sh -c 'echo 180 >/sys$DEVPATH/timeout'' failed with exit code 2.
Sep 14 17:35:55 cu-cs-vm systemd-udevd[1821]: Process '/bin/sh -c 'echo 180 >/sys$DEVPATH/timeout'' failed with exit code 2.
Sep 14 17:35:55 cu-cs-vm kernel: [    0.000000] ACPI: LAPIC_NMI (acpi_id[0x75] high edge lint[0x1])
Sep 14 17:35:55 cu-cs-vm kernel: [    0.000000] ACPI: LAPIC_NMI (acpi_id[0x76] high edge lint[0x1])
Sep 14 17:35:55 cu-cs-vm kernel: [    0.000000] ACPI: LAPIC_NMI (acpi_id[0x77] high edge lint[0x1])
Sep 14 17:35:55 cu-cs-vm kernel: [    0.000000] ACPI: LAPIC_NMI (acpi_id[0x78] high edge lint[0x1])
Sep 14 17:35:55 cu-cs-vm kernel: [    0.000000] ACPI: LAPIC_NMI (acpi_id[0x79] high edge lint[0x1])
Sep 14 17:35:55 cu-cs-vm kernel: [    0.000000] ACPI: LAPIC_NMI (acpi_id[0x7a] high edge lint[0x1])
Sep 14 17:35:55 cu-cs-vm systemd-udevd[1827]: Process '/bin/sh -c 'echo 180 >/sys$DEVPATH/timeout'' failed with exit code 2.
Sep 14 17:35:55 cu-cs-vm systemd-udevd[1833]: Process '/bin/sh -c 'echo 180 >/sys$DEVPATH/timeout'' failed with exit code 2.
Sep 14 17:35:55 cu-cs-vm systemd-udevd[1832]: Process '/bin/sh -c 'echo 180 >/sys$DEVPATH/timeout'' failed with exit code 2.
Sep 14 17:35:55 cu-cs-vm systemd-udevd[1823]: Process '/bin/sh -c 'echo 180 >/sys$DEVPATH/timeout'' failed with exit code 2.
Sep 14 17:35:55 cu-cs-vm kernel: [    0.000000] ACPI: LAPIC_NMI (acpi_id[0x7b] high edge lint[0x1])
Sep 14 17:35:55 cu-cs-vm kernel: [    0.000000] ACPI: LAPIC_NMI (acpi_id[0x7c] high edge lint[0x1])
Sep 14 17:35:55 cu-cs-vm kernel: [    0.000000] ACPI: LAPIC_NMI (acpi_id[0x7d] high edge lint[0x1])
Sep 14 17:35:55 cu-cs-vm kernel: [    0.000000] ACPI: LAPIC_NMI (acpi_id[0x7e] high edge lint[0x1])
Sep 14 17:35:55 cu-cs-vm kernel: [    0.000000] ACPI: LAPIC_NMI (acpi_id[0x7f] high edge lint[0x1])
Sep 14 17:35:55 cu-cs-vm kernel: [    0.000000] IOAPIC[0]: apic_id 1, version 17, address 0xfec00000, GSI 0-23
Sep 14 17:35:55 cu-cs-vm kernel: [    0.000000] ACPI: INT_SRC_OVR (bus 0 bus_irq 0 global_irq 2 high edge)
Sep 14 17:35:55 cu-cs-vm kernel: [    0.000000] ACPI: IRQ0 used by override.
Sep 14 17:35:55 cu-cs-vm kernel: [    0.000000] ACPI: IRQ9 used by override.
Sep 14 17:35:55 cu-cs-vm kernel: [    0.000000] Using ACPI (MADT) for SMP configuration information
Sep 14 17:35:55 cu-cs-vm kernel: [    0.000000] smpboot: Allowing 128 CPUs, 126 hotplug CPUs
Sep 14 17:35:55 cu-cs-vm kernel: [    0.000000] PM: Registered nosave memory: [mem 0x00000000-0x00000fff]
Sep 14 17:35:55 cu-cs-vm systemd-udevd[1820]: Process '/bin/sh -c 'echo 180 >/sys$DEVPATH/timeout'' failed with exit code 2.
Sep 14 17:35:55 cu-cs-vm systemd-udevd[1825]: Process '/bin/sh -c 'echo 180 >/sys$DEVPATH/timeout'' failed with exit code 2.
Sep 14 17:35:55 cu-cs-vm systemd-udevd[1821]: Process '/bin/sh -c 'echo 180 >/sys$DEVPATH/timeout'' failed with exit code 2.
Sep 14 17:35:55 cu-cs-vm kernel: [    0.000000] PM: Registered nosave memory: [mem 0x0009e000-0x0009efff]
Sep 14 17:35:55 cu-cs-vm systemd-udevd[1836]: Process '/bin/sh -c 'echo 180 >/sys$DEVPATH/timeout'' failed with exit code 2.
Sep 14 17:35:55 cu-cs-vm kernel: [    0.000000] PM: Registered nosave memory: [mem 0x0009f000-0x0009ffff]
Sep 14 17:35:55 cu-cs-vm kernel: [    0.000000] PM: Registered nosave memory: [mem 0x000a0000-0x000dbfff]
Sep 14 17:35:55 cu-cs-vm kernel: [    0.000000] PM: Registered nosave memory: [mem 0x000dc000-0x000fffff]
Sep 14 17:35:55 cu-cs-vm kernel: [    0.000000] PM: Registered nosave memory: [mem 0x7fee0000-0x7fefefff]
Sep 14 17:35:55 cu-cs-vm kernel: [    0.000000] PM: Registered nosave memory: [mem 0x7feff000-0x7fefffff]
Sep 14 17:35:55 cu-cs-vm kernel: [    0.000000] e820: [mem 0x80000000-0xefffffff] available for PCI devices
Sep 14 17:35:55 cu-cs-vm kernel: [    0.000000] Booting paravirtualized kernel on VMware hypervisor
Sep 14 17:35:55 cu-cs-vm systemd-udevd[1827]: Process '/bin/sh -c 'echo 180 >/sys$DEVPATH/timeout'' failed with exit code 2.
Sep 14 17:35:55 cu-cs-vm systemd-udevd[1823]: Process '/bin/sh -c 'echo 180 >/sys$DEVPATH/timeout'' failed with exit code 2.
Sep 14 17:35:55 cu-cs-vm systemd-udevd[1830]: Process '/bin/sh -c 'echo 180 >/sys$DEVPATH/timeout'' failed with exit code 2.
Sep 14 17:35:55 cu-cs-vm systemd-udevd[1818]: Process '/bin/sh -c 'echo 180 >/sys$DEVPATH/timeout'' failed with exit code 2.
Sep 14 17:35:55 cu-cs-vm kernel: [    0.000000] clocksource: refined-jiffies: mask: 0xffffffff max_cycles: 0xffffffff, max_idle_ns: 7645519600211568 ns
Sep 14 17:35:55 cu-cs-vm kernel: [    0.000000] setup_percpu: NR_CPUS:8192 nr_cpumask_bits:128 nr_cpu_ids:128 nr_node_ids:1
Sep 14 17:35:55 cu-cs-vm kernel: [    0.000000] percpu: Embedded 36 pages/cpu @ffff92a3fb600000 s107928 r8192 d31336 u262144
Sep 14 17:35:55 cu-cs-vm systemd-udevd[1834]: Process '/bin/sh -c 'echo 180 >/sys$DEVPATH/timeout'' failed with exit code 2.
Sep 14 17:35:55 cu-cs-vm systemd-udevd[1833]: Process '/bin/sh -c 'echo 180 >/sys$DEVPATH/timeout'' failed with exit code 2.
Sep 14 17:35:55 cu-cs-vm systemd-udevd[1835]: Process '/bin/sh -c 'echo 180 >/sys$DEVPATH/timeout'' failed with exit code 2.
Sep 14 17:35:55 cu-cs-vm systemd-udevd[1820]: Process '/bin/sh -c 'echo 180 >/sys$DEVPATH/timeout'' failed with exit code 2.
Sep 14 17:35:55 cu-cs-vm kernel: [    0.000000] pcpu-alloc: s107928 r8192 d31336 u262144 alloc=1*2097152
Sep 14 17:35:55 cu-cs-vm kernel: [    0.000000] pcpu-alloc: [0] 000 001 002 003 004 005 006 007 
Sep 14 17:35:55 cu-cs-vm kernel: [    0.000000] pcpu-alloc: [0] 008 009 010 011 012 013 014 015 
Sep 14 17:35:55 cu-cs-vm kernel: [    0.000000] pcpu-alloc: [0] 016 017 018 019 020 021 022 023 
Sep 14 17:35:55 cu-cs-vm kernel: [    0.000000] pcpu-alloc: [0] 024 025 026 027 028 029 030 031 
Sep 14 17:35:55 cu-cs-vm kernel: [    0.000000] pcpu-alloc: [0] 032 033 034 035 036 037 038 039 
Sep 14 17:35:55 cu-cs-vm systemd-udevd[1832]: Process '/bin/sh -c 'echo 180 >/sys$DEVPATH/timeout'' failed with exit code 2.
Sep 14 17:35:55 cu-cs-vm systemd-udevd[1821]: Process '/bin/sh -c 'echo 180 >/sys$DEVPATH/timeout'' failed with exit code 2.
Sep 14 17:35:55 cu-cs-vm systemd-udevd[1827]: Process '/bin/sh -c 'echo 180 >/sys$DEVPATH/timeout'' failed with exit code 2.
Sep 14 17:35:55 cu-cs-vm systemd-udevd[1825]: Process '/bin/sh -c 'echo 180 >/sys$DEVPATH/timeout'' failed with exit code 2.
Sep 14 17:35:55 cu-cs-vm kernel: [    0.000000] pcpu-alloc: [0] 040 041 042 043 044 045 046 047 
Sep 14 17:35:55 cu-cs-vm kernel: [    0.000000] pcpu-alloc: [0] 048 049 050 051 052 053 054 055 
Sep 14 17:35:55 cu-cs-vm kernel: [    0.000000] pcpu-alloc: [0] 056 057 058 059 060 061 062 063 
Sep 14 17:35:55 cu-cs-vm kernel: [    0.000000] pcpu-alloc: [0] 064 065 066 067 068 069 070 071 
Sep 14 17:35:55 cu-cs-vm kernel: [    0.000000] pcpu-alloc: [0] 072 073 074 075 076 077 078 079 
Sep 14 17:35:55 cu-cs-vm kernel: [    0.000000] pcpu-alloc: [0] 080 081 082 083 084 085 086 087 
Sep 14 17:35:55 cu-cs-vm systemd-udevd[1830]: Process '/bin/sh -c 'echo 180 >/sys$DEVPATH/timeout'' failed with exit code 2.
Sep 14 17:35:55 cu-cs-vm systemd-udevd[1834]: Process '/bin/sh -c 'echo 180 >/sys$DEVPATH/timeout'' failed with exit code 2.
Sep 14 17:35:55 cu-cs-vm systemd-udevd[1833]: Process '/bin/sh -c 'echo 180 >/sys$DEVPATH/timeout'' failed with exit code 2.
Sep 14 17:35:55 cu-cs-vm systemd-udevd[1827]: Process '/bin/sh -c 'echo 180 >/sys$DEVPATH/timeout'' failed with exit code 2.
Sep 14 17:35:55 cu-cs-vm kernel: [    0.000000] pcpu-alloc: [0] 088 089 090 091 092 093 094 095 
Sep 14 17:35:55 cu-cs-vm kernel: [    0.000000] pcpu-alloc: [0] 096 097 098 099 100 101 102 103 
Sep 14 17:35:55 cu-cs-vm kernel: [    0.000000] pcpu-alloc: [0] 104 105 106 107 108 109 110 111 
Sep 14 17:35:55 cu-cs-vm kernel: [    0.000000] pcpu-alloc: [0] 112 113 114 115 116 117 118 119 
Sep 14 17:35:55 cu-cs-vm kernel: [    0.000000] pcpu-alloc: [0] 120 121 122 123 124 125 126 127 
Sep 14 17:35:55 cu-cs-vm systemd-udevd[1836]: Process '/bin/sh -c 'echo 180 >/sys$DEVPATH/timeout'' failed with exit code 2.
Sep 14 17:35:55 cu-cs-vm systemd-udevd[1818]: Process '/bin/sh -c 'echo 180 >/sys$DEVPATH/timeout'' failed with exit code 2.
Sep 14 17:35:55 cu-cs-vm kernel: [    0.000000] Built 1 zonelists in Node order, mobility grouping on.  Total pages: 515944
Sep 14 17:35:55 cu-cs-vm systemd-udevd[1832]: Process '/bin/sh -c 'echo 180 >/sys$DEVPATH/timeout'' failed with exit code 2.
Sep 14 17:35:55 cu-cs-vm kernel: [    0.000000] Policy zone: DMA32
Sep 14 17:35:55 cu-cs-vm kernel: [    0.000000] Kernel command line: BOOT_IMAGE=/@/boot/vmlinuz-4.10.17mykernal root=UUID=403636af-0778-4937-b47b-ddd3b47d58cc ro rootflags=subvol=@ crashkernel=384M-:128M
Sep 14 17:35:55 cu-cs-vm kernel: [    0.000000] log_buf_len individual max cpu contribution: 4096 bytes
Sep 14 17:35:55 cu-cs-vm kernel: [    0.000000] log_buf_len total cpu_extra contributions: 520192 bytes
Sep 14 17:35:55 cu-cs-vm kernel: [    0.000000] log_buf_len min size: 262144 bytes
Sep 14 17:35:55 cu-cs-vm systemd-udevd[1820]: Process '/bin/sh -c 'echo 180 >/sys$DEVPATH/timeout'' failed with exit code 2.
Sep 14 17:35:55 cu-cs-vm systemd-udevd[1823]: Process '/bin/sh -c 'echo 180 >/sys$DEVPATH/timeout'' failed with exit code 2.
Sep 14 17:35:55 cu-cs-vm systemd-udevd[1830]: Process '/bin/sh -c 'echo 180 >/sys$DEVPATH/timeout'' failed with exit code 2.
Sep 14 17:35:55 cu-cs-vm kernel: [    0.000000] log_buf_len: 1048576 bytes
Sep 14 17:35:55 cu-cs-vm kernel: [    0.000000] early log buf free: 236764(90%)
Sep 14 17:35:55 cu-cs-vm kernel: [    0.000000] PID hash table entries: 4096 (order: 3, 32768 bytes)
Sep 14 17:35:55 cu-cs-vm kernel: [    0.000000] Calgary: detecting Calgary via BIOS EBDA area
Sep 14 17:35:55 cu-cs-vm kernel: [    0.000000] Calgary: Unable to locate Rio Grande table in EBDA - bailing!
Sep 14 17:35:55 cu-cs-vm systemd-udevd[1833]: Process '/bin/sh -c 'echo 180 >/sys$DEVPATH/timeout'' failed with exit code 2.
Sep 14 17:35:55 cu-cs-vm kernel: [    0.000000] Memory: 1784328K/2096628K available (8881K kernel code, 1650K rwdata, 3664K rodata, 2216K init, 2364K bss, 312300K reserved, 0K cma-reserved)
Sep 14 17:35:55 cu-cs-vm kernel: [    0.000000] SLUB: HWalign=64, Order=0-3, MinObjects=0, CPUs=128, Nodes=1
Sep 14 17:35:55 cu-cs-vm kernel: [    0.000000] Hierarchical RCU implementation.
Sep 14 17:35:55 cu-cs-vm kernel: [    0.000000] 	Build-time adjustment of leaf fanout to 64.
Sep 14 17:35:55 cu-cs-vm kernel: [    0.000000] 	RCU restricting CPUs from NR_CPUS=8192 to nr_cpu_ids=128.
Sep 14 17:35:55 cu-cs-vm kernel: [    0.000000] RCU: Adjusting geometry for rcu_fanout_leaf=64, nr_cpu_ids=128
Sep 14 17:35:55 cu-cs-vm systemd-udevd[1821]: Process '/bin/sh -c 'echo 180 >/sys$DEVPATH/timeout'' failed with exit code 2.
Sep 14 17:35:55 cu-cs-vm systemd-udevd[1835]: Process '/bin/sh -c 'echo 180 >/sys$DEVPATH/timeout'' failed with exit code 2.
Sep 14 17:35:55 cu-cs-vm systemd-udevd[1825]: Process '/bin/sh -c 'echo 180 >/sys$DEVPATH/timeout'' failed with exit code 2.
Sep 14 17:35:55 cu-cs-vm systemd-udevd[1827]: Process '/bin/sh -c 'echo 180 >/sys$DEVPATH/timeout'' failed with exit code 2.
Sep 14 17:35:55 cu-cs-vm kernel: [    0.000000] NR_IRQS:524544 nr_irqs:1448 16
Sep 14 17:35:55 cu-cs-vm kernel: [    0.000000] Console: colour VGA+ 80x25
Sep 14 17:35:55 cu-cs-vm kernel: [    0.000000] console [tty0] enabled
Sep 14 17:35:55 cu-cs-vm kernel: [    0.000000] tsc: Detected 1600.285 MHz processor
Sep 14 17:35:55 cu-cs-vm kernel: [    0.666170] Calibrating delay loop (skipped) preset value.. 3200.57 BogoMIPS (lpj=6401140)
Sep 14 17:35:55 cu-cs-vm kernel: [    0.666307] pid_max: default: 131072 minimum: 1024
Sep 14 17:35:55 cu-cs-vm kernel: [    0.666413] ACPI: Core revision 20160930
Sep 14 17:35:55 cu-cs-vm kernel: [    0.685087] ACPI: 1 ACPI AML tables successfully acquired and loaded
Sep 14 17:35:55 cu-cs-vm kernel: [    0.685270] Security Framework initialized
Sep 14 17:35:55 cu-cs-vm kernel: [    0.685343] Yama: becoming mindful.
Sep 14 17:35:55 cu-cs-vm kernel: [    0.685504] AppArmor: AppArmor initialized
Sep 14 17:35:55 cu-cs-vm kernel: [    0.685888] Dentry cache hash table entries: 262144 (order: 9, 2097152 bytes)
Sep 14 17:35:55 cu-cs-vm kernel: [    0.693759] Inode-cache hash table entries: 131072 (order: 8, 1048576 bytes)
Sep 14 17:35:55 cu-cs-vm kernel: [    0.699981] Mount-cache hash table entries: 4096 (order: 3, 32768 bytes)
Sep 14 17:35:55 cu-cs-vm kernel: [    0.700095] Mountpoint-cache hash table entries: 4096 (order: 3, 32768 bytes)
Sep 14 17:35:55 cu-cs-vm kernel: [    0.702477] Disabled fast string operations
Sep 14 17:35:55 cu-cs-vm kernel: [    0.702637] CPU: Physical Processor ID: 0
Sep 14 17:35:55 cu-cs-vm kernel: [    0.702764] ENERGY_PERF_BIAS: Set to 'normal', was 'performance'
Sep 14 17:35:55 cu-cs-vm kernel: [    0.702884] ENERGY_PERF_BIAS: View and update with x86_energy_perf_policy(8)
Sep 14 17:35:55 cu-cs-vm kernel: [    0.703039] mce: CPU supports 0 MCE banks
Sep 14 17:35:55 cu-cs-vm kernel: [    0.703158] Last level iTLB entries: 4KB 64, 2MB 8, 4MB 8
Sep 14 17:35:55 cu-cs-vm kernel: [    0.703275] Last level dTLB entries: 4KB 64, 2MB 0, 4MB 0, 1GB 4
Sep 14 17:35:55 cu-cs-vm kernel: [    0.703588] Freeing SMP alternatives memory: 32K
Sep 14 17:35:55 cu-cs-vm kernel: [    0.708633] ftrace: allocating 33453 entries in 131 pages
Sep 14 17:35:55 cu-cs-vm kernel: [    0.728872] smpboot: Max logical packages: 128
Sep 14 17:35:55 cu-cs-vm kernel: [    0.730102] x2apic enabled
Sep 14 17:35:55 cu-cs-vm kernel: [    0.731085] Switched APIC routing to physical x2apic.
Sep 14 17:35:55 cu-cs-vm kernel: [    0.733040] ..TIMER: vector=0x30 apic1=0 pin1=2 apic2=-1 pin2=-1
Sep 14 17:35:55 cu-cs-vm kernel: [    0.733570] TSC deadline timer enabled
Sep 14 17:35:55 cu-cs-vm kernel: [    0.733579] smpboot: CPU0: Intel(R) Core(TM) i5-5250U CPU @ 1.60GHz (family: 0x6, model: 0x3d, stepping: 0x4)
Sep 14 17:35:55 cu-cs-vm kernel: [    0.734927] Performance Events: Broadwell events, core PMU driver.
Sep 14 17:35:55 cu-cs-vm kernel: [    0.735470] core: CPUID marked event: 'cpu cycles' unavailable
Sep 14 17:35:55 cu-cs-vm kernel: [    0.736032] core: CPUID marked event: 'instructions' unavailable
Sep 14 17:35:55 cu-cs-vm kernel: [    0.736507] core: CPUID marked event: 'bus cycles' unavailable
Sep 14 17:35:55 cu-cs-vm kernel: [    0.736978] core: CPUID marked event: 'cache references' unavailable
Sep 14 17:35:55 cu-cs-vm systemd-udevd[1833]: Process '/bin/sh -c 'echo 180 >/sys$DEVPATH/timeout'' failed with exit code 2.
Sep 14 17:35:55 cu-cs-vm systemd-udevd[1823]: Process '/bin/sh -c 'echo 180 >/sys$DEVPATH/timeout'' failed with exit code 2.
Sep 14 17:35:55 cu-cs-vm systemd-udevd[1818]: Process '/bin/sh -c 'echo 180 >/sys$DEVPATH/timeout'' failed with exit code 2.
Sep 14 17:35:55 cu-cs-vm systemd-udevd[1830]: Process '/bin/sh -c 'echo 180 >/sys$DEVPATH/timeout'' failed with exit code 2.
Sep 14 17:35:55 cu-cs-vm kernel: [    0.737467] core: CPUID marked event: 'cache misses' unavailable
Sep 14 17:35:55 cu-cs-vm kernel: [    0.737964] core: CPUID marked event: 'branch instructions' unavailable
Sep 14 17:35:55 cu-cs-vm kernel: [    0.738493] core: CPUID marked event: 'branch misses' unavailable
Sep 14 17:35:55 cu-cs-vm kernel: [    0.738992] ... version:                1
Sep 14 17:35:55 cu-cs-vm kernel: [    0.739400] ... bit width:              48
Sep 14 17:35:55 cu-cs-vm kernel: [    0.739810] ... generic registers:      4
Sep 14 17:35:55 cu-cs-vm systemd-udevd[1834]: Process '/bin/sh -c 'echo 180 >/sys$DEVPATH/timeout'' failed with exit code 2.
Sep 14 17:35:55 cu-cs-vm systemd-udevd[1836]: Process '/bin/sh -c 'echo 180 >/sys$DEVPATH/timeout'' failed with exit code 2.
Sep 14 17:35:55 cu-cs-vm systemd-udevd[1820]: Process '/bin/sh -c 'echo 180 >/sys$DEVPATH/timeout'' failed with exit code 2.
Sep 14 17:35:55 cu-cs-vm systemd-udevd[1832]: Process '/bin/sh -c 'echo 180 >/sys$DEVPATH/timeout'' failed with exit code 2.
Sep 14 17:35:55 cu-cs-vm kernel: [    0.740228] ... value mask:             0000ffffffffffff
Sep 14 17:35:55 cu-cs-vm kernel: [    0.740714] ... max period:             000000007fffffff
Sep 14 17:35:55 cu-cs-vm kernel: [    0.741167] ... fixed-purpose events:   0
Sep 14 17:35:55 cu-cs-vm kernel: [    0.741573] ... event mask:             000000000000000f
Sep 14 17:35:55 cu-cs-vm kernel: [    0.750277] NMI watchdog: disabled (cpu0): hardware events not enabled
Sep 14 17:35:55 cu-cs-vm kernel: [    0.750799] NMI watchdog: Shutting down hard lockup detector on all cpus
Sep 14 17:35:55 cu-cs-vm systemd-udevd[1825]: Process '/bin/sh -c 'echo 180 >/sys$DEVPATH/timeout'' failed with exit code 2.
Sep 14 17:35:55 cu-cs-vm systemd-udevd[1830]: Process '/bin/sh -c 'echo 180 >/sys$DEVPATH/timeout'' failed with exit code 2.
Sep 14 17:35:55 cu-cs-vm systemd-udevd[1835]: Process '/bin/sh -c 'echo 180 >/sys$DEVPATH/timeout'' failed with exit code 2.
Sep 14 17:35:55 cu-cs-vm systemd-udevd[1818]: Process '/bin/sh -c 'echo 180 >/sys$DEVPATH/timeout'' failed with exit code 2.
Sep 14 17:35:55 cu-cs-vm kernel: [    0.763164] smp: Bringing up secondary CPUs ...
Sep 14 17:35:55 cu-cs-vm kernel: [    0.764502] x86: Booting SMP configuration:
Sep 14 17:35:55 cu-cs-vm kernel: [    0.764924] .... node  #0, CPUs:          #1
Sep 14 17:35:55 cu-cs-vm kernel: [    0.766874] Disabled fast string operations
Sep 14 17:35:55 cu-cs-vm kernel: [    0.766910] mce: CPU supports 0 MCE banks
Sep 14 17:35:55 cu-cs-vm kernel: [    0.766944] smpboot: CPU 1 Converting physical 2 to logical package 1
Sep 14 17:35:55 cu-cs-vm systemd-udevd[1834]: Process '/bin/sh -c 'echo 180 >/sys$DEVPATH/timeout'' failed with exit code 2.
Sep 14 17:35:55 cu-cs-vm systemd-udevd[1827]: Process '/bin/sh -c 'echo 180 >/sys$DEVPATH/timeout'' failed with exit code 2.
Sep 14 17:35:55 cu-cs-vm systemd-udevd[1823]: Process '/bin/sh -c 'echo 180 >/sys$DEVPATH/timeout'' failed with exit code 2.
Sep 14 17:35:55 cu-cs-vm systemd-udevd[1833]: Process '/bin/sh -c 'echo 180 >/sys$DEVPATH/timeout'' failed with exit code 2.
Sep 14 17:35:55 cu-cs-vm kernel: [    0.767108] smp: Brought up 1 node, 2 CPUs
Sep 14 17:35:55 cu-cs-vm kernel: [    0.767496] smpboot: Total of 2 processors activated (6401.14 BogoMIPS)
Sep 14 17:35:55 cu-cs-vm kernel: [    0.771154] devtmpfs: initialized
Sep 14 17:35:55 cu-cs-vm kernel: [    0.771419] x86/mm: Memory block size: 128MB
Sep 14 17:35:55 cu-cs-vm kernel: [    0.774181] evm: security.selinux
Sep 14 17:35:55 cu-cs-vm systemd-udevd[1821]: Process '/bin/sh -c 'echo 180 >/sys$DEVPATH/timeout'' failed with exit code 2.
Sep 14 17:35:55 cu-cs-vm systemd-udevd[1836]: Process '/bin/sh -c 'echo 180 >/sys$DEVPATH/timeout'' failed with exit code 2.
Sep 14 17:35:55 cu-cs-vm systemd-udevd[1820]: Process '/bin/sh -c 'echo 180 >/sys$DEVPATH/timeout'' failed with exit code 2.
Sep 14 17:35:55 cu-cs-vm systemd-udevd[1832]: Process '/bin/sh -c 'echo 180 >/sys$DEVPATH/timeout'' failed with exit code 2.
Sep 14 17:35:55 cu-cs-vm kernel: [    0.774319] evm: security.SMACK64
Sep 14 17:35:55 cu-cs-vm kernel: [    0.774386] evm: security.SMACK64EXEC
Sep 14 17:35:55 cu-cs-vm kernel: [    0.774485] evm: security.SMACK64TRANSMUTE
Sep 14 17:35:55 cu-cs-vm kernel: [    0.774555] evm: security.SMACK64MMAP
Sep 14 17:35:55 cu-cs-vm kernel: [    0.774623] evm: security.ima
Sep 14 17:35:55 cu-cs-vm kernel: [    0.774687] evm: security.capability
Sep 14 17:35:55 cu-cs-vm systemd-udevd[1825]: Process '/bin/sh -c 'echo 180 >/sys$DEVPATH/timeout'' failed with exit code 2.
Sep 14 17:35:55 cu-cs-vm systemd-udevd[1830]: Process '/bin/sh -c 'echo 180 >/sys$DEVPATH/timeout'' failed with exit code 2.
Sep 14 17:35:55 cu-cs-vm systemd-udevd[1823]: Process '/bin/sh -c 'echo 180 >/sys$DEVPATH/timeout'' failed with exit code 2.
Sep 14 17:35:55 cu-cs-vm systemd-udevd[1833]: Process '/bin/sh -c 'echo 180 >/sys$DEVPATH/timeout'' failed with exit code 2.
Sep 14 17:35:55 cu-cs-vm kernel: [    0.775255] PM: Registering ACPI NVS region [mem 0x7feff000-0x7fefffff] (4096 bytes)
Sep 14 17:35:55 cu-cs-vm kernel: [    0.775542] clocksource: jiffies: mask: 0xffffffff max_cycles: 0xffffffff, max_idle_ns: 7645041785100000 ns
Sep 14 17:35:55 cu-cs-vm kernel: [    0.775869] futex hash table entries: 32768 (order: 9, 2097152 bytes)
Sep 14 17:35:55 cu-cs-vm kernel: [    0.788846] pinctrl core: initialized pinctrl subsystem
Sep 14 17:35:55 cu-cs-vm kernel: [    0.789555] RTC time: 23:35:43, date: 09/14/17
Sep 14 17:35:55 cu-cs-vm kernel: [    0.790274] NET: Registered protocol family 16
Sep 14 17:35:55 cu-cs-vm systemd-udevd[1832]: Process '/bin/sh -c 'echo 180 >/sys$DEVPATH/timeout'' failed with exit code 2.
Sep 14 17:35:55 cu-cs-vm systemd-udevd[1834]: Process '/bin/sh -c 'echo 180 >/sys$DEVPATH/timeout'' failed with exit code 2.
Sep 14 17:35:55 cu-cs-vm systemd-udevd[1835]: Process '/bin/sh -c 'echo 180 >/sys$DEVPATH/timeout'' failed with exit code 2.
Sep 14 17:35:55 cu-cs-vm kernel: [    0.804627] cpuidle: using governor ladder
Sep 14 17:35:55 cu-cs-vm kernel: [    0.818548] cpuidle: using governor menu
Sep 14 17:35:55 cu-cs-vm kernel: [    0.818715] PCCT header not found.
Sep 14 17:35:55 cu-cs-vm kernel: [    0.818905] Simple Boot Flag at 0x36 set to 0x80
Sep 14 17:35:55 cu-cs-vm kernel: [    0.819147] ACPI: bus type PCI registered
Sep 14 17:35:55 cu-cs-vm kernel: [    0.819299] acpiphp: ACPI Hot Plug PCI Controller Driver version: 0.5
Sep 14 17:35:55 cu-cs-vm systemd-udevd[1827]: Process '/bin/sh -c 'echo 180 >/sys$DEVPATH/timeout'' failed with exit code 2.
Sep 14 17:35:55 cu-cs-vm systemd-udevd[1818]: Process '/bin/sh -c 'echo 180 >/sys$DEVPATH/timeout'' failed with exit code 2.
Sep 14 17:35:55 cu-cs-vm systemd-udevd[1821]: Process '/bin/sh -c 'echo 180 >/sys$DEVPATH/timeout'' failed with exit code 2.
Sep 14 17:35:55 cu-cs-vm systemd-udevd[1836]: Process '/bin/sh -c 'echo 180 >/sys$DEVPATH/timeout'' failed with exit code 2.
Sep 14 17:35:55 cu-cs-vm kernel: [    0.820364] PCI: MMCONFIG for domain 0000 [bus 00-7f] at [mem 0xf0000000-0xf7ffffff] (base 0xf0000000)
Sep 14 17:35:55 cu-cs-vm kernel: [    0.820668] PCI: MMCONFIG at [mem 0xf0000000-0xf7ffffff] reserved in E820
Sep 14 17:35:55 cu-cs-vm kernel: [    0.820862] PCI: Using configuration type 1 for base access
Sep 14 17:35:55 cu-cs-vm kernel: [    0.840392] HugeTLB registered 1 GB page size, pre-allocated 0 pages
Sep 14 17:35:55 cu-cs-vm kernel: [    0.840590] HugeTLB registered 2 MB page size, pre-allocated 0 pages
Sep 14 17:35:55 cu-cs-vm systemd-udevd[1825]: Process '/bin/sh -c 'echo 180 >/sys$DEVPATH/timeout'' failed with exit code 2.
Sep 14 17:35:55 cu-cs-vm systemd-udevd[1820]: Process '/bin/sh -c 'echo 180 >/sys$DEVPATH/timeout'' failed with exit code 2.
Sep 14 17:35:55 cu-cs-vm systemd-udevd[1818]: Process '/bin/sh -c 'echo 180 >/sys$DEVPATH/timeout'' failed with exit code 2.
Sep 14 17:35:55 cu-cs-vm systemd-udevd[1821]: Process '/bin/sh -c 'echo 180 >/sys$DEVPATH/timeout'' failed with exit code 2.
Sep 14 17:35:55 cu-cs-vm kernel: [    0.846520] ACPI: Added _OSI(Module Device)
Sep 14 17:35:55 cu-cs-vm kernel: [    0.846684] ACPI: Added _OSI(Processor Device)
Sep 14 17:35:55 cu-cs-vm kernel: [    0.846838] ACPI: Added _OSI(3.0 _SCP Extensions)
Sep 14 17:35:55 cu-cs-vm kernel: [    0.846991] ACPI: Added _OSI(Processor Aggregator Device)
Sep 14 17:35:55 cu-cs-vm kernel: [    0.853661] ACPI: [Firmware Bug]: BIOS _OSI(Linux) query ignored
Sep 14 17:35:55 cu-cs-vm kernel: [    0.875585] ACPI: Interpreter enabled
Sep 14 17:35:55 cu-cs-vm systemd-udevd[1823]: Process '/bin/sh -c 'echo 180 >/sys$DEVPATH/timeout'' failed with exit code 2.
Sep 14 17:35:55 cu-cs-vm systemd-udevd[1835]: Process '/bin/sh -c 'echo 180 >/sys$DEVPATH/timeout'' failed with exit code 2.
Sep 14 17:35:55 cu-cs-vm systemd-udevd[1833]: Process '/bin/sh -c 'echo 180 >/sys$DEVPATH/timeout'' failed with exit code 2.
Sep 14 17:35:55 cu-cs-vm systemd-udevd[1832]: Process '/bin/sh -c 'echo 180 >/sys$DEVPATH/timeout'' failed with exit code 2.
Sep 14 17:35:55 cu-cs-vm kernel: [    0.875676] ACPI: (supports S0 S1 S4 S5)
Sep 14 17:35:55 cu-cs-vm kernel: [    0.875747] ACPI: Using IOAPIC for interrupt routing
Sep 14 17:35:55 cu-cs-vm kernel: [    0.875845] PCI: Using host bridge windows from ACPI; if necessary, use "pci=nocrs" and report a bug
Sep 14 17:35:55 cu-cs-vm kernel: [    0.978441] ACPI: PCI Root Bridge [PCI0] (domain 0000 [bus 00-7f])
Sep 14 17:35:55 cu-cs-vm kernel: [    0.978642] acpi PNP0A03:00: _OSC: OS supports [ExtendedConfig ASPM ClockPM Segments MSI]
Sep 14 17:35:55 cu-cs-vm kernel: [    0.979296] acpi PNP0A03:00: _OSC: platform does not support [AER]
Sep 14 17:35:55 cu-cs-vm systemd-udevd[1830]: Process '/bin/sh -c 'echo 180 >/sys$DEVPATH/timeout'' failed with exit code 2.
Sep 14 17:35:55 cu-cs-vm systemd-udevd[1836]: Process '/bin/sh -c 'echo 180 >/sys$DEVPATH/timeout'' failed with exit code 2.
Sep 14 17:35:55 cu-cs-vm systemd-udevd[1834]: Process '/bin/sh -c 'echo 180 >/sys$DEVPATH/timeout'' failed with exit code 2.
Sep 14 17:35:55 cu-cs-vm systemd-udevd[1827]: Process '/bin/sh -c 'echo 180 >/sys$DEVPATH/timeout'' failed with exit code 2.
Sep 14 17:35:55 cu-cs-vm kernel: [    0.979870] acpi PNP0A03:00: _OSC: OS now controls [PCIeHotplug PME PCIeCapability]
Sep 14 17:35:55 cu-cs-vm kernel: [    0.984036] PCI host bridge to bus 0000:00
Sep 14 17:35:55 cu-cs-vm kernel: [    0.984163] pci_bus 0000:00: root bus resource [mem 0x000a0000-0x000bffff window]
Sep 14 17:35:55 cu-cs-vm kernel: [    0.984386] pci_bus 0000:00: root bus resource [mem 0x000cc000-0x000cffff window]
Sep 14 17:35:55 cu-cs-vm kernel: [    0.984607] pci_bus 0000:00: root bus resource [mem 0x000d0000-0x000d3fff window]
Sep 14 17:35:55 cu-cs-vm kernel: [    0.984828] pci_bus 0000:00: root bus resource [mem 0x000d4000-0x000d7fff window]
Sep 14 17:35:55 cu-cs-vm systemd-udevd[1820]: Process '/bin/sh -c 'echo 180 >/sys$DEVPATH/timeout'' failed with exit code 2.
Sep 14 17:35:55 cu-cs-vm systemd-udevd[1825]: Process '/bin/sh -c 'echo 180 >/sys$DEVPATH/timeout'' failed with exit code 2.
Sep 14 17:35:55 cu-cs-vm systemd-udevd[1836]: Process '/bin/sh -c 'echo 180 >/sys$DEVPATH/timeout'' failed with exit code 2.
Sep 14 17:35:55 cu-cs-vm systemd-udevd[1835]: Process '/bin/sh -c 'echo 180 >/sys$DEVPATH/timeout'' failed with exit code 2.
Sep 14 17:35:55 cu-cs-vm kernel: [    0.985068] pci_bus 0000:00: root bus resource [mem 0x000d8000-0x000dbfff window]
Sep 14 17:35:55 cu-cs-vm kernel: [    0.985302] pci_bus 0000:00: root bus resource [mem 0xc0000000-0xfebfffff window]
Sep 14 17:35:55 cu-cs-vm kernel: [    0.985524] pci_bus 0000:00: root bus resource [io  0x0000-0x0cf7 window]
Sep 14 17:35:55 cu-cs-vm kernel: [    0.985717] pci_bus 0000:00: root bus resource [io  0x0d00-0xfeff window]
Sep 14 17:35:55 cu-cs-vm kernel: [    0.985868] pci_bus 0000:00: root bus resource [bus 00-7f]
Sep 14 17:35:55 cu-cs-vm systemd-udevd[1821]: Process '/bin/sh -c 'echo 180 >/sys$DEVPATH/timeout'' failed with exit code 2.
Sep 14 17:35:55 cu-cs-vm systemd-udevd[1832]: Process '/bin/sh -c 'echo 180 >/sys$DEVPATH/timeout'' failed with exit code 2.
Sep 14 17:35:55 cu-cs-vm systemd-udevd[1830]: Process '/bin/sh -c 'echo 180 >/sys$DEVPATH/timeout'' failed with exit code 2.
Sep 14 17:35:55 cu-cs-vm systemd-udevd[1834]: Process '/bin/sh -c 'echo 180 >/sys$DEVPATH/timeout'' failed with exit code 2.
Sep 14 17:35:55 cu-cs-vm kernel: [    0.986105] pci 0000:00:00.0: [8086:7190] type 00 class 0x060000
Sep 14 17:35:55 cu-cs-vm kernel: [    0.987323] pci 0000:00:01.0: [8086:7191] type 01 class 0x060400
Sep 14 17:35:55 cu-cs-vm kernel: [    0.988643] pci 0000:00:07.0: [8086:7110] type 00 class 0x060100
Sep 14 17:35:55 cu-cs-vm kernel: [    0.990290] pci 0000:00:07.1: [8086:7111] type 00 class 0x01018a
Sep 14 17:35:55 cu-cs-vm kernel: [    0.993141] pci 0000:00:07.1: reg 0x20: [io  0x1060-0x106f]
Sep 14 17:35:55 cu-cs-vm kernel: [    0.994018] pci 0000:00:07.1: legacy IDE quirk: reg 0x10: [io  0x01f0-0x01f7]
Sep 14 17:35:55 cu-cs-vm systemd-udevd[1823]: Process '/bin/sh -c 'echo 180 >/sys$DEVPATH/timeout'' failed with exit code 2.
Sep 14 17:35:55 cu-cs-vm systemd-udevd[1827]: Process '/bin/sh -c 'echo 180 >/sys$DEVPATH/timeout'' failed with exit code 2.
Sep 14 17:35:55 cu-cs-vm systemd-udevd[1818]: Process '/bin/sh -c 'echo 180 >/sys$DEVPATH/timeout'' failed with exit code 2.
Sep 14 17:35:55 cu-cs-vm systemd-udevd[1833]: Process '/bin/sh -c 'echo 180 >/sys$DEVPATH/timeout'' failed with exit code 2.
Sep 14 17:35:55 cu-cs-vm kernel: [    0.994122] pci 0000:00:07.1: legacy IDE quirk: reg 0x14: [io  0x03f6]
Sep 14 17:35:55 cu-cs-vm kernel: [    0.994215] pci 0000:00:07.1: legacy IDE quirk: reg 0x18: [io  0x0170-0x0177]
Sep 14 17:35:55 cu-cs-vm kernel: [    0.994310] pci 0000:00:07.1: legacy IDE quirk: reg 0x1c: [io  0x0376]
Sep 14 17:35:55 cu-cs-vm kernel: [    0.994705] pci 0000:00:07.3: [8086:7113] type 00 class 0x068000
Sep 14 17:35:55 cu-cs-vm kernel: [    0.997307] pci 0000:00:07.3: quirk: [io  0x1000-0x103f] claimed by PIIX4 ACPI
Sep 14 17:35:55 cu-cs-vm kernel: [    0.997473] pci 0000:00:07.3: quirk: [io  0x1040-0x104f] claimed by PIIX4 SMB
Sep 14 17:35:55 cu-cs-vm systemd-udevd[1820]: Process '/bin/sh -c 'echo 180 >/sys$DEVPATH/timeout'' failed with exit code 2.
Sep 14 17:35:55 cu-cs-vm systemd-udevd[1825]: Process '/bin/sh -c 'echo 180 >/sys$DEVPATH/timeout'' failed with exit code 2.
Sep 14 17:35:55 cu-cs-vm kernel: [    0.998023] pci 0000:00:07.7: [15ad:0740] type 00 class 0x088000
Sep 14 17:35:55 cu-cs-vm systemd-udevd[1833]: Process '/bin/sh -c 'echo 180 >/sys$DEVPATH/timeout'' failed with exit code 2.
Sep 14 17:35:55 cu-cs-vm kernel: [    0.998923] pci 0000:00:07.7: reg 0x10: [io  0x1080-0x10bf]
Sep 14 17:35:55 cu-cs-vm kernel: [    0.999763] pci 0000:00:07.7: reg 0x14: [mem 0xfebfe000-0xfebfffff 64bit]
Sep 14 17:35:55 cu-cs-vm kernel: [    1.005193] pci 0000:00:0f.0: [15ad:0405] type 00 class 0x030000
Sep 14 17:35:55 cu-cs-vm kernel: [    1.008777] pci 0000:00:0f.0: reg 0x10: [io  0x1070-0x107f]
Sep 14 17:35:55 cu-cs-vm kernel: [    1.011708] pci 0000:00:0f.0: reg 0x14: [mem 0xe8000000-0xefffffff pref]
Sep 14 17:35:55 cu-cs-vm systemd-udevd[1832]: Process '/bin/sh -c 'echo 180 >/sys$DEVPATH/timeout'' failed with exit code 2.
Sep 14 17:35:55 cu-cs-vm systemd-udevd[1827]: Process '/bin/sh -c 'echo 180 >/sys$DEVPATH/timeout'' failed with exit code 2.
Sep 14 17:35:55 cu-cs-vm systemd-udevd[1836]: Process '/bin/sh -c 'echo 180 >/sys$DEVPATH/timeout'' failed with exit code 2.
Sep 14 17:35:55 cu-cs-vm systemd-udevd[1821]: Process '/bin/sh -c 'echo 180 >/sys$DEVPATH/timeout'' failed with exit code 2.
Sep 14 17:35:55 cu-cs-vm kernel: [    1.014766] pci 0000:00:0f.0: reg 0x18: [mem 0xfe000000-0xfe7fffff]
Sep 14 17:35:55 cu-cs-vm kernel: [    1.026465] pci 0000:00:0f.0: reg 0x30: [mem 0x00000000-0x00007fff pref]
Sep 14 17:35:55 cu-cs-vm kernel: [    1.027103] pci 0000:00:10.0: [1000:0030] type 00 class 0x010000
Sep 14 17:35:55 cu-cs-vm kernel: [    1.028626] pci 0000:00:10.0: reg 0x10: [io  0x1400-0x14ff]
Sep 14 17:35:55 cu-cs-vm kernel: [    1.029996] pci 0000:00:10.0: reg 0x14: [mem 0xfeba0000-0xfebbffff 64bit]
Sep 14 17:35:55 cu-cs-vm kernel: [    1.031470] pci 0000:00:10.0: reg 0x1c: [mem 0xfebc0000-0xfebdffff 64bit]
Sep 14 17:35:55 cu-cs-vm systemd-udevd[1830]: Process '/bin/sh -c 'echo 180 >/sys$DEVPATH/timeout'' failed with exit code 2.
Sep 14 17:35:55 cu-cs-vm systemd-udevd[1835]: Process '/bin/sh -c 'echo 180 >/sys$DEVPATH/timeout'' failed with exit code 2.
Sep 14 17:35:55 cu-cs-vm systemd-udevd[1818]: Process '/bin/sh -c 'echo 180 >/sys$DEVPATH/timeout'' failed with exit code 2.
Sep 14 17:35:55 cu-cs-vm systemd-udevd[1823]: Process '/bin/sh -c 'echo 180 >/sys$DEVPATH/timeout'' failed with exit code 2.
Sep 14 17:35:55 cu-cs-vm kernel: [    1.034314] pci 0000:00:10.0: reg 0x30: [mem 0x00000000-0x00003fff pref]
Sep 14 17:35:55 cu-cs-vm kernel: [    1.034906] pci 0000:00:11.0: [15ad:0790] type 01 class 0x060401
Sep 14 17:35:55 cu-cs-vm kernel: [    1.035546] pci 0000:00:11.0: System wakeup disabled by ACPI
Sep 14 17:35:55 cu-cs-vm kernel: [    1.035808] pci 0000:00:15.0: [15ad:07a0] type 01 class 0x060400
Sep 14 17:35:55 cu-cs-vm kernel: [    1.036622] pci 0000:00:15.0: PME# supported from D0 D3hot D3cold
Sep 14 17:35:55 cu-cs-vm kernel: [    1.036919] pci 0000:00:15.0: System wakeup disabled by ACPI
Sep 14 17:35:55 cu-cs-vm systemd-udevd[1834]: Process '/bin/sh -c 'echo 180 >/sys$DEVPATH/timeout'' failed with exit code 2.
Sep 14 17:35:55 cu-cs-vm systemd-udevd[1820]: Process '/bin/sh -c 'echo 180 >/sys$DEVPATH/timeout'' failed with exit code 2.
Sep 14 17:35:55 cu-cs-vm systemd-udevd[1835]: Process '/bin/sh -c 'echo 180 >/sys$DEVPATH/timeout'' failed with exit code 2.
Sep 14 17:35:55 cu-cs-vm systemd-udevd[1825]: Process '/bin/sh -c 'echo 180 >/sys$DEVPATH/timeout'' failed with exit code 2.
Sep 14 17:35:55 cu-cs-vm kernel: [    1.037195] pci 0000:00:15.1: [15ad:07a0] type 01 class 0x060400
Sep 14 17:35:55 cu-cs-vm kernel: [    1.037984] pci 0000:00:15.1: PME# supported from D0 D3hot D3cold
Sep 14 17:35:55 cu-cs-vm kernel: [    1.038193] pci 0000:00:15.1: System wakeup disabled by ACPI
Sep 14 17:35:55 cu-cs-vm kernel: [    1.038470] pci 0000:00:15.2: [15ad:07a0] type 01 class 0x060400
Sep 14 17:35:55 cu-cs-vm kernel: [    1.039246] pci 0000:00:15.2: PME# supported from D0 D3hot D3cold
Sep 14 17:35:55 cu-cs-vm systemd-udevd[1823]: Process '/bin/sh -c 'echo 180 >/sys$DEVPATH/timeout'' failed with exit code 2.
Sep 14 17:35:55 cu-cs-vm systemd-udevd[1832]: Process '/bin/sh -c 'echo 180 >/sys$DEVPATH/timeout'' failed with exit code 2.
Sep 14 17:35:55 cu-cs-vm systemd-udevd[1836]: Process '/bin/sh -c 'echo 180 >/sys$DEVPATH/timeout'' failed with exit code 2.
Sep 14 17:35:55 cu-cs-vm systemd-udevd[1821]: Process '/bin/sh -c 'echo 180 >/sys$DEVPATH/timeout'' failed with exit code 2.
Sep 14 17:35:55 cu-cs-vm kernel: [    1.039454] pci 0000:00:15.2: System wakeup disabled by ACPI
Sep 14 17:35:55 cu-cs-vm kernel: [    1.039674] pci 0000:00:15.3: [15ad:07a0] type 01 class 0x060400
Sep 14 17:35:55 cu-cs-vm kernel: [    1.040449] pci 0000:00:15.3: PME# supported from D0 D3hot D3cold
Sep 14 17:35:55 cu-cs-vm kernel: [    1.040656] pci 0000:00:15.3: System wakeup disabled by ACPI
Sep 14 17:35:55 cu-cs-vm kernel: [    1.040932] pci 0000:00:15.4: [15ad:07a0] type 01 class 0x060400
Sep 14 17:35:55 cu-cs-vm kernel: [    1.041800] pci 0000:00:15.4: PME# supported from D0 D3hot D3cold
Sep 14 17:35:55 cu-cs-vm systemd-udevd[1833]: Process '/bin/sh -c 'echo 180 >/sys$DEVPATH/timeout'' failed with exit code 2.
Sep 14 17:35:55 cu-cs-vm systemd-udevd[1830]: Process '/bin/sh -c 'echo 180 >/sys$DEVPATH/timeout'' failed with exit code 2.
Sep 14 17:35:55 cu-cs-vm systemd-udevd[1827]: Process '/bin/sh -c 'echo 180 >/sys$DEVPATH/timeout'' failed with exit code 2.
Sep 14 17:35:55 cu-cs-vm systemd-udevd[1818]: Process '/bin/sh -c 'echo 180 >/sys$DEVPATH/timeout'' failed with exit code 2.
Sep 14 17:35:55 cu-cs-vm kernel: [    1.042016] pci 0000:00:15.4: System wakeup disabled by ACPI
Sep 14 17:35:55 cu-cs-vm kernel: [    1.042512] pci 0000:00:15.5: [15ad:07a0] type 01 class 0x060400
Sep 14 17:35:55 cu-cs-vm kernel: [    1.043294] pci 0000:00:15.5: PME# supported from D0 D3hot D3cold
Sep 14 17:35:55 cu-cs-vm kernel: [    1.043504] pci 0000:00:15.5: System wakeup disabled by ACPI
Sep 14 17:35:55 cu-cs-vm kernel: [    1.043728] pci 0000:00:15.6: [15ad:07a0] type 01 class 0x060400
Sep 14 17:35:55 cu-cs-vm kernel: [    1.044570] pci 0000:00:15.6: PME# supported from D0 D3hot D3cold
Sep 14 17:35:55 cu-cs-vm kernel: [    1.044796] pci 0000:00:15.6: System wakeup disabled by ACPI
Sep 14 17:35:55 cu-cs-vm kernel: [    1.045281] pci 0000:00:15.7: [15ad:07a0] type 01 class 0x060400
Sep 14 17:35:55 cu-cs-vm kernel: [    1.046352] pci 0000:00:15.7: PME# supported from D0 D3hot D3cold
Sep 14 17:35:55 cu-cs-vm kernel: [    1.046723] pci 0000:00:15.7: System wakeup disabled by ACPI
Sep 14 17:35:55 cu-cs-vm kernel: [    1.047233] pci 0000:00:16.0: [15ad:07a0] type 01 class 0x060400
Sep 14 17:35:55 cu-cs-vm kernel: [    1.048119] pci 0000:00:16.0: PME# supported from D0 D3hot D3cold
Sep 14 17:35:55 cu-cs-vm kernel: [    1.048470] pci 0000:00:16.0: System wakeup disabled by ACPI
Sep 14 17:35:55 cu-cs-vm kernel: [    1.048714] pci 0000:00:16.1: [15ad:07a0] type 01 class 0x060400
Sep 14 17:35:55 cu-cs-vm kernel: [    1.049488] pci 0000:00:16.1: PME# supported from D0 D3hot D3cold
Sep 14 17:35:55 cu-cs-vm kernel: [    1.049761] pci 0000:00:16.1: System wakeup disabled by ACPI
Sep 14 17:35:55 cu-cs-vm kernel: [    1.050045] pci 0000:00:16.2: [15ad:07a0] type 01 class 0x060400
Sep 14 17:35:55 cu-cs-vm kernel: [    1.050818] pci 0000:00:16.2: PME# supported from D0 D3hot D3cold
Sep 14 17:35:55 cu-cs-vm kernel: [    1.051026] pci 0000:00:16.2: System wakeup disabled by ACPI
Sep 14 17:35:55 cu-cs-vm kernel: [    1.051306] pci 0000:00:16.3: [15ad:07a0] type 01 class 0x060400
Sep 14 17:35:55 cu-cs-vm kernel: [    1.052079] pci 0000:00:16.3: PME# supported from D0 D3hot D3cold
Sep 14 17:35:55 cu-cs-vm kernel: [    1.052286] pci 0000:00:16.3: System wakeup disabled by ACPI
Sep 14 17:35:55 cu-cs-vm kernel: [    1.052515] pci 0000:00:16.4: [15ad:07a0] type 01 class 0x060400
Sep 14 17:35:55 cu-cs-vm kernel: [    1.053289] pci 0000:00:16.4: PME# supported from D0 D3hot D3cold
Sep 14 17:35:55 cu-cs-vm kernel: [    1.053496] pci 0000:00:16.4: System wakeup disabled by ACPI
Sep 14 17:35:55 cu-cs-vm kernel: [    1.053988] pci 0000:00:16.5: [15ad:07a0] type 01 class 0x060400
Sep 14 17:35:55 cu-cs-vm kernel: [    1.055229] pci 0000:00:16.5: PME# supported from D0 D3hot D3cold
Sep 14 17:35:55 cu-cs-vm kernel: [    1.055642] pci 0000:00:16.5: System wakeup disabled by ACPI
Sep 14 17:35:55 cu-cs-vm kernel: [    1.056001] pci 0000:00:16.6: [15ad:07a0] type 01 class 0x060400
Sep 14 17:35:55 cu-cs-vm kernel: [    1.056797] pci 0000:00:16.6: PME# supported from D0 D3hot D3cold
Sep 14 17:35:55 cu-cs-vm kernel: [    1.057010] pci 0000:00:16.6: System wakeup disabled by ACPI
Sep 14 17:35:55 cu-cs-vm kernel: [    1.057244] pci 0000:00:16.7: [15ad:07a0] type 01 class 0x060400
Sep 14 17:35:55 cu-cs-vm kernel: [    1.058051] pci 0000:00:16.7: PME# supported from D0 D3hot D3cold
Sep 14 17:35:55 cu-cs-vm kernel: [    1.058260] pci 0000:00:16.7: System wakeup disabled by ACPI
Sep 14 17:35:55 cu-cs-vm kernel: [    1.058585] pci 0000:00:17.0: [15ad:07a0] type 01 class 0x060400
Sep 14 17:35:55 cu-cs-vm kernel: [    1.059499] pci 0000:00:17.0: PME# supported from D0 D3hot D3cold
Sep 14 17:35:55 cu-cs-vm kernel: [    1.059948] pci 0000:00:17.0: System wakeup disabled by ACPI
Sep 14 17:35:55 cu-cs-vm kernel: [    1.060625] pci 0000:00:17.1: [15ad:07a0] type 01 class 0x060400
Sep 14 17:35:55 cu-cs-vm kernel: [    1.061618] pci 0000:00:17.1: PME# supported from D0 D3hot D3cold
Sep 14 17:35:55 cu-cs-vm kernel: [    1.062020] pci 0000:00:17.1: System wakeup disabled by ACPI
Sep 14 17:35:55 cu-cs-vm kernel: [    1.062300] pci 0000:00:17.2: [15ad:07a0] type 01 class 0x060400
Sep 14 17:35:55 cu-cs-vm kernel: [    1.063118] pci 0000:00:17.2: PME# supported from D0 D3hot D3cold
Sep 14 17:35:55 cu-cs-vm kernel: [    1.063348] pci 0000:00:17.2: System wakeup disabled by ACPI
Sep 14 17:35:55 cu-cs-vm kernel: [    1.063667] pci 0000:00:17.3: [15ad:07a0] type 01 class 0x060400
Sep 14 17:35:55 cu-cs-vm kernel: [    1.064449] pci 0000:00:17.3: PME# supported from D0 D3hot D3cold
Sep 14 17:35:55 cu-cs-vm kernel: [    1.064658] pci 0000:00:17.3: System wakeup disabled by ACPI
Sep 14 17:35:55 cu-cs-vm kernel: [    1.064943] pci 0000:00:17.4: [15ad:07a0] type 01 class 0x060400
Sep 14 17:35:55 cu-cs-vm kernel: [    1.065721] pci 0000:00:17.4: PME# supported from D0 D3hot D3cold
Sep 14 17:35:55 cu-cs-vm kernel: [    1.065942] pci 0000:00:17.4: System wakeup disabled by ACPI
Sep 14 17:35:55 cu-cs-vm kernel: [    1.066349] pci 0000:00:17.5: [15ad:07a0] type 01 class 0x060400
Sep 14 17:35:55 cu-cs-vm kernel: [    1.067129] pci 0000:00:17.5: PME# supported from D0 D3hot D3cold
Sep 14 17:35:55 cu-cs-vm kernel: [    1.067339] pci 0000:00:17.5: System wakeup disabled by ACPI
Sep 14 17:35:55 cu-cs-vm kernel: [    1.067620] pci 0000:00:17.6: [15ad:07a0] type 01 class 0x060400
Sep 14 17:35:55 cu-cs-vm kernel: [    1.068429] pci 0000:00:17.6: PME# supported from D0 D3hot D3cold
Sep 14 17:35:55 cu-cs-vm kernel: [    1.068637] pci 0000:00:17.6: System wakeup disabled by ACPI
Sep 14 17:35:55 cu-cs-vm kernel: [    1.068947] pci 0000:00:17.7: [15ad:07a0] type 01 class 0x060400
Sep 14 17:35:55 cu-cs-vm kernel: [    1.069724] pci 0000:00:17.7: PME# supported from D0 D3hot D3cold
Sep 14 17:35:55 cu-cs-vm kernel: [    1.069972] pci 0000:00:17.7: System wakeup disabled by ACPI
Sep 14 17:35:55 cu-cs-vm kernel: [    1.070256] pci 0000:00:18.0: [15ad:07a0] type 01 class 0x060400
Sep 14 17:35:55 cu-cs-vm kernel: [    1.071055] pci 0000:00:18.0: PME# supported from D0 D3hot D3cold
Sep 14 17:35:55 cu-cs-vm kernel: [    1.071265] pci 0000:00:18.0: System wakeup disabled by ACPI
Sep 14 17:35:55 cu-cs-vm kernel: [    1.071587] pci 0000:00:18.1: [15ad:07a0] type 01 class 0x060400
Sep 14 17:35:55 cu-cs-vm kernel: [    1.072567] pci 0000:00:18.1: PME# supported from D0 D3hot D3cold
Sep 14 17:35:55 cu-cs-vm kernel: [    1.072908] pci 0000:00:18.1: System wakeup disabled by ACPI
Sep 14 17:35:55 cu-cs-vm kernel: [    1.073306] pci 0000:00:18.2: [15ad:07a0] type 01 class 0x060400
Sep 14 17:35:55 cu-cs-vm kernel: [    1.074359] pci 0000:00:18.2: PME# supported from D0 D3hot D3cold
Sep 14 17:35:55 cu-cs-vm kernel: [    1.074725] pci 0000:00:18.2: System wakeup disabled by ACPI
Sep 14 17:35:55 cu-cs-vm kernel: [    1.075058] pci 0000:00:18.3: [15ad:07a0] type 01 class 0x060400
Sep 14 17:35:55 cu-cs-vm kernel: [    1.076068] pci 0000:00:18.3: PME# supported from D0 D3hot D3cold
Sep 14 17:35:55 cu-cs-vm kernel: [    1.076506] pci 0000:00:18.3: System wakeup disabled by ACPI
Sep 14 17:35:55 cu-cs-vm kernel: [    1.076811] pci 0000:00:18.4: [15ad:07a0] type 01 class 0x060400
Sep 14 17:35:55 cu-cs-vm kernel: [    1.077640] pci 0000:00:18.4: PME# supported from D0 D3hot D3cold
Sep 14 17:35:55 cu-cs-vm kernel: [    1.077870] pci 0000:00:18.4: System wakeup disabled by ACPI
Sep 14 17:35:55 cu-cs-vm kernel: [    1.078357] pci 0000:00:18.5: [15ad:07a0] type 01 class 0x060400
Sep 14 17:35:55 cu-cs-vm kernel: [    1.079127] pci 0000:00:18.5: PME# supported from D0 D3hot D3cold
Sep 14 17:35:55 cu-cs-vm kernel: [    1.079335] pci 0000:00:18.5: System wakeup disabled by ACPI
Sep 14 17:35:55 cu-cs-vm kernel: [    1.079609] pci 0000:00:18.6: [15ad:07a0] type 01 class 0x060400
Sep 14 17:35:55 cu-cs-vm kernel: [    1.080420] pci 0000:00:18.6: PME# supported from D0 D3hot D3cold
Sep 14 17:35:55 cu-cs-vm kernel: [    1.080631] pci 0000:00:18.6: System wakeup disabled by ACPI
Sep 14 17:35:55 cu-cs-vm kernel: [    1.080852] pci 0000:00:18.7: [15ad:07a0] type 01 class 0x060400
Sep 14 17:35:55 cu-cs-vm kernel: [    1.081663] pci 0000:00:18.7: PME# supported from D0 D3hot D3cold
Sep 14 17:35:55 cu-cs-vm kernel: [    1.081880] pci 0000:00:18.7: System wakeup disabled by ACPI
Sep 14 17:35:55 cu-cs-vm kernel: [    1.082573] pci 0000:00:01.0: PCI bridge to [bus 01]
Sep 14 17:35:55 cu-cs-vm kernel: [    1.083145] acpiphp: Slot [32] registered
Sep 14 17:35:55 cu-cs-vm kernel: [    1.083242] acpiphp: Slot [33] registered
Sep 14 17:35:55 cu-cs-vm kernel: [    1.083383] acpiphp: Slot [34] registered
Sep 14 17:35:55 cu-cs-vm kernel: [    1.083479] acpiphp: Slot [35] registered
Sep 14 17:35:55 cu-cs-vm kernel: [    1.083573] acpiphp: Slot [36] registered
Sep 14 17:35:55 cu-cs-vm kernel: [    1.083666] acpiphp: Slot [37] registered
Sep 14 17:35:55 cu-cs-vm kernel: [    1.083761] acpiphp: Slot [38] registered
Sep 14 17:35:55 cu-cs-vm kernel: [    1.083854] acpiphp: Slot [39] registered
Sep 14 17:35:55 cu-cs-vm kernel: [    1.083947] acpiphp: Slot [40] registered
Sep 14 17:35:55 cu-cs-vm kernel: [    1.084040] acpiphp: Slot [41] registered
Sep 14 17:35:55 cu-cs-vm kernel: [    1.084133] acpiphp: Slot [42] registered
Sep 14 17:35:55 cu-cs-vm kernel: [    1.084225] acpiphp: Slot [43] registered
Sep 14 17:35:55 cu-cs-vm kernel: [    1.084317] acpiphp: Slot [44] registered
Sep 14 17:35:55 cu-cs-vm systemd-udevd[1834]: Process '/bin/sh -c 'echo 180 >/sys$DEVPATH/timeout'' failed with exit code 2.
Sep 14 17:35:55 cu-cs-vm kernel: [    1.084410] acpiphp: Slot [45] registered
Sep 14 17:35:55 cu-cs-vm kernel: [    1.084503] acpiphp: Slot [46] registered
Sep 14 17:35:55 cu-cs-vm kernel: [    1.084597] acpiphp: Slot [47] registered
Sep 14 17:35:55 cu-cs-vm systemd-udevd[1835]: Process '/bin/sh -c 'echo 180 >/sys$DEVPATH/timeout'' failed with exit code 2.
Sep 14 17:35:55 cu-cs-vm systemd-udevd[1820]: Process '/bin/sh -c 'echo 180 >/sys$DEVPATH/timeout'' failed with exit code 2.
Sep 14 17:35:55 cu-cs-vm systemd-udevd[1825]: Process '/bin/sh -c 'echo 180 >/sys$DEVPATH/timeout'' failed with exit code 2.
Sep 14 17:35:55 cu-cs-vm kernel: [    1.084738] acpiphp: Slot [48] registered
Sep 14 17:35:55 cu-cs-vm kernel: [    1.084833] acpiphp: Slot [49] registered
Sep 14 17:35:55 cu-cs-vm kernel: [    1.084926] acpiphp: Slot [50] registered
Sep 14 17:35:55 cu-cs-vm kernel: [    1.085018] acpiphp: Slot [51] registered
Sep 14 17:35:55 cu-cs-vm kernel: [    1.085111] acpiphp: Slot [52] registered
Sep 14 17:35:55 cu-cs-vm kernel: [    1.085203] acpiphp: Slot [53] registered
Sep 14 17:35:55 cu-cs-vm systemd-udevd[1827]: Process '/bin/sh -c 'echo 180 >/sys$DEVPATH/timeout'' failed with exit code 2.
Sep 14 17:35:55 cu-cs-vm systemd-udevd[1836]: Process '/bin/sh -c 'echo 180 >/sys$DEVPATH/timeout'' failed with exit code 2.
Sep 14 17:35:55 cu-cs-vm systemd-udevd[1830]: Process '/bin/sh -c 'echo 180 >/sys$DEVPATH/timeout'' failed with exit code 2.
Sep 14 17:35:55 cu-cs-vm systemd-udevd[1821]: Process '/bin/sh -c 'echo 180 >/sys$DEVPATH/timeout'' failed with exit code 2.
Sep 14 17:35:55 cu-cs-vm kernel: [    1.086542] acpiphp: Slot [54] registered
Sep 14 17:35:55 cu-cs-vm kernel: [    1.086668] acpiphp: Slot [55] registered
Sep 14 17:35:55 cu-cs-vm kernel: [    1.086763] acpiphp: Slot [56] registered
Sep 14 17:35:55 cu-cs-vm kernel: [    1.086869] acpiphp: Slot [57] registered
Sep 14 17:35:55 cu-cs-vm kernel: [    1.087004] acpiphp: Slot [58] registered
Sep 14 17:35:55 cu-cs-vm kernel: [    1.087106] acpiphp: Slot [59] registered
Sep 14 17:35:55 cu-cs-vm systemd-udevd[1834]: Process '/bin/sh -c 'echo 180 >/sys$DEVPATH/timeout'' failed with exit code 2.
Sep 14 17:35:55 cu-cs-vm systemd-udevd[1835]: Process '/bin/sh -c 'echo 180 >/sys$DEVPATH/timeout'' failed with exit code 2.
Sep 14 17:35:55 cu-cs-vm systemd-udevd[1832]: Process '/bin/sh -c 'echo 180 >/sys$DEVPATH/timeout'' failed with exit code 2.
Sep 14 17:35:55 cu-cs-vm kernel: [    1.087207] acpiphp: Slot [60] registered
Sep 14 17:35:55 cu-cs-vm kernel: [    1.087405] acpiphp: Slot [61] registered
Sep 14 17:35:55 cu-cs-vm kernel: [    1.087552] acpiphp: Slot [62] registered
Sep 14 17:35:55 cu-cs-vm kernel: [    1.087696] acpiphp: Slot [63] registered
Sep 14 17:35:55 cu-cs-vm kernel: [    1.087926] pci 0000:02:00.0: [15ad:0774] type 00 class 0x0c0300
Sep 14 17:35:55 cu-cs-vm kernel: [    1.091540] pci 0000:02:00.0: reg 0x20: [io  0x20c0-0x20df]
Sep 14 17:35:55 cu-cs-vm systemd-udevd[1825]: Process '/bin/sh -c 'echo 180 >/sys$DEVPATH/timeout'' failed with exit code 2.
Sep 14 17:35:55 cu-cs-vm systemd-udevd[1820]: Process '/bin/sh -c 'echo 180 >/sys$DEVPATH/timeout'' failed with exit code 2.
Sep 14 17:35:55 cu-cs-vm systemd-udevd[1821]: Process '/bin/sh -c 'echo 180 >/sys$DEVPATH/timeout'' failed with exit code 2.
Sep 14 17:35:55 cu-cs-vm systemd-udevd[1835]: Process '/bin/sh -c 'echo 180 >/sys$DEVPATH/timeout'' failed with exit code 2.
Sep 14 17:35:55 cu-cs-vm kernel: [    1.093255] pci 0000:02:00.0: System wakeup disabled by ACPI
Sep 14 17:35:55 cu-cs-vm kernel: [    1.093436] pci 0000:02:01.0: [1022:2000] type 00 class 0x020000
Sep 14 17:35:55 cu-cs-vm kernel: [    1.093947] pci 0000:02:01.0: reg 0x10: [io  0x2000-0x207f]
Sep 14 17:35:55 cu-cs-vm kernel: [    1.096397] pci 0000:02:01.0: reg 0x30: [mem 0x00000000-0x0000ffff pref]
Sep 14 17:35:55 cu-cs-vm kernel: [    1.096721] pci 0000:02:01.0: System wakeup disabled by ACPI
Sep 14 17:35:55 cu-cs-vm systemd-udevd[1834]: Process '/bin/sh -c 'echo 180 >/sys$DEVPATH/timeout'' failed with exit code 2.
Sep 14 17:35:55 cu-cs-vm systemd-udevd[1830]: Process '/bin/sh -c 'echo 180 >/sys$DEVPATH/timeout'' failed with exit code 2.
