Sep 15 14:16:55 cu-cs-vm rsyslogd: [origin software="rsyslogd" swVersion="8.16.0" x-pid="3580" x-info="http://www.rsyslog.com"] rsyslogd was HUPed
Sep 15 14:17:01 cu-cs-vm CRON[5429]: (root) CMD (   cd / && run-parts --report /etc/cron.hourly)
Sep 15 14:17:28 cu-cs-vm anacron[3550]: Job `cron.daily' terminated
Sep 15 14:17:28 cu-cs-vm anacron[3550]: Normal exit (1 job run)
Sep 15 14:21:54 cu-cs-vm uptimed: moving up to position 9: 0 days, 00:10:09
Sep 15 14:22:32 cu-cs-vm NetworkManager[3715]: <info>  [1505506952.6933] device (ens33): link disconnected (deferring action for 4 seconds)
Sep 15 14:22:32 cu-cs-vm kernel: [  647.284449] pcnet32 0000:02:01.0 ens33: link down
Sep 15 14:22:36 cu-cs-vm NetworkManager[3715]: <info>  [1505506956.8880] device (ens33): link disconnected (calling deferred action)
Sep 15 14:22:36 cu-cs-vm NetworkManager[3715]: <info>  [1505506956.8884] device (ens33): state change: activated -> unavailable (reason 'carrier-changed') [100 20 40]
Sep 15 14:22:36 cu-cs-vm NetworkManager[3715]: <info>  [1505506956.9059] dhcp4 (ens33): canceled DHCP transaction, DHCP client pid 4291
Sep 15 14:22:36 cu-cs-vm NetworkManager[3715]: <info>  [1505506956.9060] dhcp4 (ens33): state changed bound -> done
Sep 15 14:22:36 cu-cs-vm avahi-daemon[3736]: Withdrawing address record for 172.16.178.128 on ens33.
Sep 15 14:22:36 cu-cs-vm avahi-daemon[3736]: Leaving mDNS multicast group on interface ens33.IPv4 with address 172.16.178.128.
Sep 15 14:22:37 cu-cs-vm avahi-daemon[3736]: Interface ens33.IPv4 no longer relevant for mDNS.
Sep 15 14:22:37 cu-cs-vm NetworkManager[3715]: <info>  [1505506957.3263] dns-mgr: Writing DNS information to /sbin/resolvconf
Sep 15 14:22:37 cu-cs-vm avahi-daemon[3736]: Withdrawing address record for fe80::d36:b7f6:8ab7:80d6 on ens33.
Sep 15 14:22:37 cu-cs-vm avahi-daemon[3736]: Leaving mDNS multicast group on interface ens33.IPv6 with address fe80::d36:b7f6:8ab7:80d6.
Sep 15 14:22:37 cu-cs-vm dnsmasq[4458]: setting upstream servers from DBus
Sep 15 14:22:37 cu-cs-vm avahi-daemon[3736]: Interface ens33.IPv6 no longer relevant for mDNS.
Sep 15 14:22:37 cu-cs-vm NetworkManager[3715]: <info>  [1505506957.5435] manager: NetworkManager state is now CONNECTED_LOCAL
Sep 15 14:22:37 cu-cs-vm NetworkManager[3715]: <info>  [1505506957.5444] manager: NetworkManager state is now DISCONNECTED
Sep 15 14:22:37 cu-cs-vm dbus[3642]: [system] Activating via systemd: service name='org.freedesktop.nm_dispatcher' unit='dbus-org.freedesktop.nm-dispatcher.service'
Sep 15 14:22:37 cu-cs-vm systemd[1]: Starting Network Manager Script Dispatcher Service...
Sep 15 14:22:37 cu-cs-vm dbus[3642]: [system] Successfully activated service 'org.freedesktop.nm_dispatcher'
Sep 15 14:22:37 cu-cs-vm systemd[1]: Started Network Manager Script Dispatcher Service.
Sep 15 14:22:37 cu-cs-vm nm-dispatcher: req:1 'down' [ens33]: new request (1 scripts)
Sep 15 14:22:37 cu-cs-vm nm-dispatcher: req:1 'down' [ens33]: start running ordered scripts...
Sep 15 14:22:42 cu-cs-vm whoopsie[4900]: [14:22:42] Cannot reach: https://daisy.ubuntu.com
Sep 15 14:22:42 cu-cs-vm whoopsie[4900]: [14:22:42] offline
Sep 15 14:22:42 cu-cs-vm whoopsie[4900]: [14:22:42] Cannot reach: https://daisy.ubuntu.com
Sep 15 14:22:42 cu-cs-vm NetworkManager[3715]: <info>  [1505506962.6925] device (ens33): link connected
Sep 15 14:22:42 cu-cs-vm NetworkManager[3715]: <info>  [1505506962.6932] device (ens33): state change: unavailable -> disconnected (reason 'carrier-changed') [20 30 40]
Sep 15 14:22:42 cu-cs-vm kernel: [  657.283658] pcnet32 0000:02:01.0 ens33: link up
Sep 15 14:22:43 cu-cs-vm NetworkManager[3715]: <info>  [1505506963.1021] policy: auto-activating connection 'Wired connection 1'
Sep 15 14:22:43 cu-cs-vm whoopsie[4900]: [14:22:43] Cannot reach: https://daisy.ubuntu.com
Sep 15 14:22:43 cu-cs-vm NetworkManager[3715]: <info>  [1505506963.1028] device (ens33): Activation: starting connection 'Wired connection 1' (d36bc5c4-7d9e-324f-ba16-0cfe5e8b38f8)
Sep 15 14:22:43 cu-cs-vm NetworkManager[3715]: <info>  [1505506963.1029] device (ens33): state change: disconnected -> prepare (reason 'none') [30 40 0]
Sep 15 14:22:43 cu-cs-vm NetworkManager[3715]: <info>  [1505506963.1030] manager: NetworkManager state is now CONNECTING
Sep 15 14:22:43 cu-cs-vm NetworkManager[3715]: <info>  [1505506963.1035] device (ens33): state change: prepare -> config (reason 'none') [40 50 0]
Sep 15 14:22:43 cu-cs-vm whoopsie[4900]: [14:22:43] Cannot reach: https://daisy.ubuntu.com
Sep 15 14:22:43 cu-cs-vm NetworkManager[3715]: <info>  [1505506963.3087] device (ens33): state change: config -> ip-config (reason 'none') [50 70 0]
Sep 15 14:22:43 cu-cs-vm NetworkManager[3715]: <info>  [1505506963.3091] dhcp4 (ens33): activation: beginning transaction (timeout in 45 seconds)
Sep 15 14:22:43 cu-cs-vm NetworkManager[3715]: <info>  [1505506963.3166] dhcp4 (ens33): dhclient started with pid 5544
Sep 15 14:22:43 cu-cs-vm whoopsie[4900]: [14:22:43] Cannot reach: https://daisy.ubuntu.com
Sep 15 14:22:43 cu-cs-vm whoopsie[4900]: [14:22:43] Cannot reach: https://daisy.ubuntu.com
Sep 15 14:22:43 cu-cs-vm dhclient[5544]: DHCPREQUEST of 172.16.178.128 on ens33 to 255.255.255.255 port 67 (xid=0x558a4025)
Sep 15 14:22:43 cu-cs-vm dhclient[5544]: DHCPACK of 172.16.178.128 from 172.16.178.254
Sep 15 14:22:43 cu-cs-vm NetworkManager[3715]: <info>  [1505506963.9653]   address 172.16.178.128
Sep 15 14:22:43 cu-cs-vm NetworkManager[3715]: <info>  [1505506963.9659]   plen 24 (255.255.255.0)
Sep 15 14:22:43 cu-cs-vm NetworkManager[3715]: <info>  [1505506963.9662]   gateway 172.16.178.2
Sep 15 14:22:43 cu-cs-vm NetworkManager[3715]: <info>  [1505506963.9665]   server identifier 172.16.178.254
Sep 15 14:22:43 cu-cs-vm NetworkManager[3715]: <info>  [1505506963.9668]   lease time 1800
Sep 15 14:22:43 cu-cs-vm NetworkManager[3715]: <info>  [1505506963.9671]   nameserver '172.16.178.2'
Sep 15 14:22:43 cu-cs-vm NetworkManager[3715]: <info>  [1505506963.9673]   domain name 'localdomain'
Sep 15 14:22:43 cu-cs-vm NetworkManager[3715]: <info>  [1505506963.9675]   wins '172.16.178.2'
Sep 15 14:22:43 cu-cs-vm NetworkManager[3715]: <info>  [1505506963.9678] dhcp4 (ens33): state changed unknown -> bound
Sep 15 14:22:43 cu-cs-vm avahi-daemon[3736]: Joining mDNS multicast group on interface ens33.IPv4 with address 172.16.178.128.
Sep 15 14:22:43 cu-cs-vm dhclient[5544]: bound to 172.16.178.128 -- renewal in 835 seconds.
Sep 15 14:22:44 cu-cs-vm avahi-daemon[3736]: New relevant interface ens33.IPv4 for mDNS.
Sep 15 14:22:44 cu-cs-vm NetworkManager[3715]: <info>  [1505506964.1768] device (ens33): state change: ip-config -> ip-check (reason 'none') [70 80 0]
Sep 15 14:22:44 cu-cs-vm avahi-daemon[3736]: Registering new address record for 172.16.178.128 on ens33.IPv4.
Sep 15 14:22:44 cu-cs-vm NetworkManager[3715]: <info>  [1505506964.1778] device (ens33): state change: ip-check -> secondaries (reason 'none') [80 90 0]
Sep 15 14:22:44 cu-cs-vm NetworkManager[3715]: <info>  [1505506964.1780] device (ens33): state change: secondaries -> activated (reason 'none') [90 100 0]
Sep 15 14:22:44 cu-cs-vm NetworkManager[3715]: <info>  [1505506964.1781] manager: NetworkManager state is now CONNECTED_LOCAL
Sep 15 14:22:44 cu-cs-vm NetworkManager[3715]: <info>  [1505506964.1790] manager: NetworkManager state is now CONNECTED_GLOBAL
Sep 15 14:22:44 cu-cs-vm NetworkManager[3715]: <info>  [1505506964.1791] policy: set 'Wired connection 1' (ens33) as default for IPv4 routing and DNS
Sep 15 14:22:44 cu-cs-vm NetworkManager[3715]: <info>  [1505506964.1795] dns-mgr: Writing DNS information to /sbin/resolvconf
Sep 15 14:22:44 cu-cs-vm dnsmasq[4458]: setting upstream servers from DBus
Sep 15 14:22:44 cu-cs-vm dnsmasq[4458]: using nameserver 172.16.178.2#53(via ens33)
Sep 15 14:22:44 cu-cs-vm whoopsie[4900]: [14:22:44] Cannot reach: https://daisy.ubuntu.com
Sep 15 14:22:44 cu-cs-vm NetworkManager[3715]: <info>  [1505506964.2450] device (ens33): Activation: successful, device activated.
Sep 15 14:22:44 cu-cs-vm nm-dispatcher: req:2 'up' [ens33]: new request (1 scripts)
Sep 15 14:22:44 cu-cs-vm nm-dispatcher: req:2 'up' [ens33]: start running ordered scripts...
Sep 15 14:22:44 cu-cs-vm whoopsie[4900]: [14:22:44] The default IPv4 route is: /org/freedesktop/NetworkManager/ActiveConnection/1
Sep 15 14:22:44 cu-cs-vm whoopsie[4900]: [14:22:44] Not a paid data plan: /org/freedesktop/NetworkManager/ActiveConnection/1
Sep 15 14:22:44 cu-cs-vm whoopsie[4900]: [14:22:44] Found usable connection: /org/freedesktop/NetworkManager/ActiveConnection/1
Sep 15 14:22:44 cu-cs-vm whoopsie[4900]: [14:22:44] online
Sep 15 14:22:44 cu-cs-vm systemd[1]: Reloading OpenBSD Secure Shell server.
Sep 15 14:22:44 cu-cs-vm systemd[1]: Reloaded OpenBSD Secure Shell server.
Sep 15 14:22:44 cu-cs-vm systemd[1]: Reloading OpenBSD Secure Shell server.
Sep 15 14:22:44 cu-cs-vm systemd[1]: Reloaded OpenBSD Secure Shell server.
Sep 15 14:22:45 cu-cs-vm avahi-daemon[3736]: Joining mDNS multicast group on interface ens33.IPv6 with address fe80::d36:b7f6:8ab7:80d6.
Sep 15 14:22:46 cu-cs-vm avahi-daemon[3736]: New relevant interface ens33.IPv6 for mDNS.
Sep 15 14:22:46 cu-cs-vm avahi-daemon[3736]: Registering new address record for fe80::d36:b7f6:8ab7:80d6 on ens33.*.
Sep 15 14:26:53 cu-cs-vm systemd[1]: Starting Cleanup of Temporary Directories...
Sep 15 14:26:53 cu-cs-vm systemd-tmpfiles[5733]: [/usr/lib/tmpfiles.d/var.conf:14] Duplicate line for path "/var/log", ignoring.
Sep 15 14:26:53 cu-cs-vm systemd[1]: Started Cleanup of Temporary Directories.
Sep 15 14:30:50 cu-cs-vm systemd[4289]: Time has been changed
Sep 15 14:30:50 cu-cs-vm systemd[1]: Time has been changed
Sep 15 14:33:47 cu-cs-vm uptimed: moving up to position 7: 0 days, 00:20:09
Sep 15 14:38:32 cu-cs-vm dhclient[5544]: DHCPREQUEST of 172.16.178.128 on ens33 to 172.16.178.254 port 67 (xid=0x558a4025)
Sep 15 14:38:32 cu-cs-vm dhclient[5544]: DHCPACK of 172.16.178.128 from 172.16.178.254
Sep 15 14:38:32 cu-cs-vm NetworkManager[3715]: <info>  [1505507912.1530]   address 172.16.178.128
Sep 15 14:38:32 cu-cs-vm NetworkManager[3715]: <info>  [1505507912.1531]   plen 24 (255.255.255.0)
Sep 15 14:38:32 cu-cs-vm NetworkManager[3715]: <info>  [1505507912.1531]   gateway 172.16.178.2
Sep 15 14:38:32 cu-cs-vm NetworkManager[3715]: <info>  [1505507912.1531]   server identifier 172.16.178.254
Sep 15 14:38:32 cu-cs-vm NetworkManager[3715]: <info>  [1505507912.1531]   lease time 1800
Sep 15 14:38:32 cu-cs-vm NetworkManager[3715]: <info>  [1505507912.1532]   nameserver '172.16.178.2'
Sep 15 14:38:32 cu-cs-vm NetworkManager[3715]: <info>  [1505507912.1532]   domain name 'localdomain'
Sep 15 14:38:32 cu-cs-vm NetworkManager[3715]: <info>  [1505507912.1532]   wins '172.16.178.2'
Sep 15 14:38:32 cu-cs-vm NetworkManager[3715]: <info>  [1505507912.1532] dhcp4 (ens33): state changed bound -> bound
Sep 15 14:38:32 cu-cs-vm dbus[3642]: [system] Activating via systemd: service name='org.freedesktop.nm_dispatcher' unit='dbus-org.freedesktop.nm-dispatcher.service'
Sep 15 14:38:32 cu-cs-vm dhclient[5544]: bound to 172.16.178.128 -- renewal in 863 seconds.
Sep 15 14:38:32 cu-cs-vm systemd[1]: Starting Network Manager Script Dispatcher Service...
Sep 15 14:38:32 cu-cs-vm dbus[3642]: [system] Successfully activated service 'org.freedesktop.nm_dispatcher'
Sep 15 14:38:32 cu-cs-vm systemd[1]: Started Network Manager Script Dispatcher Service.
Sep 15 14:38:32 cu-cs-vm nm-dispatcher: req:1 'dhcp4-change' [ens33]: new request (1 scripts)
Sep 15 14:38:32 cu-cs-vm nm-dispatcher: req:1 'dhcp4-change' [ens33]: start running ordered scripts...
Sep 15 14:47:47 cu-cs-vm systemd[1]: Stopping RealtimeKit Scheduling Policy Service...
Sep 15 14:47:47 cu-cs-vm systemd[1]: Stopping Daemon for power management...
Sep 15 14:47:47 cu-cs-vm systemd[1]: Stopping Daemon for generating UUIDs...
Sep 15 14:47:47 cu-cs-vm dbus[3642]: [system] Activating via systemd: service name='org.freedesktop.UPower' unit='upower.service'
Sep 15 14:47:47 cu-cs-vm ModemManager[3640]: <info>  Caught signal, shutting down...
Sep 15 14:47:47 cu-cs-vm thermald[3573]: Terminating ...
Sep 15 14:47:47 cu-cs-vm systemd[1]: Stopping Save/Restore Sound Card State...
Sep 15 14:47:47 cu-cs-vm obexd[5097]: Terminating
Sep 15 14:47:47 cu-cs-vm systemd[1]: Stopping Disk Manager...
Sep 15 14:47:47 cu-cs-vm systemd[1]: Stopping ACPI event daemon...
Sep 15 14:47:47 cu-cs-vm systemd[1]: Stopped target Sound Card.
Sep 15 14:47:47 cu-cs-vm systemd[1]: Stopped target Graphical Interface.
Sep 15 14:47:47 cu-cs-vm systemd[1]: Stopping Light Display Manager...
Sep 15 14:47:47 cu-cs-vm systemd[1]: Stopped target Multi-User System.
Sep 15 14:47:47 cu-cs-vm systemd[1]: Stopping Service for virtual machines hosted on VMware...
Sep 15 14:47:47 cu-cs-vm systemd[1]: Stopped target Login Prompts.
Sep 15 14:47:47 cu-cs-vm systemd[1]: Stopping Getty on tty1...
Sep 15 14:47:47 cu-cs-vm systemd[1]: Stopping LSB: Record successful boot for GRUB...
Sep 15 14:47:47 cu-cs-vm systemd[1]: Stopped Initialize hardware monitoring sensors.
Sep 15 14:47:47 cu-cs-vm systemd[1]: Stopping Thermal Daemon Service...
Sep 15 14:47:47 cu-cs-vm systemd[1]: Stopping Regular background program processing daemon...
Sep 15 14:47:47 cu-cs-vm NetworkManager[3715]: <info>  [1505508467.8170] ModemManager disappeared from bus
Sep 15 14:47:47 cu-cs-vm ModemManager[3640]: <info>  ModemManager is shut down
Sep 15 14:47:47 cu-cs-vm systemd[1]: Stopping Modem Manager...
Sep 15 14:47:47 cu-cs-vm systemd[1]: Stopping uptime record daemon...
Sep 15 14:47:47 cu-cs-vm systemd[1]: Stopping OpenBSD Secure Shell server...
Sep 15 14:47:47 cu-cs-vm systemd[1]: Stopping LSB: Set the CPU Frequency Scaling governor to "ondemand"...
Sep 15 14:47:47 cu-cs-vm systemd[1]: Stopping LSB: Load kernel image with kexec...
Sep 15 14:47:47 cu-cs-vm systemd[1]: Stopping LSB: disk temperature monitoring daemon...
Sep 15 14:47:47 cu-cs-vm systemd[1]: Stopping LSB: automatic crash report generation...
Sep 15 14:47:47 cu-cs-vm systemd[1]: Stopping Accounts Service...
Sep 15 14:47:47 cu-cs-vm systemd[1]: Stopping LSB: Speech Dispatcher...
Sep 15 14:47:47 cu-cs-vm systemd[1]: Stopping LSB: daemon to balance interrupts for SMP systems...
Sep 15 14:47:47 cu-cs-vm rsyslogd: [origin software="rsyslogd" swVersion="8.16.0" x-pid="3580" x-info="http://www.rsyslog.com"] exiting on signal 15.
Sep 15 14:48:18 cu-cs-vm rsyslogd: [origin software="rsyslogd" swVersion="8.16.0" x-pid="3889" x-info="http://www.rsyslog.com"] start
Sep 15 14:48:18 cu-cs-vm rsyslogd-2222: command 'KLogPermitNonKernelFacility' is currently not permitted - did you already set it via a RainerScript command (v6+ config)? [v8.16.0 try http://www.rsyslog.com/e/2222 ]
Sep 15 14:48:18 cu-cs-vm rsyslogd: rsyslogd's groupid changed to 108
Sep 15 14:48:18 cu-cs-vm rsyslogd: rsyslogd's userid changed to 104
Sep 15 14:48:18 cu-cs-vm systemd[1]: Started Create list of required static device nodes for the current kernel.
Sep 15 14:48:18 cu-cs-vm systemd[1]: Starting Create Static Device Nodes in /dev...
Sep 15 14:48:18 cu-cs-vm systemd[1]: Started Nameserver information manager.
Sep 15 14:48:18 cu-cs-vm systemd[1]: Reached target Network (Pre).
Sep 15 14:48:18 cu-cs-vm systemd[1]: Started Uncomplicated firewall.
Sep 15 14:48:18 cu-cs-vm systemd-modules-load[1725]: Inserted module 'lp'
Sep 15 14:48:18 cu-cs-vm systemd-modules-load[1725]: Inserted module 'ppdev'
Sep 15 14:48:18 cu-cs-vm systemd-modules-load[1725]: Inserted module 'parport_pc'
Sep 15 14:48:18 cu-cs-vm systemd[1]: Started Load Kernel Modules.
Sep 15 14:48:18 cu-cs-vm systemd[1]: Starting Apply Kernel Variables...
Sep 15 14:48:18 cu-cs-vm systemd[1]: Mounting FUSE Control File System...
Sep 15 14:48:18 cu-cs-vm systemd[1]: Mounted FUSE Control File System.
Sep 15 14:48:18 cu-cs-vm systemd[1]: Started Create Static Device Nodes in /dev.
Sep 15 14:48:18 cu-cs-vm systemd[1]: Starting udev Kernel Device Manager...
Sep 15 14:48:18 cu-cs-vm loadkeys[1719]: Loading /etc/console-setup/cached.kmap.gz
Sep 15 14:48:18 cu-cs-vm systemd[1]: Started Set console keymap.
Sep 15 14:48:18 cu-cs-vm systemd[1]: Started Apply Kernel Variables.
Sep 15 14:48:18 cu-cs-vm systemd[1]: Started udev Kernel Device Manager.
Sep 15 14:48:18 cu-cs-vm systemd[1]: Starting Remount Root and Kernel File Systems...
Sep 15 14:48:18 cu-cs-vm systemd-udevd[1770]: Process '/bin/sh -c 'echo 180 >/sys$DEVPATH/timeout'' failed with exit code 2.
Sep 15 14:48:18 cu-cs-vm systemd-udevd[1774]: Process '/bin/sh -c 'echo 180 >/sys$DEVPATH/timeout'' failed with exit code 2.
Sep 15 14:48:18 cu-cs-vm systemd-udevd[1775]: Process '/bin/sh -c 'echo 180 >/sys$DEVPATH/timeout'' failed with exit code 2.
Sep 15 14:48:18 cu-cs-vm systemd-udevd[1770]: Process '/bin/sh -c 'echo 180 >/sys$DEVPATH/timeout'' failed with exit code 2.
Sep 15 14:48:18 cu-cs-vm systemd-udevd[1771]: Process '/bin/sh -c 'echo 180 >/sys$DEVPATH/timeout'' failed with exit code 2.
Sep 15 14:48:18 cu-cs-vm kernel: [    0.000000] Linux version 4.10.17mykernal (root@cu-cs-vm) (gcc version 5.4.0 20160609 (Ubuntu 5.4.0-6ubuntu1~16.04.4) ) #6 SMP Fri Sep 15 13:37:05 MDT 2017 (Ubuntu 4.10.0-33.37~16.04.1-generic 4.10.17)
Sep 15 14:48:18 cu-cs-vm kernel: [    0.000000] Command line: BOOT_IMAGE=/@/boot/vmlinuz-4.10.17mykernal root=UUID=403636af-0778-4937-b47b-ddd3b47d58cc ro rootflags=subvol=@ crashkernel=384M-:128M
Sep 15 14:48:18 cu-cs-vm kernel: [    0.000000] KERNEL supported cpus:
Sep 15 14:48:18 cu-cs-vm kernel: [    0.000000]   Intel GenuineIntel
Sep 15 14:48:18 cu-cs-vm kernel: [    0.000000]   AMD AuthenticAMD
Sep 15 14:48:18 cu-cs-vm kernel: [    0.000000]   Centaur CentaurHauls
Sep 15 14:48:18 cu-cs-vm kernel: [    0.000000] Disabled fast string operations
Sep 15 14:48:18 cu-cs-vm kernel: [    0.000000] x86/fpu: Supporting XSAVE feature 0x001: 'x87 floating point registers'
Sep 15 14:48:18 cu-cs-vm kernel: [    0.000000] x86/fpu: Supporting XSAVE feature 0x002: 'SSE registers'
Sep 15 14:48:18 cu-cs-vm kernel: [    0.000000] x86/fpu: Supporting XSAVE feature 0x004: 'AVX registers'
Sep 15 14:48:18 cu-cs-vm kernel: [    0.000000] x86/fpu: xstate_offset[2]:  576, xstate_sizes[2]:  256
Sep 15 14:48:18 cu-cs-vm kernel: [    0.000000] x86/fpu: Enabled xstate features 0x7, context size is 832 bytes, using 'standard' format.
Sep 15 14:48:18 cu-cs-vm kernel: [    0.000000] e820: BIOS-provided physical RAM map:
Sep 15 14:48:18 cu-cs-vm kernel: [    0.000000] BIOS-e820: [mem 0x0000000000000000-0x000000000009e7ff] usable
Sep 15 14:48:18 cu-cs-vm kernel: [    0.000000] BIOS-e820: [mem 0x000000000009e800-0x000000000009ffff] reserved
Sep 15 14:48:18 cu-cs-vm kernel: [    0.000000] BIOS-e820: [mem 0x00000000000dc000-0x00000000000fffff] reserved
Sep 15 14:48:18 cu-cs-vm kernel: [    0.000000] BIOS-e820: [mem 0x0000000000100000-0x000000007fedffff] usable
Sep 15 14:48:18 cu-cs-vm kernel: [    0.000000] BIOS-e820: [mem 0x000000007fee0000-0x000000007fefefff] ACPI data
Sep 15 14:48:18 cu-cs-vm kernel: [    0.000000] BIOS-e820: [mem 0x000000007feff000-0x000000007fefffff] ACPI NVS
Sep 15 14:48:18 cu-cs-vm kernel: [    0.000000] BIOS-e820: [mem 0x000000007ff00000-0x000000007fffffff] usable
Sep 15 14:48:18 cu-cs-vm kernel: [    0.000000] BIOS-e820: [mem 0x00000000f0000000-0x00000000f7ffffff] reserved
Sep 15 14:48:18 cu-cs-vm kernel: [    0.000000] BIOS-e820: [mem 0x00000000fec00000-0x00000000fec0ffff] reserved
Sep 15 14:48:18 cu-cs-vm kernel: [    0.000000] BIOS-e820: [mem 0x00000000fee00000-0x00000000fee00fff] reserved
Sep 15 14:48:18 cu-cs-vm kernel: [    0.000000] BIOS-e820: [mem 0x00000000fffe0000-0x00000000ffffffff] reserved
Sep 15 14:48:18 cu-cs-vm kernel: [    0.000000] NX (Execute Disable) protection: active
Sep 15 14:48:18 cu-cs-vm kernel: [    0.000000] SMBIOS 2.4 present.
Sep 15 14:48:18 cu-cs-vm kernel: [    0.000000] DMI: VMware, Inc. VMware Virtual Platform/440BX Desktop Reference Platform, BIOS 6.00 07/02/2015
Sep 15 14:48:18 cu-cs-vm kernel: [    0.000000] Hypervisor detected: VMware
Sep 15 14:48:18 cu-cs-vm kernel: [    0.000000] vmware: TSC freq read from hypervisor : 1599.000 MHz
Sep 15 14:48:18 cu-cs-vm kernel: [    0.000000] vmware: Host bus clock speed read from hypervisor : 66000000 Hz
Sep 15 14:48:18 cu-cs-vm kernel: [    0.000000] vmware: using sched offset of 7368746801 ns
Sep 15 14:48:18 cu-cs-vm kernel: [    0.000000] e820: update [mem 0x00000000-0x00000fff] usable ==> reserved
Sep 15 14:48:18 cu-cs-vm kernel: [    0.000000] e820: remove [mem 0x000a0000-0x000fffff] usable
Sep 15 14:48:18 cu-cs-vm kernel: [    0.000000] e820: last_pfn = 0x80000 max_arch_pfn = 0x400000000
Sep 15 14:48:18 cu-cs-vm kernel: [    0.000000] MTRR default type: uncachable
Sep 15 14:48:18 cu-cs-vm kernel: [    0.000000] MTRR fixed ranges enabled:
Sep 15 14:48:18 cu-cs-vm kernel: [    0.000000]   00000-9FFFF write-back
Sep 15 14:48:18 cu-cs-vm kernel: [    0.000000]   A0000-BFFFF uncachable
Sep 15 14:48:18 cu-cs-vm kernel: [    0.000000]   C0000-CBFFF write-protect
Sep 15 14:48:18 cu-cs-vm kernel: [    0.000000]   CC000-EFFFF uncachable
Sep 15 14:48:18 cu-cs-vm kernel: [    0.000000]   F0000-FFFFF write-protect
Sep 15 14:48:18 cu-cs-vm kernel: [    0.000000] MTRR variable ranges enabled:
Sep 15 14:48:18 cu-cs-vm kernel: [    0.000000]   0 base 000C0000000 mask 3FFC0000000 uncachable
Sep 15 14:48:18 cu-cs-vm kernel: [    0.000000]   1 base 00000000000 mask 3F000000000 write-back
Sep 15 14:48:18 cu-cs-vm kernel: [    0.000000]   2 disabled
Sep 15 14:48:18 cu-cs-vm kernel: [    0.000000]   3 disabled
Sep 15 14:48:18 cu-cs-vm kernel: [    0.000000]   4 disabled
Sep 15 14:48:18 cu-cs-vm kernel: [    0.000000]   5 disabled
Sep 15 14:48:18 cu-cs-vm kernel: [    0.000000]   6 disabled
Sep 15 14:48:18 cu-cs-vm kernel: [    0.000000]   7 disabled
Sep 15 14:48:18 cu-cs-vm kernel: [    0.000000] x86/PAT: Configuration [0-7]: WB  WC  UC- UC  WB  WC  UC- WT  
Sep 15 14:48:18 cu-cs-vm kernel: [    0.000000] total RAM covered: 64512M
Sep 15 14:48:18 cu-cs-vm kernel: [    0.000000] Found optimal setting for mtrr clean up
Sep 15 14:48:18 cu-cs-vm kernel: [    0.000000]  gran_size: 64K 	chunk_size: 64K 	num_reg: 6  	lose cover RAM: 0G
Sep 15 14:48:18 cu-cs-vm kernel: [    0.000000] e820: update [mem 0xc0000000-0xffffffff] usable ==> reserved
Sep 15 14:48:18 cu-cs-vm kernel: [    0.000000] found SMP MP-table at [mem 0x000f6a80-0x000f6a8f] mapped at [ffff8f59000f6a80]
Sep 15 14:48:18 cu-cs-vm kernel: [    0.000000] Scanning 1 areas for low memory corruption
Sep 15 14:48:18 cu-cs-vm kernel: [    0.000000] Base memory trampoline at [ffff8f5900098000] 98000 size 24576
Sep 15 14:48:18 cu-cs-vm kernel: [    0.000000] Using GB pages for direct mapping
Sep 15 14:48:18 cu-cs-vm kernel: [    0.000000] BRK [0x06622000, 0x06622fff] PGTABLE
Sep 15 14:48:18 cu-cs-vm kernel: [    0.000000] BRK [0x06623000, 0x06623fff] PGTABLE
Sep 15 14:48:18 cu-cs-vm kernel: [    0.000000] BRK [0x06624000, 0x06624fff] PGTABLE
Sep 15 14:48:18 cu-cs-vm kernel: [    0.000000] BRK [0x06625000, 0x06625fff] PGTABLE
Sep 15 14:48:18 cu-cs-vm kernel: [    0.000000] BRK [0x06626000, 0x06626fff] PGTABLE
Sep 15 14:48:18 cu-cs-vm kernel: [    0.000000] BRK [0x06627000, 0x06627fff] PGTABLE
Sep 15 14:48:18 cu-cs-vm kernel: [    0.000000] RAMDISK: [mem 0x32dc6000-0x356dafff]
Sep 15 14:48:18 cu-cs-vm kernel: [    0.000000] ACPI: Early table checksum verification disabled
Sep 15 14:48:18 cu-cs-vm kernel: [    0.000000] ACPI: RSDP 0x00000000000F6A10 000024 (v02 PTLTD )
Sep 15 14:48:18 cu-cs-vm kernel: [    0.000000] ACPI: XSDT 0x000000007FEEA677 000054 (v01 INTEL  440BX    06040000 VMW  01324272)
Sep 15 14:48:18 cu-cs-vm kernel: [    0.000000] ACPI: FACP 0x000000007FEFEE73 0000F4 (v04 INTEL  440BX    06040000 PTL  000F4240)
Sep 15 14:48:18 cu-cs-vm kernel: [    0.000000] ACPI: DSDT 0x000000007FEEBD62 013111 (v01 PTLTD  Custom   06040000 MSFT 03000001)
Sep 15 14:48:18 cu-cs-vm kernel: [    0.000000] ACPI: FACS 0x000000007FEFFFC0 000040
Sep 15 14:48:18 cu-cs-vm kernel: [    0.000000] ACPI: FACS 0x000000007FEFFFC0 000040
Sep 15 14:48:18 cu-cs-vm kernel: [    0.000000] ACPI: BOOT 0x000000007FEEBD3A 000028 (v01 PTLTD  $SBFTBL$ 06040000  LTP 00000001)
Sep 15 14:48:18 cu-cs-vm systemd-udevd[1781]: Process '/bin/sh -c 'echo 180 >/sys$DEVPATH/timeout'' failed with exit code 2.
Sep 15 14:48:18 cu-cs-vm kernel: [    0.000000] ACPI: APIC 0x000000007FEEB5F8 000742 (v01 PTLTD  ? APIC   06040000  LTP 00000000)
Sep 15 14:48:18 cu-cs-vm kernel: [    0.000000] ACPI: MCFG 0x000000007FEEB5BC 00003C (v01 PTLTD  $PCITBL$ 06040000  LTP 00000001)
Sep 15 14:48:18 cu-cs-vm kernel: [    0.000000] ACPI: SRAT 0x000000007FEEA72F 0008D0 (v02 VMWARE MEMPLUG  06040000 VMW  00000001)
Sep 15 14:48:18 cu-cs-vm kernel: [    0.000000] ACPI: WAET 0x000000007FEEA707 000028 (v01 VMWARE VMW WAET 06040000 VMW  00000001)
Sep 15 14:48:18 cu-cs-vm kernel: [    0.000000] ACPI: Local APIC address 0xfee00000
Sep 15 14:48:18 cu-cs-vm kernel: [    0.000000] system APIC only can use physical flat
Sep 15 14:48:18 cu-cs-vm kernel: [    0.000000] Setting APIC routing to physical flat.
Sep 15 14:48:18 cu-cs-vm kernel: [    0.000000] SRAT: PXM 0 -> APIC 0x00 -> Node 0
Sep 15 14:48:18 cu-cs-vm kernel: [    0.000000] SRAT: PXM 0 -> APIC 0x02 -> Node 0
Sep 15 14:48:18 cu-cs-vm kernel: [    0.000000] SRAT: PXM 0 -> APIC 0x04 -> Node 0
Sep 15 14:48:18 cu-cs-vm kernel: [    0.000000] SRAT: PXM 0 -> APIC 0x06 -> Node 0
Sep 15 14:48:18 cu-cs-vm kernel: [    0.000000] SRAT: PXM 0 -> APIC 0x08 -> Node 0
Sep 15 14:48:18 cu-cs-vm kernel: [    0.000000] SRAT: PXM 0 -> APIC 0x0a -> Node 0
Sep 15 14:48:18 cu-cs-vm kernel: [    0.000000] SRAT: PXM 0 -> APIC 0x0c -> Node 0
Sep 15 14:48:18 cu-cs-vm kernel: [    0.000000] SRAT: PXM 0 -> APIC 0x0e -> Node 0
Sep 15 14:48:18 cu-cs-vm kernel: [    0.000000] SRAT: PXM 0 -> APIC 0x10 -> Node 0
Sep 15 14:48:18 cu-cs-vm kernel: [    0.000000] SRAT: PXM 0 -> APIC 0x12 -> Node 0
Sep 15 14:48:18 cu-cs-vm systemd-udevd[1772]: Process '/bin/sh -c 'echo 180 >/sys$DEVPATH/timeout'' failed with exit code 2.
Sep 15 14:48:18 cu-cs-vm kernel: [    0.000000] SRAT: PXM 0 -> APIC 0x14 -> Node 0
Sep 15 14:48:18 cu-cs-vm kernel: [    0.000000] SRAT: PXM 0 -> APIC 0x16 -> Node 0
Sep 15 14:48:18 cu-cs-vm kernel: [    0.000000] SRAT: PXM 0 -> APIC 0x18 -> Node 0
Sep 15 14:48:18 cu-cs-vm kernel: [    0.000000] SRAT: PXM 0 -> APIC 0x1a -> Node 0
Sep 15 14:48:18 cu-cs-vm kernel: [    0.000000] SRAT: PXM 0 -> APIC 0x1c -> Node 0
Sep 15 14:48:18 cu-cs-vm kernel: [    0.000000] SRAT: PXM 0 -> APIC 0x1e -> Node 0
Sep 15 14:48:18 cu-cs-vm systemd-udevd[1775]: Process '/bin/sh -c 'echo 180 >/sys$DEVPATH/timeout'' failed with exit code 2.
Sep 15 14:48:18 cu-cs-vm kernel: [    0.000000] SRAT: PXM 0 -> APIC 0x20 -> Node 0
Sep 15 14:48:18 cu-cs-vm kernel: [    0.000000] SRAT: PXM 0 -> APIC 0x22 -> Node 0
Sep 15 14:48:18 cu-cs-vm kernel: [    0.000000] SRAT: PXM 0 -> APIC 0x24 -> Node 0
Sep 15 14:48:18 cu-cs-vm kernel: [    0.000000] SRAT: PXM 0 -> APIC 0x26 -> Node 0
Sep 15 14:48:18 cu-cs-vm systemd-udevd[1786]: Process '/bin/sh -c 'echo 180 >/sys$DEVPATH/timeout'' failed with exit code 2.
Sep 15 14:48:18 cu-cs-vm kernel: [    0.000000] SRAT: PXM 0 -> APIC 0x28 -> Node 0
Sep 15 14:48:18 cu-cs-vm kernel: [    0.000000] SRAT: PXM 0 -> APIC 0x2a -> Node 0
Sep 15 14:48:18 cu-cs-vm kernel: [    0.000000] SRAT: PXM 0 -> APIC 0x2c -> Node 0
Sep 15 14:48:18 cu-cs-vm kernel: [    0.000000] SRAT: PXM 0 -> APIC 0x2e -> Node 0
Sep 15 14:48:18 cu-cs-vm systemd-udevd[1781]: Process '/bin/sh -c 'echo 180 >/sys$DEVPATH/timeout'' failed with exit code 2.
Sep 15 14:48:18 cu-cs-vm kernel: [    0.000000] SRAT: PXM 0 -> APIC 0x30 -> Node 0
Sep 15 14:48:18 cu-cs-vm kernel: [    0.000000] SRAT: PXM 0 -> APIC 0x32 -> Node 0
Sep 15 14:48:18 cu-cs-vm kernel: [    0.000000] SRAT: PXM 0 -> APIC 0x34 -> Node 0
Sep 15 14:48:18 cu-cs-vm kernel: [    0.000000] SRAT: PXM 0 -> APIC 0x36 -> Node 0
Sep 15 14:48:18 cu-cs-vm kernel: [    0.000000] SRAT: PXM 0 -> APIC 0x38 -> Node 0
Sep 15 14:48:18 cu-cs-vm kernel: [    0.000000] SRAT: PXM 0 -> APIC 0x3a -> Node 0
Sep 15 14:48:18 cu-cs-vm systemd-udevd[1774]: Process '/bin/sh -c 'echo 180 >/sys$DEVPATH/timeout'' failed with exit code 2.
Sep 15 14:48:18 cu-cs-vm kernel: [    0.000000] SRAT: PXM 0 -> APIC 0x3c -> Node 0
Sep 15 14:48:18 cu-cs-vm kernel: [    0.000000] SRAT: PXM 0 -> APIC 0x3e -> Node 0
Sep 15 14:48:18 cu-cs-vm kernel: [    0.000000] SRAT: PXM 0 -> APIC 0x40 -> Node 0
Sep 15 14:48:18 cu-cs-vm kernel: [    0.000000] SRAT: PXM 0 -> APIC 0x42 -> Node 0
Sep 15 14:48:18 cu-cs-vm systemd-udevd[1781]: Process '/bin/sh -c 'echo 180 >/sys$DEVPATH/timeout'' failed with exit code 2.
Sep 15 14:48:18 cu-cs-vm kernel: [    0.000000] SRAT: PXM 0 -> APIC 0x44 -> Node 0
Sep 15 14:48:18 cu-cs-vm kernel: [    0.000000] SRAT: PXM 0 -> APIC 0x46 -> Node 0
Sep 15 14:48:18 cu-cs-vm kernel: [    0.000000] SRAT: PXM 0 -> APIC 0x48 -> Node 0
Sep 15 14:48:18 cu-cs-vm kernel: [    0.000000] SRAT: PXM 0 -> APIC 0x4a -> Node 0
Sep 15 14:48:18 cu-cs-vm kernel: [    0.000000] SRAT: PXM 0 -> APIC 0x4c -> Node 0
Sep 15 14:48:18 cu-cs-vm kernel: [    0.000000] SRAT: PXM 0 -> APIC 0x4e -> Node 0
Sep 15 14:48:18 cu-cs-vm systemd-udevd[1790]: Process '/bin/sh -c 'echo 180 >/sys$DEVPATH/timeout'' failed with exit code 2.
Sep 15 14:48:18 cu-cs-vm kernel: [    0.000000] SRAT: PXM 0 -> APIC 0x50 -> Node 0
Sep 15 14:48:18 cu-cs-vm kernel: [    0.000000] SRAT: PXM 0 -> APIC 0x52 -> Node 0
Sep 15 14:48:18 cu-cs-vm kernel: [    0.000000] SRAT: PXM 0 -> APIC 0x54 -> Node 0
Sep 15 14:48:18 cu-cs-vm kernel: [    0.000000] SRAT: PXM 0 -> APIC 0x56 -> Node 0
Sep 15 14:48:18 cu-cs-vm kernel: [    0.000000] SRAT: PXM 0 -> APIC 0x58 -> Node 0
Sep 15 14:48:18 cu-cs-vm systemd-udevd[1781]: Process '/bin/sh -c 'echo 180 >/sys$DEVPATH/timeout'' failed with exit code 2.
Sep 15 14:48:18 cu-cs-vm kernel: [    0.000000] SRAT: PXM 0 -> APIC 0x5a -> Node 0
Sep 15 14:48:18 cu-cs-vm kernel: [    0.000000] SRAT: PXM 0 -> APIC 0x5c -> Node 0
Sep 15 14:48:18 cu-cs-vm systemd-udevd[1771]: Process '/bin/sh -c 'echo 180 >/sys$DEVPATH/timeout'' failed with exit code 2.
Sep 15 14:48:18 cu-cs-vm systemd-udevd[1772]: Process '/bin/sh -c 'echo 180 >/sys$DEVPATH/timeout'' failed with exit code 2.
Sep 15 14:48:18 cu-cs-vm systemd-udevd[1770]: Process '/bin/sh -c 'echo 180 >/sys$DEVPATH/timeout'' failed with exit code 2.
Sep 15 14:48:18 cu-cs-vm systemd[1]: Started Remount Root and Kernel File Systems.
Sep 15 14:48:18 cu-cs-vm systemd[1]: Starting udev Coldplug all Devices...
Sep 15 14:48:18 cu-cs-vm systemd[1]: Reached target Local File Systems (Pre).
Sep 15 14:48:18 cu-cs-vm systemd[1]: Starting Load/Save Random Seed...
Sep 15 14:48:18 cu-cs-vm systemd[1]: Starting Flush Journal to Persistent Storage...
Sep 15 14:48:18 cu-cs-vm systemd[1]: Started Load/Save Random Seed.
Sep 15 14:48:18 cu-cs-vm systemd-udevd[1806]: Process '/bin/sh -c 'echo 180 >/sys$DEVPATH/timeout'' failed with exit code 2.
Sep 15 14:48:18 cu-cs-vm systemd-udevd[1808]: Process '/bin/sh -c 'echo 180 >/sys$DEVPATH/timeout'' failed with exit code 2.
Sep 15 14:48:18 cu-cs-vm systemd[1]: Started Flush Journal to Persistent Storage.
Sep 15 14:48:18 cu-cs-vm systemd-udevd[1811]: Process '/bin/sh -c 'echo 180 >/sys$DEVPATH/timeout'' failed with exit code 2.
Sep 15 14:48:18 cu-cs-vm systemd-udevd[1825]: Process '/bin/sh -c 'echo 180 >/sys$DEVPATH/timeout'' failed with exit code 2.
Sep 15 14:48:18 cu-cs-vm systemd-udevd[1814]: Process '/bin/sh -c 'echo 180 >/sys$DEVPATH/timeout'' failed with exit code 2.
Sep 15 14:48:18 cu-cs-vm systemd-udevd[1811]: Process '/bin/sh -c 'echo 180 >/sys$DEVPATH/timeout'' failed with exit code 2.
Sep 15 14:48:18 cu-cs-vm systemd-udevd[1825]: Process '/bin/sh -c 'echo 180 >/sys$DEVPATH/timeout'' failed with exit code 2.
Sep 15 14:48:18 cu-cs-vm systemd-udevd[1806]: Process '/bin/sh -c 'echo 180 >/sys$DEVPATH/timeout'' failed with exit code 2.
Sep 15 14:48:18 cu-cs-vm systemd-udevd[1817]: Process '/bin/sh -c 'echo 180 >/sys$DEVPATH/timeout'' failed with exit code 2.
Sep 15 14:48:18 cu-cs-vm kernel: [    0.000000] SRAT: PXM 0 -> APIC 0x5e -> Node 0
Sep 15 14:48:18 cu-cs-vm kernel: [    0.000000] SRAT: PXM 0 -> APIC 0x60 -> Node 0
Sep 15 14:48:18 cu-cs-vm systemd-udevd[1821]: Process '/bin/sh -c 'echo 180 >/sys$DEVPATH/timeout'' failed with exit code 2.
Sep 15 14:48:18 cu-cs-vm kernel: [    0.000000] SRAT: PXM 0 -> APIC 0x62 -> Node 0
Sep 15 14:48:18 cu-cs-vm kernel: [    0.000000] SRAT: PXM 0 -> APIC 0x64 -> Node 0
Sep 15 14:48:18 cu-cs-vm kernel: [    0.000000] SRAT: PXM 0 -> APIC 0x66 -> Node 0
Sep 15 14:48:18 cu-cs-vm systemd-udevd[1808]: Process '/bin/sh -c 'echo 180 >/sys$DEVPATH/timeout'' failed with exit code 2.
Sep 15 14:48:18 cu-cs-vm kernel: [    0.000000] SRAT: PXM 0 -> APIC 0x68 -> Node 0
Sep 15 14:48:18 cu-cs-vm kernel: [    0.000000] SRAT: PXM 0 -> APIC 0x6a -> Node 0
Sep 15 14:48:18 cu-cs-vm kernel: [    0.000000] SRAT: PXM 0 -> APIC 0x6c -> Node 0
Sep 15 14:48:18 cu-cs-vm kernel: [    0.000000] SRAT: PXM 0 -> APIC 0x6e -> Node 0
Sep 15 14:48:18 cu-cs-vm kernel: [    0.000000] SRAT: PXM 0 -> APIC 0x70 -> Node 0
Sep 15 14:48:18 cu-cs-vm systemd-udevd[1806]: Process '/bin/sh -c 'echo 180 >/sys$DEVPATH/timeout'' failed with exit code 2.
Sep 15 14:48:18 cu-cs-vm kernel: [    0.000000] SRAT: PXM 0 -> APIC 0x72 -> Node 0
Sep 15 14:48:18 cu-cs-vm kernel: [    0.000000] SRAT: PXM 0 -> APIC 0x74 -> Node 0
Sep 15 14:48:18 cu-cs-vm kernel: [    0.000000] SRAT: PXM 0 -> APIC 0x76 -> Node 0
Sep 15 14:48:18 cu-cs-vm kernel: [    0.000000] SRAT: PXM 0 -> APIC 0x78 -> Node 0
Sep 15 14:48:18 cu-cs-vm kernel: [    0.000000] SRAT: PXM 0 -> APIC 0x7a -> Node 0
Sep 15 14:48:18 cu-cs-vm kernel: [    0.000000] SRAT: PXM 0 -> APIC 0x7c -> Node 0
Sep 15 14:48:18 cu-cs-vm systemd-udevd[1816]: Process '/bin/sh -c 'echo 180 >/sys$DEVPATH/timeout'' failed with exit code 2.
Sep 15 14:48:18 cu-cs-vm kernel: [    0.000000] SRAT: PXM 0 -> APIC 0x7e -> Node 0
Sep 15 14:48:18 cu-cs-vm kernel: [    0.000000] SRAT: PXM 0 -> APIC 0x80 -> Node 0
Sep 15 14:48:18 cu-cs-vm kernel: [    0.000000] SRAT: PXM 0 -> APIC 0x82 -> Node 0
Sep 15 14:48:18 cu-cs-vm kernel: [    0.000000] SRAT: PXM 0 -> APIC 0x84 -> Node 0
Sep 15 14:48:18 cu-cs-vm kernel: [    0.000000] SRAT: PXM 0 -> APIC 0x86 -> Node 0
Sep 15 14:48:18 cu-cs-vm systemd-udevd[1825]: Process '/bin/sh -c 'echo 180 >/sys$DEVPATH/timeout'' failed with exit code 2.
Sep 15 14:48:18 cu-cs-vm kernel: [    0.000000] SRAT: PXM 0 -> APIC 0x88 -> Node 0
Sep 15 14:48:18 cu-cs-vm kernel: [    0.000000] SRAT: PXM 0 -> APIC 0x8a -> Node 0
Sep 15 14:48:18 cu-cs-vm kernel: [    0.000000] SRAT: PXM 0 -> APIC 0x8c -> Node 0
Sep 15 14:48:18 cu-cs-vm systemd-udevd[1811]: Process '/bin/sh -c 'echo 180 >/sys$DEVPATH/timeout'' failed with exit code 2.
Sep 15 14:48:18 cu-cs-vm kernel: [    0.000000] SRAT: PXM 0 -> APIC 0x8e -> Node 0
Sep 15 14:48:18 cu-cs-vm kernel: [    0.000000] SRAT: PXM 0 -> APIC 0x90 -> Node 0
Sep 15 14:48:18 cu-cs-vm kernel: [    0.000000] SRAT: PXM 0 -> APIC 0x92 -> Node 0
Sep 15 14:48:18 cu-cs-vm kernel: [    0.000000] SRAT: PXM 0 -> APIC 0x94 -> Node 0
Sep 15 14:48:18 cu-cs-vm kernel: [    0.000000] SRAT: PXM 0 -> APIC 0x96 -> Node 0
Sep 15 14:48:18 cu-cs-vm kernel: [    0.000000] SRAT: PXM 0 -> APIC 0x98 -> Node 0
Sep 15 14:48:18 cu-cs-vm systemd-udevd[1814]: Process '/bin/sh -c 'echo 180 >/sys$DEVPATH/timeout'' failed with exit code 2.
Sep 15 14:48:18 cu-cs-vm kernel: [    0.000000] SRAT: PXM 0 -> APIC 0x9a -> Node 0
Sep 15 14:48:18 cu-cs-vm kernel: [    0.000000] SRAT: PXM 0 -> APIC 0x9c -> Node 0
Sep 15 14:48:18 cu-cs-vm kernel: [    0.000000] SRAT: PXM 0 -> APIC 0x9e -> Node 0
Sep 15 14:48:18 cu-cs-vm kernel: [    0.000000] SRAT: PXM 0 -> APIC 0xa0 -> Node 0
Sep 15 14:48:18 cu-cs-vm systemd-udevd[1806]: Process '/bin/sh -c 'echo 180 >/sys$DEVPATH/timeout'' failed with exit code 2.
Sep 15 14:48:18 cu-cs-vm kernel: [    0.000000] SRAT: PXM 0 -> APIC 0xa2 -> Node 0
Sep 15 14:48:18 cu-cs-vm kernel: [    0.000000] SRAT: PXM 0 -> APIC 0xa4 -> Node 0
Sep 15 14:48:18 cu-cs-vm kernel: [    0.000000] SRAT: PXM 0 -> APIC 0xa6 -> Node 0
Sep 15 14:48:18 cu-cs-vm kernel: [    0.000000] SRAT: PXM 0 -> APIC 0xa8 -> Node 0
Sep 15 14:48:18 cu-cs-vm kernel: [    0.000000] SRAT: PXM 0 -> APIC 0xaa -> Node 0
Sep 15 14:48:18 cu-cs-vm systemd-udevd[1821]: Process '/bin/sh -c 'echo 180 >/sys$DEVPATH/timeout'' failed with exit code 2.
Sep 15 14:48:18 cu-cs-vm kernel: [    0.000000] SRAT: PXM 0 -> APIC 0xac -> Node 0
Sep 15 14:48:18 cu-cs-vm kernel: [    0.000000] SRAT: PXM 0 -> APIC 0xae -> Node 0
Sep 15 14:48:18 cu-cs-vm kernel: [    0.000000] SRAT: PXM 0 -> APIC 0xb0 -> Node 0
Sep 15 14:48:18 cu-cs-vm kernel: [    0.000000] SRAT: PXM 0 -> APIC 0xb2 -> Node 0
Sep 15 14:48:18 cu-cs-vm systemd-udevd[1808]: Process '/bin/sh -c 'echo 180 >/sys$DEVPATH/timeout'' failed with exit code 2.
Sep 15 14:48:18 cu-cs-vm kernel: [    0.000000] SRAT: PXM 0 -> APIC 0xb4 -> Node 0
Sep 15 14:48:18 cu-cs-vm kernel: [    0.000000] SRAT: PXM 0 -> APIC 0xb6 -> Node 0
Sep 15 14:48:18 cu-cs-vm kernel: [    0.000000] SRAT: PXM 0 -> APIC 0xb8 -> Node 0
Sep 15 14:48:18 cu-cs-vm kernel: [    0.000000] SRAT: PXM 0 -> APIC 0xba -> Node 0
Sep 15 14:48:18 cu-cs-vm kernel: [    0.000000] SRAT: PXM 0 -> APIC 0xbc -> Node 0
Sep 15 14:48:18 cu-cs-vm kernel: [    0.000000] SRAT: PXM 0 -> APIC 0xbe -> Node 0
Sep 15 14:48:18 cu-cs-vm systemd-udevd[1819]: Process '/bin/sh -c 'echo 180 >/sys$DEVPATH/timeout'' failed with exit code 2.
Sep 15 14:48:18 cu-cs-vm kernel: [    0.000000] SRAT: PXM 0 -> APIC 0xc0 -> Node 0
Sep 15 14:48:18 cu-cs-vm kernel: [    0.000000] SRAT: PXM 0 -> APIC 0xc2 -> Node 0
Sep 15 14:48:18 cu-cs-vm kernel: [    0.000000] SRAT: PXM 0 -> APIC 0xc4 -> Node 0
Sep 15 14:48:18 cu-cs-vm systemd-udevd[1806]: Process '/bin/sh -c 'echo 180 >/sys$DEVPATH/timeout'' failed with exit code 2.
Sep 15 14:48:18 cu-cs-vm kernel: [    0.000000] SRAT: PXM 0 -> APIC 0xc6 -> Node 0
Sep 15 14:48:18 cu-cs-vm kernel: [    0.000000] SRAT: PXM 0 -> APIC 0xc8 -> Node 0
Sep 15 14:48:18 cu-cs-vm kernel: [    0.000000] SRAT: PXM 0 -> APIC 0xca -> Node 0
Sep 15 14:48:18 cu-cs-vm kernel: [    0.000000] SRAT: PXM 0 -> APIC 0xcc -> Node 0
Sep 15 14:48:18 cu-cs-vm kernel: [    0.000000] SRAT: PXM 0 -> APIC 0xce -> Node 0
Sep 15 14:48:18 cu-cs-vm systemd-udevd[1817]: Process '/bin/sh -c 'echo 180 >/sys$DEVPATH/timeout'' failed with exit code 2.
Sep 15 14:48:18 cu-cs-vm kernel: [    0.000000] SRAT: PXM 0 -> APIC 0xd0 -> Node 0
Sep 15 14:48:18 cu-cs-vm kernel: [    0.000000] SRAT: PXM 0 -> APIC 0xd2 -> Node 0
Sep 15 14:48:18 cu-cs-vm kernel: [    0.000000] SRAT: PXM 0 -> APIC 0xd4 -> Node 0
Sep 15 14:48:18 cu-cs-vm kernel: [    0.000000] SRAT: PXM 0 -> APIC 0xd6 -> Node 0
Sep 15 14:48:18 cu-cs-vm systemd-udevd[1811]: Process '/bin/sh -c 'echo 180 >/sys$DEVPATH/timeout'' failed with exit code 2.
Sep 15 14:48:18 cu-cs-vm kernel: [    0.000000] SRAT: PXM 0 -> APIC 0xd8 -> Node 0
Sep 15 14:48:18 cu-cs-vm kernel: [    0.000000] SRAT: PXM 0 -> APIC 0xda -> Node 0
Sep 15 14:48:18 cu-cs-vm kernel: [    0.000000] SRAT: PXM 0 -> APIC 0xdc -> Node 0
Sep 15 14:48:18 cu-cs-vm kernel: [    0.000000] SRAT: PXM 0 -> APIC 0xde -> Node 0
Sep 15 14:48:18 cu-cs-vm kernel: [    0.000000] SRAT: PXM 0 -> APIC 0xe0 -> Node 0
Sep 15 14:48:18 cu-cs-vm kernel: [    0.000000] SRAT: PXM 0 -> APIC 0xe2 -> Node 0
Sep 15 14:48:18 cu-cs-vm kernel: [    0.000000] SRAT: PXM 0 -> APIC 0xe4 -> Node 0
Sep 15 14:48:18 cu-cs-vm systemd-udevd[1814]: Process '/bin/sh -c 'echo 180 >/sys$DEVPATH/timeout'' failed with exit code 2.
Sep 15 14:48:18 cu-cs-vm systemd-udevd[1825]: Process '/bin/sh -c 'echo 180 >/sys$DEVPATH/timeout'' failed with exit code 2.
Sep 15 14:48:18 cu-cs-vm systemd-udevd[1808]: Process '/bin/sh -c 'echo 180 >/sys$DEVPATH/timeout'' failed with exit code 2.
Sep 15 14:48:18 cu-cs-vm systemd-udevd[1821]: Process '/bin/sh -c 'echo 180 >/sys$DEVPATH/timeout'' failed with exit code 2.
Sep 15 14:48:18 cu-cs-vm kernel: [    0.000000] SRAT: PXM 0 -> APIC 0xe6 -> Node 0
Sep 15 14:48:18 cu-cs-vm kernel: [    0.000000] SRAT: PXM 0 -> APIC 0xe8 -> Node 0
Sep 15 14:48:18 cu-cs-vm kernel: [    0.000000] SRAT: PXM 0 -> APIC 0xea -> Node 0
Sep 15 14:48:18 cu-cs-vm kernel: [    0.000000] SRAT: PXM 0 -> APIC 0xec -> Node 0
Sep 15 14:48:18 cu-cs-vm kernel: [    0.000000] SRAT: PXM 0 -> APIC 0xee -> Node 0
Sep 15 14:48:18 cu-cs-vm kernel: [    0.000000] SRAT: PXM 0 -> APIC 0xf0 -> Node 0
Sep 15 14:48:18 cu-cs-vm systemd-udevd[1817]: Process '/bin/sh -c 'echo 180 >/sys$DEVPATH/timeout'' failed with exit code 2.
Sep 15 14:48:18 cu-cs-vm systemd-udevd[1819]: Process '/bin/sh -c 'echo 180 >/sys$DEVPATH/timeout'' failed with exit code 2.
Sep 15 14:48:18 cu-cs-vm systemd-udevd[1816]: Process '/bin/sh -c 'echo 180 >/sys$DEVPATH/timeout'' failed with exit code 2.
Sep 15 14:48:18 cu-cs-vm systemd-udevd[1806]: Process '/bin/sh -c 'echo 180 >/sys$DEVPATH/timeout'' failed with exit code 2.
Sep 15 14:48:18 cu-cs-vm kernel: [    0.000000] SRAT: PXM 0 -> APIC 0xf2 -> Node 0
Sep 15 14:48:18 cu-cs-vm kernel: [    0.000000] SRAT: PXM 0 -> APIC 0xf4 -> Node 0
Sep 15 14:48:18 cu-cs-vm kernel: [    0.000000] SRAT: PXM 0 -> APIC 0xf6 -> Node 0
Sep 15 14:48:18 cu-cs-vm kernel: [    0.000000] SRAT: PXM 0 -> APIC 0xf8 -> Node 0
Sep 15 14:48:18 cu-cs-vm kernel: [    0.000000] SRAT: PXM 0 -> APIC 0xfa -> Node 0
Sep 15 14:48:18 cu-cs-vm kernel: [    0.000000] SRAT: PXM 0 -> APIC 0xfc -> Node 0
Sep 15 14:48:18 cu-cs-vm systemd-udevd[1818]: Process '/bin/sh -c 'echo 180 >/sys$DEVPATH/timeout'' failed with exit code 2.
Sep 15 14:48:18 cu-cs-vm systemd-udevd[1823]: Process '/bin/sh -c 'echo 180 >/sys$DEVPATH/timeout'' failed with exit code 2.
Sep 15 14:48:18 cu-cs-vm systemd-udevd[1824]: Process '/bin/sh -c 'echo 180 >/sys$DEVPATH/timeout'' failed with exit code 2.
Sep 15 14:48:18 cu-cs-vm systemd-udevd[1821]: Process '/bin/sh -c 'echo 180 >/sys$DEVPATH/timeout'' failed with exit code 2.
Sep 15 14:48:18 cu-cs-vm kernel: [    0.000000] SRAT: PXM 0 -> APIC 0xfe -> Node 0
Sep 15 14:48:18 cu-cs-vm kernel: [    0.000000] ACPI: SRAT: Node 0 PXM 0 [mem 0x00000000-0x0009ffff]
Sep 15 14:48:18 cu-cs-vm kernel: [    0.000000] ACPI: SRAT: Node 0 PXM 0 [mem 0x00100000-0x7fffffff]
Sep 15 14:48:18 cu-cs-vm kernel: [    0.000000] ACPI: SRAT: Node 0 PXM 0 [mem 0x80000000-0xbfffffff] hotplug
Sep 15 14:48:18 cu-cs-vm kernel: [    0.000000] ACPI: SRAT: Node 0 PXM 0 [mem 0x100000000-0x83fffffff] hotplug
Sep 15 14:48:18 cu-cs-vm systemd-udevd[1808]: Process '/bin/sh -c 'echo 180 >/sys$DEVPATH/timeout'' failed with exit code 2.
Sep 15 14:48:18 cu-cs-vm systemd-udevd[1814]: Process '/bin/sh -c 'echo 180 >/sys$DEVPATH/timeout'' failed with exit code 2.
Sep 15 14:48:18 cu-cs-vm systemd-udevd[1811]: Process '/bin/sh -c 'echo 180 >/sys$DEVPATH/timeout'' failed with exit code 2.
Sep 15 14:48:18 cu-cs-vm systemd-udevd[1819]: Process '/bin/sh -c 'echo 180 >/sys$DEVPATH/timeout'' failed with exit code 2.
Sep 15 14:48:18 cu-cs-vm kernel: [    0.000000] NUMA: Node 0 [mem 0x00000000-0x0009ffff] + [mem 0x00100000-0x7fffffff] -> [mem 0x00000000-0x7fffffff]
Sep 15 14:48:18 cu-cs-vm kernel: [    0.000000] NODE_DATA(0) allocated [mem 0x7ffd5000-0x7fffffff]
Sep 15 14:48:18 cu-cs-vm kernel: [    0.000000] Reserving 128MB of memory at 672MB for crashkernel (System RAM: 2047MB)
Sep 15 14:48:18 cu-cs-vm kernel: [    0.000000] Zone ranges:
Sep 15 14:48:18 cu-cs-vm kernel: [    0.000000]   DMA      [mem 0x0000000000001000-0x0000000000ffffff]
Sep 15 14:48:18 cu-cs-vm kernel: [    0.000000]   DMA32    [mem 0x0000000001000000-0x000000007fffffff]
Sep 15 14:48:18 cu-cs-vm systemd-udevd[1816]: Process '/bin/sh -c 'echo 180 >/sys$DEVPATH/timeout'' failed with exit code 2.
Sep 15 14:48:18 cu-cs-vm systemd-udevd[1817]: Process '/bin/sh -c 'echo 180 >/sys$DEVPATH/timeout'' failed with exit code 2.
Sep 15 14:48:18 cu-cs-vm systemd-udevd[1806]: Process '/bin/sh -c 'echo 180 >/sys$DEVPATH/timeout'' failed with exit code 2.
Sep 15 14:48:18 cu-cs-vm systemd-udevd[1825]: Process '/bin/sh -c 'echo 180 >/sys$DEVPATH/timeout'' failed with exit code 2.
Sep 15 14:48:18 cu-cs-vm kernel: [    0.000000]   Normal   empty
Sep 15 14:48:18 cu-cs-vm kernel: [    0.000000]   Device   empty
Sep 15 14:48:18 cu-cs-vm kernel: [    0.000000] Movable zone start for each node
Sep 15 14:48:18 cu-cs-vm kernel: [    0.000000] Early memory node ranges
Sep 15 14:48:18 cu-cs-vm kernel: [    0.000000]   node   0: [mem 0x0000000000001000-0x000000000009dfff]
Sep 15 14:48:18 cu-cs-vm kernel: [    0.000000]   node   0: [mem 0x0000000000100000-0x000000007fedffff]
Sep 15 14:48:18 cu-cs-vm systemd-udevd[1823]: Process '/bin/sh -c 'echo 180 >/sys$DEVPATH/timeout'' failed with exit code 2.
Sep 15 14:48:18 cu-cs-vm systemd-udevd[1814]: Process '/bin/sh -c 'echo 180 >/sys$DEVPATH/timeout'' failed with exit code 2.
Sep 15 14:48:18 cu-cs-vm systemd-udevd[1821]: Process '/bin/sh -c 'echo 180 >/sys$DEVPATH/timeout'' failed with exit code 2.
Sep 15 14:48:18 cu-cs-vm kernel: [    0.000000]   node   0: [mem 0x000000007ff00000-0x000000007fffffff]
Sep 15 14:48:18 cu-cs-vm kernel: [    0.000000] Initmem setup node 0 [mem 0x0000000000001000-0x000000007fffffff]
Sep 15 14:48:18 cu-cs-vm kernel: [    0.000000] On node 0 totalpages: 524157
Sep 15 14:48:18 cu-cs-vm kernel: [    0.000000]   DMA zone: 64 pages used for memmap
Sep 15 14:48:18 cu-cs-vm kernel: [    0.000000]   DMA zone: 21 pages reserved
Sep 15 14:48:18 cu-cs-vm kernel: [    0.000000]   DMA zone: 3997 pages, LIFO batch:0
Sep 15 14:48:18 cu-cs-vm rsyslogd-2039: Could not open output pipe '/dev/xconsole':: No such file or directory [v8.16.0 try http://www.rsyslog.com/e/2039 ]
Sep 15 14:48:18 cu-cs-vm systemd-udevd[1824]: Process '/bin/sh -c 'echo 180 >/sys$DEVPATH/timeout'' failed with exit code 2.
Sep 15 14:48:18 cu-cs-vm systemd-udevd[1808]: Process '/bin/sh -c 'echo 180 >/sys$DEVPATH/timeout'' failed with exit code 2.
Sep 15 14:48:18 cu-cs-vm systemd-udevd[1811]: Process '/bin/sh -c 'echo 180 >/sys$DEVPATH/timeout'' failed with exit code 2.
Sep 15 14:48:18 cu-cs-vm systemd-udevd[1818]: Process '/bin/sh -c 'echo 180 >/sys$DEVPATH/timeout'' failed with exit code 2.
Sep 15 14:48:18 cu-cs-vm kernel: [    0.000000]   DMA32 zone: 8128 pages used for memmap
Sep 15 14:48:18 cu-cs-vm kernel: [    0.000000]   DMA32 zone: 520160 pages, LIFO batch:31
Sep 15 14:48:18 cu-cs-vm kernel: [    0.000000] ACPI: PM-Timer IO Port: 0x1008
Sep 15 14:48:18 cu-cs-vm kernel: [    0.000000] ACPI: Local APIC address 0xfee00000
Sep 15 14:48:18 cu-cs-vm kernel: [    0.000000] system APIC only can use physical flat
Sep 15 14:48:18 cu-cs-vm kernel: [    0.000000] ACPI: LAPIC_NMI (acpi_id[0x00] high edge lint[0x1])
Sep 15 14:48:18 cu-cs-vm rsyslogd-2007: action 'action 10' suspended, next retry is Fri Sep 15 14:48:48 2017 [v8.16.0 try http://www.rsyslog.com/e/2007 ]
Sep 15 14:48:18 cu-cs-vm systemd-udevd[1819]: Process '/bin/sh -c 'echo 180 >/sys$DEVPATH/timeout'' failed with exit code 2.
Sep 15 14:48:18 cu-cs-vm systemd-udevd[1816]: Process '/bin/sh -c 'echo 180 >/sys$DEVPATH/timeout'' failed with exit code 2.
Sep 15 14:48:18 cu-cs-vm systemd-udevd[1817]: Process '/bin/sh -c 'echo 180 >/sys$DEVPATH/timeout'' failed with exit code 2.
Sep 15 14:48:18 cu-cs-vm systemd-udevd[1816]: Process '/bin/sh -c 'echo 180 >/sys$DEVPATH/timeout'' failed with exit code 2.
Sep 15 14:48:18 cu-cs-vm kernel: [    0.000000] ACPI: LAPIC_NMI (acpi_id[0x01] high edge lint[0x1])
Sep 15 14:48:18 cu-cs-vm kernel: [    0.000000] ACPI: LAPIC_NMI (acpi_id[0x02] high edge lint[0x1])
Sep 15 14:48:18 cu-cs-vm kernel: [    0.000000] ACPI: LAPIC_NMI (acpi_id[0x03] high edge lint[0x1])
Sep 15 14:48:18 cu-cs-vm kernel: [    0.000000] ACPI: LAPIC_NMI (acpi_id[0x04] high edge lint[0x1])
Sep 15 14:48:18 cu-cs-vm kernel: [    0.000000] ACPI: LAPIC_NMI (acpi_id[0x05] high edge lint[0x1])
Sep 15 14:48:18 cu-cs-vm kernel: [    0.000000] ACPI: LAPIC_NMI (acpi_id[0x06] high edge lint[0x1])
Sep 15 14:48:18 cu-cs-vm systemd-udevd[1811]: Process '/bin/sh -c 'echo 180 >/sys$DEVPATH/timeout'' failed with exit code 2.
Sep 15 14:48:18 cu-cs-vm systemd-udevd[1824]: Process '/bin/sh -c 'echo 180 >/sys$DEVPATH/timeout'' failed with exit code 2.
Sep 15 14:48:18 cu-cs-vm systemd-udevd[1825]: Process '/bin/sh -c 'echo 180 >/sys$DEVPATH/timeout'' failed with exit code 2.
Sep 15 14:48:18 cu-cs-vm systemd-udevd[1806]: Process '/bin/sh -c 'echo 180 >/sys$DEVPATH/timeout'' failed with exit code 2.
Sep 15 14:48:18 cu-cs-vm kernel: [    0.000000] ACPI: LAPIC_NMI (acpi_id[0x07] high edge lint[0x1])
Sep 15 14:48:18 cu-cs-vm kernel: [    0.000000] ACPI: LAPIC_NMI (acpi_id[0x08] high edge lint[0x1])
Sep 15 14:48:18 cu-cs-vm kernel: [    0.000000] ACPI: LAPIC_NMI (acpi_id[0x09] high edge lint[0x1])
Sep 15 14:48:18 cu-cs-vm kernel: [    0.000000] ACPI: LAPIC_NMI (acpi_id[0x0a] high edge lint[0x1])
Sep 15 14:48:18 cu-cs-vm kernel: [    0.000000] ACPI: LAPIC_NMI (acpi_id[0x0b] high edge lint[0x1])
Sep 15 14:48:18 cu-cs-vm systemd-udevd[1821]: Process '/bin/sh -c 'echo 180 >/sys$DEVPATH/timeout'' failed with exit code 2.
Sep 15 14:48:18 cu-cs-vm systemd-udevd[1808]: Process '/bin/sh -c 'echo 180 >/sys$DEVPATH/timeout'' failed with exit code 2.
Sep 15 14:48:18 cu-cs-vm systemd-udevd[1819]: Process '/bin/sh -c 'echo 180 >/sys$DEVPATH/timeout'' failed with exit code 2.
Sep 15 14:48:18 cu-cs-vm systemd-udevd[1816]: Process '/bin/sh -c 'echo 180 >/sys$DEVPATH/timeout'' failed with exit code 2.
Sep 15 14:48:18 cu-cs-vm kernel: [    0.000000] ACPI: LAPIC_NMI (acpi_id[0x0c] high edge lint[0x1])
Sep 15 14:48:18 cu-cs-vm kernel: [    0.000000] ACPI: LAPIC_NMI (acpi_id[0x0d] high edge lint[0x1])
Sep 15 14:48:18 cu-cs-vm kernel: [    0.000000] ACPI: LAPIC_NMI (acpi_id[0x0e] high edge lint[0x1])
Sep 15 14:48:18 cu-cs-vm kernel: [    0.000000] ACPI: LAPIC_NMI (acpi_id[0x0f] high edge lint[0x1])
Sep 15 14:48:18 cu-cs-vm kernel: [    0.000000] ACPI: LAPIC_NMI (acpi_id[0x10] high edge lint[0x1])
Sep 15 14:48:18 cu-cs-vm kernel: [    0.000000] ACPI: LAPIC_NMI (acpi_id[0x11] high edge lint[0x1])
Sep 15 14:48:18 cu-cs-vm systemd-udevd[1824]: Process '/bin/sh -c 'echo 180 >/sys$DEVPATH/timeout'' failed with exit code 2.
Sep 15 14:48:18 cu-cs-vm systemd-udevd[1811]: Process '/bin/sh -c 'echo 180 >/sys$DEVPATH/timeout'' failed with exit code 2.
Sep 15 14:48:18 cu-cs-vm systemd-udevd[1823]: Process '/bin/sh -c 'echo 180 >/sys$DEVPATH/timeout'' failed with exit code 2.
Sep 15 14:48:18 cu-cs-vm systemd[1]: Started udev Coldplug all Devices.
Sep 15 14:48:18 cu-cs-vm systemd[1]: Started Dispatch Password Requests to Console Directory Watch.
Sep 15 14:48:18 cu-cs-vm kernel: [    0.000000] ACPI: LAPIC_NMI (acpi_id[0x12] high edge lint[0x1])
Sep 15 14:48:18 cu-cs-vm kernel: [    0.000000] ACPI: LAPIC_NMI (acpi_id[0x13] high edge lint[0x1])
Sep 15 14:48:18 cu-cs-vm kernel: [    0.000000] ACPI: LAPIC_NMI (acpi_id[0x14] high edge lint[0x1])
Sep 15 14:48:18 cu-cs-vm kernel: [    0.000000] ACPI: LAPIC_NMI (acpi_id[0x15] high edge lint[0x1])
Sep 15 14:48:18 cu-cs-vm kernel: [    0.000000] ACPI: LAPIC_NMI (acpi_id[0x16] high edge lint[0x1])
Sep 15 14:48:18 cu-cs-vm kernel: [    0.000000] ACPI: LAPIC_NMI (acpi_id[0x17] high edge lint[0x1])
Sep 15 14:48:18 cu-cs-vm systemd-udevd[1818]: Process '/bin/sh -c 'echo 180 >/sys$DEVPATH/timeout'' failed with exit code 2.
Sep 15 14:48:18 cu-cs-vm systemd-udevd[1814]: Process '/bin/sh -c 'echo 180 >/sys$DEVPATH/timeout'' failed with exit code 2.
Sep 15 14:48:18 cu-cs-vm systemd-udevd[1817]: Process '/bin/sh -c 'echo 180 >/sys$DEVPATH/timeout'' failed with exit code 2.
Sep 15 14:48:18 cu-cs-vm kernel: [    0.000000] ACPI: LAPIC_NMI (acpi_id[0x18] high edge lint[0x1])
Sep 15 14:48:18 cu-cs-vm kernel: [    0.000000] ACPI: LAPIC_NMI (acpi_id[0x19] high edge lint[0x1])
Sep 15 14:48:18 cu-cs-vm kernel: [    0.000000] ACPI: LAPIC_NMI (acpi_id[0x1a] high edge lint[0x1])
Sep 15 14:48:18 cu-cs-vm kernel: [    0.000000] ACPI: LAPIC_NMI (acpi_id[0x1b] high edge lint[0x1])
Sep 15 14:48:18 cu-cs-vm kernel: [    0.000000] ACPI: LAPIC_NMI (acpi_id[0x1c] high edge lint[0x1])
Sep 15 14:48:18 cu-cs-vm kernel: [    0.000000] ACPI: LAPIC_NMI (acpi_id[0x1d] high edge lint[0x1])
Sep 15 14:48:18 cu-cs-vm systemd-udevd[1806]: Process '/bin/sh -c 'echo 180 >/sys$DEVPATH/timeout'' failed with exit code 2.
Sep 15 14:48:18 cu-cs-vm systemd-udevd[1811]: Process '/bin/sh -c 'echo 180 >/sys$DEVPATH/timeout'' failed with exit code 2.
Sep 15 14:48:18 cu-cs-vm systemd-udevd[1824]: Process '/bin/sh -c 'echo 180 >/sys$DEVPATH/timeout'' failed with exit code 2.
Sep 15 14:48:18 cu-cs-vm systemd-udevd[1825]: Process '/bin/sh -c 'echo 180 >/sys$DEVPATH/timeout'' failed with exit code 2.
Sep 15 14:48:18 cu-cs-vm kernel: [    0.000000] ACPI: LAPIC_NMI (acpi_id[0x1e] high edge lint[0x1])
Sep 15 14:48:18 cu-cs-vm kernel: [    0.000000] ACPI: LAPIC_NMI (acpi_id[0x1f] high edge lint[0x1])
Sep 15 14:48:18 cu-cs-vm kernel: [    0.000000] ACPI: LAPIC_NMI (acpi_id[0x20] high edge lint[0x1])
Sep 15 14:48:18 cu-cs-vm kernel: [    0.000000] ACPI: LAPIC_NMI (acpi_id[0x21] high edge lint[0x1])
Sep 15 14:48:18 cu-cs-vm kernel: [    0.000000] ACPI: LAPIC_NMI (acpi_id[0x22] high edge lint[0x1])
Sep 15 14:48:18 cu-cs-vm kernel: [    0.000000] ACPI: LAPIC_NMI (acpi_id[0x23] high edge lint[0x1])
Sep 15 14:48:18 cu-cs-vm systemd-udevd[1816]: Process '/bin/sh -c 'echo 180 >/sys$DEVPATH/timeout'' failed with exit code 2.
Sep 15 14:48:18 cu-cs-vm systemd-udevd[1821]: Process '/bin/sh -c 'echo 180 >/sys$DEVPATH/timeout'' failed with exit code 2.
Sep 15 14:48:18 cu-cs-vm systemd-udevd[1819]: Process '/bin/sh -c 'echo 180 >/sys$DEVPATH/timeout'' failed with exit code 2.
Sep 15 14:48:18 cu-cs-vm systemd-udevd[1823]: Process '/bin/sh -c 'echo 180 >/sys$DEVPATH/timeout'' failed with exit code 2.
Sep 15 14:48:18 cu-cs-vm kernel: [    0.000000] ACPI: LAPIC_NMI (acpi_id[0x24] high edge lint[0x1])
Sep 15 14:48:18 cu-cs-vm kernel: [    0.000000] ACPI: LAPIC_NMI (acpi_id[0x25] high edge lint[0x1])
Sep 15 14:48:18 cu-cs-vm kernel: [    0.000000] ACPI: LAPIC_NMI (acpi_id[0x26] high edge lint[0x1])
Sep 15 14:48:18 cu-cs-vm kernel: [    0.000000] ACPI: LAPIC_NMI (acpi_id[0x27] high edge lint[0x1])
Sep 15 14:48:18 cu-cs-vm kernel: [    0.000000] ACPI: LAPIC_NMI (acpi_id[0x28] high edge lint[0x1])
Sep 15 14:48:18 cu-cs-vm systemd-udevd[1814]: Process '/bin/sh -c 'echo 180 >/sys$DEVPATH/timeout'' failed with exit code 2.
Sep 15 14:48:18 cu-cs-vm systemd-udevd[1818]: Process '/bin/sh -c 'echo 180 >/sys$DEVPATH/timeout'' failed with exit code 2.
Sep 15 14:48:18 cu-cs-vm systemd-udevd[1817]: Process '/bin/sh -c 'echo 180 >/sys$DEVPATH/timeout'' failed with exit code 2.
Sep 15 14:48:18 cu-cs-vm systemd-udevd[1811]: Process '/bin/sh -c 'echo 180 >/sys$DEVPATH/timeout'' failed with exit code 2.
Sep 15 14:48:18 cu-cs-vm kernel: [    0.000000] ACPI: LAPIC_NMI (acpi_id[0x29] high edge lint[0x1])
Sep 15 14:48:18 cu-cs-vm kernel: [    0.000000] ACPI: LAPIC_NMI (acpi_id[0x2a] high edge lint[0x1])
Sep 15 14:48:18 cu-cs-vm kernel: [    0.000000] ACPI: LAPIC_NMI (acpi_id[0x2b] high edge lint[0x1])
Sep 15 14:48:18 cu-cs-vm kernel: [    0.000000] ACPI: LAPIC_NMI (acpi_id[0x2c] high edge lint[0x1])
Sep 15 14:48:18 cu-cs-vm kernel: [    0.000000] ACPI: LAPIC_NMI (acpi_id[0x2d] high edge lint[0x1])
Sep 15 14:48:18 cu-cs-vm kernel: [    0.000000] ACPI: LAPIC_NMI (acpi_id[0x2e] high edge lint[0x1])
Sep 15 14:48:18 cu-cs-vm systemd-udevd[1808]: Process '/bin/sh -c 'echo 180 >/sys$DEVPATH/timeout'' failed with exit code 2.
Sep 15 14:48:18 cu-cs-vm systemd-udevd[1825]: Process '/bin/sh -c 'echo 180 >/sys$DEVPATH/timeout'' failed with exit code 2.
Sep 15 14:48:18 cu-cs-vm systemd-udevd[1824]: Process '/bin/sh -c 'echo 180 >/sys$DEVPATH/timeout'' failed with exit code 2.
Sep 15 14:48:18 cu-cs-vm systemd-udevd[1806]: Process '/bin/sh -c 'echo 180 >/sys$DEVPATH/timeout'' failed with exit code 2.
Sep 15 14:48:18 cu-cs-vm kernel: [    0.000000] ACPI: LAPIC_NMI (acpi_id[0x2f] high edge lint[0x1])
Sep 15 14:48:18 cu-cs-vm kernel: [    0.000000] ACPI: LAPIC_NMI (acpi_id[0x30] high edge lint[0x1])
Sep 15 14:48:18 cu-cs-vm kernel: [    0.000000] ACPI: LAPIC_NMI (acpi_id[0x31] high edge lint[0x1])
Sep 15 14:48:18 cu-cs-vm kernel: [    0.000000] ACPI: LAPIC_NMI (acpi_id[0x32] high edge lint[0x1])
Sep 15 14:48:18 cu-cs-vm kernel: [    0.000000] ACPI: LAPIC_NMI (acpi_id[0x33] high edge lint[0x1])
Sep 15 14:48:18 cu-cs-vm kernel: [    0.000000] ACPI: LAPIC_NMI (acpi_id[0x34] high edge lint[0x1])
Sep 15 14:48:18 cu-cs-vm systemd-udevd[1814]: Process '/bin/sh -c 'echo 180 >/sys$DEVPATH/timeout'' failed with exit code 2.
Sep 15 14:48:18 cu-cs-vm systemd-udevd[1819]: Process '/bin/sh -c 'echo 180 >/sys$DEVPATH/timeout'' failed with exit code 2.
Sep 15 14:48:18 cu-cs-vm systemd-udevd[1816]: Process '/bin/sh -c 'echo 180 >/sys$DEVPATH/timeout'' failed with exit code 2.
Sep 15 14:48:18 cu-cs-vm systemd-udevd[1821]: Process '/bin/sh -c 'echo 180 >/sys$DEVPATH/timeout'' failed with exit code 2.
Sep 15 14:48:18 cu-cs-vm kernel: [    0.000000] ACPI: LAPIC_NMI (acpi_id[0x35] high edge lint[0x1])
Sep 15 14:48:18 cu-cs-vm kernel: [    0.000000] ACPI: LAPIC_NMI (acpi_id[0x36] high edge lint[0x1])
Sep 15 14:48:18 cu-cs-vm kernel: [    0.000000] ACPI: LAPIC_NMI (acpi_id[0x37] high edge lint[0x1])
Sep 15 14:48:18 cu-cs-vm kernel: [    0.000000] ACPI: LAPIC_NMI (acpi_id[0x38] high edge lint[0x1])
Sep 15 14:48:18 cu-cs-vm kernel: [    0.000000] ACPI: LAPIC_NMI (acpi_id[0x39] high edge lint[0x1])
Sep 15 14:48:18 cu-cs-vm kernel: [    0.000000] ACPI: LAPIC_NMI (acpi_id[0x3a] high edge lint[0x1])
Sep 15 14:48:18 cu-cs-vm systemd-udevd[1808]: Process '/bin/sh -c 'echo 180 >/sys$DEVPATH/timeout'' failed with exit code 2.
Sep 15 14:48:18 cu-cs-vm systemd-udevd[1823]: Process '/bin/sh -c 'echo 180 >/sys$DEVPATH/timeout'' failed with exit code 2.
Sep 15 14:48:18 cu-cs-vm systemd-udevd[1818]: Process '/bin/sh -c 'echo 180 >/sys$DEVPATH/timeout'' failed with exit code 2.
Sep 15 14:48:18 cu-cs-vm systemd-udevd[1814]: Process '/bin/sh -c 'echo 180 >/sys$DEVPATH/timeout'' failed with exit code 2.
Sep 15 14:48:18 cu-cs-vm kernel: [    0.000000] ACPI: LAPIC_NMI (acpi_id[0x3b] high edge lint[0x1])
Sep 15 14:48:18 cu-cs-vm kernel: [    0.000000] ACPI: LAPIC_NMI (acpi_id[0x3c] high edge lint[0x1])
Sep 15 14:48:18 cu-cs-vm kernel: [    0.000000] ACPI: LAPIC_NMI (acpi_id[0x3d] high edge lint[0x1])
Sep 15 14:48:18 cu-cs-vm kernel: [    0.000000] ACPI: LAPIC_NMI (acpi_id[0x3e] high edge lint[0x1])
Sep 15 14:48:18 cu-cs-vm kernel: [    0.000000] ACPI: LAPIC_NMI (acpi_id[0x3f] high edge lint[0x1])
Sep 15 14:48:18 cu-cs-vm kernel: [    0.000000] ACPI: LAPIC_NMI (acpi_id[0x40] high edge lint[0x1])
Sep 15 14:48:18 cu-cs-vm systemd-udevd[1817]: Process '/bin/sh -c 'echo 180 >/sys$DEVPATH/timeout'' failed with exit code 2.
Sep 15 14:48:18 cu-cs-vm systemd-udevd[1816]: Process '/bin/sh -c 'echo 180 >/sys$DEVPATH/timeout'' failed with exit code 2.
Sep 15 14:48:18 cu-cs-vm systemd-udevd[1811]: Process '/bin/sh -c 'echo 180 >/sys$DEVPATH/timeout'' failed with exit code 2.
Sep 15 14:48:18 cu-cs-vm systemd-udevd[1808]: Process '/bin/sh -c 'echo 180 >/sys$DEVPATH/timeout'' failed with exit code 2.
Sep 15 14:48:18 cu-cs-vm kernel: [    0.000000] ACPI: LAPIC_NMI (acpi_id[0x41] high edge lint[0x1])
Sep 15 14:48:18 cu-cs-vm kernel: [    0.000000] ACPI: LAPIC_NMI (acpi_id[0x42] high edge lint[0x1])
Sep 15 14:48:18 cu-cs-vm kernel: [    0.000000] ACPI: LAPIC_NMI (acpi_id[0x43] high edge lint[0x1])
Sep 15 14:48:18 cu-cs-vm kernel: [    0.000000] ACPI: LAPIC_NMI (acpi_id[0x44] high edge lint[0x1])
Sep 15 14:48:18 cu-cs-vm kernel: [    0.000000] ACPI: LAPIC_NMI (acpi_id[0x45] high edge lint[0x1])
Sep 15 14:48:18 cu-cs-vm kernel: [    0.000000] ACPI: LAPIC_NMI (acpi_id[0x46] high edge lint[0x1])
Sep 15 14:48:18 cu-cs-vm systemd-udevd[1825]: Process '/bin/sh -c 'echo 180 >/sys$DEVPATH/timeout'' failed with exit code 2.
Sep 15 14:48:18 cu-cs-vm systemd-udevd[1824]: Process '/bin/sh -c 'echo 180 >/sys$DEVPATH/timeout'' failed with exit code 2.
Sep 15 14:48:18 cu-cs-vm systemd-udevd[1806]: Process '/bin/sh -c 'echo 180 >/sys$DEVPATH/timeout'' failed with exit code 2.
Sep 15 14:48:18 cu-cs-vm kernel: [    0.000000] ACPI: LAPIC_NMI (acpi_id[0x47] high edge lint[0x1])
Sep 15 14:48:18 cu-cs-vm kernel: [    0.000000] ACPI: LAPIC_NMI (acpi_id[0x48] high edge lint[0x1])
Sep 15 14:48:18 cu-cs-vm kernel: [    0.000000] ACPI: LAPIC_NMI (acpi_id[0x49] high edge lint[0x1])
Sep 15 14:48:18 cu-cs-vm kernel: [    0.000000] ACPI: LAPIC_NMI (acpi_id[0x4a] high edge lint[0x1])
Sep 15 14:48:18 cu-cs-vm kernel: [    0.000000] ACPI: LAPIC_NMI (acpi_id[0x4b] high edge lint[0x1])
Sep 15 14:48:18 cu-cs-vm systemd-udevd[1821]: Process '/bin/sh -c 'echo 180 >/sys$DEVPATH/timeout'' failed with exit code 2.
Sep 15 14:48:18 cu-cs-vm systemd-udevd[1817]: Process '/bin/sh -c 'echo 180 >/sys$DEVPATH/timeout'' failed with exit code 2.
Sep 15 14:48:18 cu-cs-vm systemd-udevd[1816]: Process '/bin/sh -c 'echo 180 >/sys$DEVPATH/timeout'' failed with exit code 2.
Sep 15 14:48:18 cu-cs-vm systemd-udevd[1814]: Process '/bin/sh -c 'echo 180 >/sys$DEVPATH/timeout'' failed with exit code 2.
Sep 15 14:48:18 cu-cs-vm kernel: [    0.000000] ACPI: LAPIC_NMI (acpi_id[0x4c] high edge lint[0x1])
Sep 15 14:48:18 cu-cs-vm kernel: [    0.000000] ACPI: LAPIC_NMI (acpi_id[0x4d] high edge lint[0x1])
Sep 15 14:48:18 cu-cs-vm kernel: [    0.000000] ACPI: LAPIC_NMI (acpi_id[0x4e] high edge lint[0x1])
Sep 15 14:48:18 cu-cs-vm kernel: [    0.000000] ACPI: LAPIC_NMI (acpi_id[0x4f] high edge lint[0x1])
Sep 15 14:48:18 cu-cs-vm kernel: [    0.000000] ACPI: LAPIC_NMI (acpi_id[0x50] high edge lint[0x1])
Sep 15 14:48:18 cu-cs-vm kernel: [    0.000000] ACPI: LAPIC_NMI (acpi_id[0x51] high edge lint[0x1])
Sep 15 14:48:18 cu-cs-vm systemd-udevd[1811]: Process '/bin/sh -c 'echo 180 >/sys$DEVPATH/timeout'' failed with exit code 2.
Sep 15 14:48:18 cu-cs-vm systemd-udevd[1818]: Process '/bin/sh -c 'echo 180 >/sys$DEVPATH/timeout'' failed with exit code 2.
Sep 15 14:48:18 cu-cs-vm systemd-udevd[1824]: Process '/bin/sh -c 'echo 180 >/sys$DEVPATH/timeout'' failed with exit code 2.
Sep 15 14:48:18 cu-cs-vm systemd-udevd[1825]: Process '/bin/sh -c 'echo 180 >/sys$DEVPATH/timeout'' failed with exit code 2.
Sep 15 14:48:18 cu-cs-vm kernel: [    0.000000] ACPI: LAPIC_NMI (acpi_id[0x52] high edge lint[0x1])
Sep 15 14:48:18 cu-cs-vm kernel: [    0.000000] ACPI: LAPIC_NMI (acpi_id[0x53] high edge lint[0x1])
Sep 15 14:48:18 cu-cs-vm kernel: [    0.000000] ACPI: LAPIC_NMI (acpi_id[0x54] high edge lint[0x1])
Sep 15 14:48:18 cu-cs-vm kernel: [    0.000000] ACPI: LAPIC_NMI (acpi_id[0x55] high edge lint[0x1])
Sep 15 14:48:18 cu-cs-vm kernel: [    0.000000] ACPI: LAPIC_NMI (acpi_id[0x56] high edge lint[0x1])
Sep 15 14:48:18 cu-cs-vm kernel: [    0.000000] ACPI: LAPIC_NMI (acpi_id[0x57] high edge lint[0x1])
Sep 15 14:48:18 cu-cs-vm systemd-udevd[1808]: Process '/bin/sh -c 'echo 180 >/sys$DEVPATH/timeout'' failed with exit code 2.
Sep 15 14:48:18 cu-cs-vm systemd-udevd[1821]: Process '/bin/sh -c 'echo 180 >/sys$DEVPATH/timeout'' failed with exit code 2.
Sep 15 14:48:18 cu-cs-vm systemd-udevd[1814]: Process '/bin/sh -c 'echo 180 >/sys$DEVPATH/timeout'' failed with exit code 2.
Sep 15 14:48:18 cu-cs-vm systemd-udevd[1818]: Process '/bin/sh -c 'echo 180 >/sys$DEVPATH/timeout'' failed with exit code 2.
Sep 15 14:48:18 cu-cs-vm kernel: [    0.000000] ACPI: LAPIC_NMI (acpi_id[0x58] high edge lint[0x1])
Sep 15 14:48:18 cu-cs-vm kernel: [    0.000000] ACPI: LAPIC_NMI (acpi_id[0x59] high edge lint[0x1])
Sep 15 14:48:18 cu-cs-vm kernel: [    0.000000] ACPI: LAPIC_NMI (acpi_id[0x5a] high edge lint[0x1])
Sep 15 14:48:18 cu-cs-vm kernel: [    0.000000] ACPI: LAPIC_NMI (acpi_id[0x5b] high edge lint[0x1])
Sep 15 14:48:18 cu-cs-vm kernel: [    0.000000] ACPI: LAPIC_NMI (acpi_id[0x5c] high edge lint[0x1])
Sep 15 14:48:18 cu-cs-vm kernel: [    0.000000] ACPI: LAPIC_NMI (acpi_id[0x5d] high edge lint[0x1])
Sep 15 14:48:18 cu-cs-vm systemd-udevd[1811]: Process '/bin/sh -c 'echo 180 >/sys$DEVPATH/timeout'' failed with exit code 2.
Sep 15 14:48:18 cu-cs-vm systemd-udevd[1806]: Process '/bin/sh -c 'echo 180 >/sys$DEVPATH/timeout'' failed with exit code 2.
Sep 15 14:48:18 cu-cs-vm systemd-udevd[1816]: Process '/bin/sh -c 'echo 180 >/sys$DEVPATH/timeout'' failed with exit code 2.
Sep 15 14:48:18 cu-cs-vm systemd-udevd[1819]: Process '/bin/sh -c 'echo 180 >/sys$DEVPATH/timeout'' failed with exit code 2.
Sep 15 14:48:18 cu-cs-vm kernel: [    0.000000] ACPI: LAPIC_NMI (acpi_id[0x5e] high edge lint[0x1])
Sep 15 14:48:18 cu-cs-vm kernel: [    0.000000] ACPI: LAPIC_NMI (acpi_id[0x5f] high edge lint[0x1])
Sep 15 14:48:18 cu-cs-vm kernel: [    0.000000] ACPI: LAPIC_NMI (acpi_id[0x60] high edge lint[0x1])
Sep 15 14:48:18 cu-cs-vm kernel: [    0.000000] ACPI: LAPIC_NMI (acpi_id[0x61] high edge lint[0x1])
Sep 15 14:48:18 cu-cs-vm kernel: [    0.000000] ACPI: LAPIC_NMI (acpi_id[0x62] high edge lint[0x1])
Sep 15 14:48:18 cu-cs-vm kernel: [    0.000000] ACPI: LAPIC_NMI (acpi_id[0x63] high edge lint[0x1])
Sep 15 14:48:18 cu-cs-vm systemd-udevd[1823]: Process '/bin/sh -c 'echo 180 >/sys$DEVPATH/timeout'' failed with exit code 2.
Sep 15 14:48:18 cu-cs-vm systemd-udevd[1806]: Process '/bin/sh -c 'echo 180 >/sys$DEVPATH/timeout'' failed with exit code 2.
Sep 15 14:48:18 cu-cs-vm systemd-udevd[1825]: Process '/bin/sh -c 'echo 180 >/sys$DEVPATH/timeout'' failed with exit code 2.
Sep 15 14:48:18 cu-cs-vm systemd-udevd[1824]: Process '/bin/sh -c 'echo 180 >/sys$DEVPATH/timeout'' failed with exit code 2.
Sep 15 14:48:18 cu-cs-vm kernel: [    0.000000] ACPI: LAPIC_NMI (acpi_id[0x64] high edge lint[0x1])
Sep 15 14:48:18 cu-cs-vm kernel: [    0.000000] ACPI: LAPIC_NMI (acpi_id[0x65] high edge lint[0x1])
Sep 15 14:48:18 cu-cs-vm kernel: [    0.000000] ACPI: LAPIC_NMI (acpi_id[0x66] high edge lint[0x1])
Sep 15 14:48:18 cu-cs-vm kernel: [    0.000000] ACPI: LAPIC_NMI (acpi_id[0x67] high edge lint[0x1])
Sep 15 14:48:18 cu-cs-vm kernel: [    0.000000] ACPI: LAPIC_NMI (acpi_id[0x68] high edge lint[0x1])
Sep 15 14:48:18 cu-cs-vm systemd-udevd[1814]: Process '/bin/sh -c 'echo 180 >/sys$DEVPATH/timeout'' failed with exit code 2.
Sep 15 14:48:18 cu-cs-vm systemd-udevd[1808]: Process '/bin/sh -c 'echo 180 >/sys$DEVPATH/timeout'' failed with exit code 2.
Sep 15 14:48:18 cu-cs-vm systemd-udevd[1817]: Process '/bin/sh -c 'echo 180 >/sys$DEVPATH/timeout'' failed with exit code 2.
Sep 15 14:48:18 cu-cs-vm systemd-udevd[1819]: Process '/bin/sh -c 'echo 180 >/sys$DEVPATH/timeout'' failed with exit code 2.
Sep 15 14:48:18 cu-cs-vm kernel: [    0.000000] ACPI: LAPIC_NMI (acpi_id[0x69] high edge lint[0x1])
Sep 15 14:48:18 cu-cs-vm kernel: [    0.000000] ACPI: LAPIC_NMI (acpi_id[0x6a] high edge lint[0x1])
Sep 15 14:48:18 cu-cs-vm kernel: [    0.000000] ACPI: LAPIC_NMI (acpi_id[0x6b] high edge lint[0x1])
Sep 15 14:48:18 cu-cs-vm kernel: [    0.000000] ACPI: LAPIC_NMI (acpi_id[0x6c] high edge lint[0x1])
Sep 15 14:48:18 cu-cs-vm kernel: [    0.000000] ACPI: LAPIC_NMI (acpi_id[0x6d] high edge lint[0x1])
Sep 15 14:48:18 cu-cs-vm kernel: [    0.000000] ACPI: LAPIC_NMI (acpi_id[0x6e] high edge lint[0x1])
Sep 15 14:48:18 cu-cs-vm systemd-udevd[1816]: Process '/bin/sh -c 'echo 180 >/sys$DEVPATH/timeout'' failed with exit code 2.
Sep 15 14:48:18 cu-cs-vm systemd-udevd[1808]: Process '/bin/sh -c 'echo 180 >/sys$DEVPATH/timeout'' failed with exit code 2.
Sep 15 14:48:18 cu-cs-vm systemd-udevd[1824]: Process '/bin/sh -c 'echo 180 >/sys$DEVPATH/timeout'' failed with exit code 2.
Sep 15 14:48:18 cu-cs-vm systemd-udevd[1825]: Process '/bin/sh -c 'echo 180 >/sys$DEVPATH/timeout'' failed with exit code 2.
Sep 15 14:48:18 cu-cs-vm kernel: [    0.000000] ACPI: LAPIC_NMI (acpi_id[0x6f] high edge lint[0x1])
Sep 15 14:48:18 cu-cs-vm kernel: [    0.000000] ACPI: LAPIC_NMI (acpi_id[0x70] high edge lint[0x1])
Sep 15 14:48:18 cu-cs-vm kernel: [    0.000000] ACPI: LAPIC_NMI (acpi_id[0x71] high edge lint[0x1])
Sep 15 14:48:18 cu-cs-vm kernel: [    0.000000] ACPI: LAPIC_NMI (acpi_id[0x72] high edge lint[0x1])
Sep 15 14:48:18 cu-cs-vm kernel: [    0.000000] ACPI: LAPIC_NMI (acpi_id[0x73] high edge lint[0x1])
Sep 15 14:48:18 cu-cs-vm kernel: [    0.000000] ACPI: LAPIC_NMI (acpi_id[0x74] high edge lint[0x1])
Sep 15 14:48:18 cu-cs-vm systemd-udevd[1823]: Process '/bin/sh -c 'echo 180 >/sys$DEVPATH/timeout'' failed with exit code 2.
Sep 15 14:48:18 cu-cs-vm systemd-udevd[1818]: Process '/bin/sh -c 'echo 180 >/sys$DEVPATH/timeout'' failed with exit code 2.
Sep 15 14:48:18 cu-cs-vm systemd-udevd[1817]: Process '/bin/sh -c 'echo 180 >/sys$DEVPATH/timeout'' failed with exit code 2.
Sep 15 14:48:18 cu-cs-vm kernel: [    0.000000] ACPI: LAPIC_NMI (acpi_id[0x75] high edge lint[0x1])
Sep 15 14:48:18 cu-cs-vm kernel: [    0.000000] ACPI: LAPIC_NMI (acpi_id[0x76] high edge lint[0x1])
Sep 15 14:48:18 cu-cs-vm kernel: [    0.000000] ACPI: LAPIC_NMI (acpi_id[0x77] high edge lint[0x1])
Sep 15 14:48:18 cu-cs-vm kernel: [    0.000000] ACPI: LAPIC_NMI (acpi_id[0x78] high edge lint[0x1])
Sep 15 14:48:18 cu-cs-vm kernel: [    0.000000] ACPI: LAPIC_NMI (acpi_id[0x79] high edge lint[0x1])
Sep 15 14:48:18 cu-cs-vm kernel: [    0.000000] ACPI: LAPIC_NMI (acpi_id[0x7a] high edge lint[0x1])
Sep 15 14:48:18 cu-cs-vm systemd-udevd[1806]: Process '/bin/sh -c 'echo 180 >/sys$DEVPATH/timeout'' failed with exit code 2.
Sep 15 14:48:18 cu-cs-vm systemd-udevd[1811]: Process '/bin/sh -c 'echo 180 >/sys$DEVPATH/timeout'' failed with exit code 2.
Sep 15 14:48:18 cu-cs-vm systemd-udevd[1821]: Process '/bin/sh -c 'echo 180 >/sys$DEVPATH/timeout'' failed with exit code 2.
Sep 15 14:48:18 cu-cs-vm systemd-udevd[1814]: Process '/bin/sh -c 'echo 180 >/sys$DEVPATH/timeout'' failed with exit code 2.
Sep 15 14:48:18 cu-cs-vm kernel: [    0.000000] ACPI: LAPIC_NMI (acpi_id[0x7b] high edge lint[0x1])
Sep 15 14:48:18 cu-cs-vm kernel: [    0.000000] ACPI: LAPIC_NMI (acpi_id[0x7c] high edge lint[0x1])
Sep 15 14:48:18 cu-cs-vm kernel: [    0.000000] ACPI: LAPIC_NMI (acpi_id[0x7d] high edge lint[0x1])
Sep 15 14:48:18 cu-cs-vm kernel: [    0.000000] ACPI: LAPIC_NMI (acpi_id[0x7e] high edge lint[0x1])
Sep 15 14:48:18 cu-cs-vm kernel: [    0.000000] ACPI: LAPIC_NMI (acpi_id[0x7f] high edge lint[0x1])
Sep 15 14:48:18 cu-cs-vm kernel: [    0.000000] IOAPIC[0]: apic_id 1, version 17, address 0xfec00000, GSI 0-23
Sep 15 14:48:18 cu-cs-vm systemd-udevd[1824]: Process '/bin/sh -c 'echo 180 >/sys$DEVPATH/timeout'' failed with exit code 2.
Sep 15 14:48:18 cu-cs-vm systemd-udevd[1816]: Process '/bin/sh -c 'echo 180 >/sys$DEVPATH/timeout'' failed with exit code 2.
Sep 15 14:48:18 cu-cs-vm systemd-udevd[1825]: Process '/bin/sh -c 'echo 180 >/sys$DEVPATH/timeout'' failed with exit code 2.
Sep 15 14:48:18 cu-cs-vm systemd-udevd[1808]: Process '/bin/sh -c 'echo 180 >/sys$DEVPATH/timeout'' failed with exit code 2.
Sep 15 14:48:18 cu-cs-vm kernel: [    0.000000] ACPI: INT_SRC_OVR (bus 0 bus_irq 0 global_irq 2 high edge)
Sep 15 14:48:18 cu-cs-vm kernel: [    0.000000] ACPI: IRQ0 used by override.
Sep 15 14:48:18 cu-cs-vm kernel: [    0.000000] ACPI: IRQ9 used by override.
Sep 15 14:48:18 cu-cs-vm kernel: [    0.000000] Using ACPI (MADT) for SMP configuration information
Sep 15 14:48:18 cu-cs-vm kernel: [    0.000000] smpboot: Allowing 128 CPUs, 126 hotplug CPUs
Sep 15 14:48:18 cu-cs-vm kernel: [    0.000000] PM: Registered nosave memory: [mem 0x00000000-0x00000fff]
Sep 15 14:48:18 cu-cs-vm systemd-udevd[1814]: Process '/bin/sh -c 'echo 180 >/sys$DEVPATH/timeout'' failed with exit code 2.
Sep 15 14:48:18 cu-cs-vm systemd-udevd[1811]: Process '/bin/sh -c 'echo 180 >/sys$DEVPATH/timeout'' failed with exit code 2.
Sep 15 14:48:18 cu-cs-vm systemd-udevd[1819]: Process '/bin/sh -c 'echo 180 >/sys$DEVPATH/timeout'' failed with exit code 2.
Sep 15 14:48:18 cu-cs-vm systemd-udevd[1818]: Process '/bin/sh -c 'echo 180 >/sys$DEVPATH/timeout'' failed with exit code 2.
Sep 15 14:48:18 cu-cs-vm kernel: [    0.000000] PM: Registered nosave memory: [mem 0x0009e000-0x0009efff]
Sep 15 14:48:18 cu-cs-vm kernel: [    0.000000] PM: Registered nosave memory: [mem 0x0009f000-0x0009ffff]
Sep 15 14:48:18 cu-cs-vm kernel: [    0.000000] PM: Registered nosave memory: [mem 0x000a0000-0x000dbfff]
Sep 15 14:48:18 cu-cs-vm kernel: [    0.000000] PM: Registered nosave memory: [mem 0x000dc000-0x000fffff]
Sep 15 14:48:18 cu-cs-vm kernel: [    0.000000] PM: Registered nosave memory: [mem 0x7fee0000-0x7fefefff]
Sep 15 14:48:18 cu-cs-vm systemd-udevd[1821]: Process '/bin/sh -c 'echo 180 >/sys$DEVPATH/timeout'' failed with exit code 2.
Sep 15 14:48:18 cu-cs-vm systemd-udevd[1823]: Process '/bin/sh -c 'echo 180 >/sys$DEVPATH/timeout'' failed with exit code 2.
Sep 15 14:48:18 cu-cs-vm systemd-udevd[1816]: Process '/bin/sh -c 'echo 180 >/sys$DEVPATH/timeout'' failed with exit code 2.
Sep 15 14:48:18 cu-cs-vm systemd-udevd[1806]: Process '/bin/sh -c 'echo 180 >/sys$DEVPATH/timeout'' failed with exit code 2.
Sep 15 14:48:18 cu-cs-vm kernel: [    0.000000] PM: Registered nosave memory: [mem 0x7feff000-0x7fefffff]
Sep 15 14:48:18 cu-cs-vm kernel: [    0.000000] e820: [mem 0x80000000-0xefffffff] available for PCI devices
Sep 15 14:48:18 cu-cs-vm kernel: [    0.000000] Booting paravirtualized kernel on VMware hypervisor
Sep 15 14:48:18 cu-cs-vm kernel: [    0.000000] clocksource: refined-jiffies: mask: 0xffffffff max_cycles: 0xffffffff, max_idle_ns: 7645519600211568 ns
Sep 15 14:48:18 cu-cs-vm kernel: [    0.000000] setup_percpu: NR_CPUS:8192 nr_cpumask_bits:128 nr_cpu_ids:128 nr_node_ids:1
Sep 15 14:48:18 cu-cs-vm kernel: [    0.000000] percpu: Embedded 36 pages/cpu @ffff8f597b600000 s107928 r8192 d31336 u262144
Sep 15 14:48:18 cu-cs-vm systemd-udevd[1817]: Process '/bin/sh -c 'echo 180 >/sys$DEVPATH/timeout'' failed with exit code 2.
Sep 15 14:48:18 cu-cs-vm systemd-udevd[1808]: Process '/bin/sh -c 'echo 180 >/sys$DEVPATH/timeout'' failed with exit code 2.
Sep 15 14:48:18 cu-cs-vm systemd-udevd[1823]: Process '/bin/sh -c 'echo 180 >/sys$DEVPATH/timeout'' failed with exit code 2.
Sep 15 14:48:18 cu-cs-vm systemd-udevd[1818]: Process '/bin/sh -c 'echo 180 >/sys$DEVPATH/timeout'' failed with exit code 2.
Sep 15 14:48:18 cu-cs-vm kernel: [    0.000000] pcpu-alloc: s107928 r8192 d31336 u262144 alloc=1*2097152
Sep 15 14:48:18 cu-cs-vm kernel: [    0.000000] pcpu-alloc: [0] 000 001 002 003 004 005 006 007 
Sep 15 14:48:18 cu-cs-vm kernel: [    0.000000] pcpu-alloc: [0] 008 009 010 011 012 013 014 015 
Sep 15 14:48:18 cu-cs-vm kernel: [    0.000000] pcpu-alloc: [0] 016 017 018 019 020 021 022 023 
Sep 15 14:48:18 cu-cs-vm kernel: [    0.000000] pcpu-alloc: [0] 024 025 026 027 028 029 030 031 
Sep 15 14:48:18 cu-cs-vm kernel: [    0.000000] pcpu-alloc: [0] 032 033 034 035 036 037 038 039 
Sep 15 14:48:18 cu-cs-vm systemd-udevd[1819]: Process '/bin/sh -c 'echo 180 >/sys$DEVPATH/timeout'' failed with exit code 2.
Sep 15 14:48:18 cu-cs-vm systemd-udevd[1811]: Process '/bin/sh -c 'echo 180 >/sys$DEVPATH/timeout'' failed with exit code 2.
Sep 15 14:48:18 cu-cs-vm systemd-udevd[1821]: Process '/bin/sh -c 'echo 180 >/sys$DEVPATH/timeout'' failed with exit code 2.
Sep 15 14:48:18 cu-cs-vm systemd-udevd[1814]: Process '/bin/sh -c 'echo 180 >/sys$DEVPATH/timeout'' failed with exit code 2.
Sep 15 14:48:18 cu-cs-vm kernel: [    0.000000] pcpu-alloc: [0] 040 041 042 043 044 045 046 047 
Sep 15 14:48:18 cu-cs-vm kernel: [    0.000000] pcpu-alloc: [0] 048 049 050 051 052 053 054 055 
Sep 15 14:48:18 cu-cs-vm kernel: [    0.000000] pcpu-alloc: [0] 056 057 058 059 060 061 062 063 
Sep 15 14:48:18 cu-cs-vm kernel: [    0.000000] pcpu-alloc: [0] 064 065 066 067 068 069 070 071 
Sep 15 14:48:18 cu-cs-vm kernel: [    0.000000] pcpu-alloc: [0] 072 073 074 075 076 077 078 079 
Sep 15 14:48:18 cu-cs-vm kernel: [    0.000000] pcpu-alloc: [0] 080 081 082 083 084 085 086 087 
Sep 15 14:48:18 cu-cs-vm systemd-udevd[1824]: Process '/bin/sh -c 'echo 180 >/sys$DEVPATH/timeout'' failed with exit code 2.
Sep 15 14:48:18 cu-cs-vm systemd-udevd[1825]: Process '/bin/sh -c 'echo 180 >/sys$DEVPATH/timeout'' failed with exit code 2.
Sep 15 14:48:18 cu-cs-vm systemd-udevd[1808]: Process '/bin/sh -c 'echo 180 >/sys$DEVPATH/timeout'' failed with exit code 2.
Sep 15 14:48:18 cu-cs-vm systemd-udevd[1818]: Process '/bin/sh -c 'echo 180 >/sys$DEVPATH/timeout'' failed with exit code 2.
Sep 15 14:48:18 cu-cs-vm kernel: [    0.000000] pcpu-alloc: [0] 088 089 090 091 092 093 094 095 
Sep 15 14:48:18 cu-cs-vm kernel: [    0.000000] pcpu-alloc: [0] 096 097 098 099 100 101 102 103 
Sep 15 14:48:18 cu-cs-vm kernel: [    0.000000] pcpu-alloc: [0] 104 105 106 107 108 109 110 111 
Sep 15 14:48:18 cu-cs-vm kernel: [    0.000000] pcpu-alloc: [0] 112 113 114 115 116 117 118 119 
Sep 15 14:48:18 cu-cs-vm kernel: [    0.000000] pcpu-alloc: [0] 120 121 122 123 124 125 126 127 
Sep 15 14:48:18 cu-cs-vm systemd-udevd[1819]: Process '/bin/sh -c 'echo 180 >/sys$DEVPATH/timeout'' failed with exit code 2.
Sep 15 14:48:18 cu-cs-vm systemd-udevd[1821]: Process '/bin/sh -c 'echo 180 >/sys$DEVPATH/timeout'' failed with exit code 2.
Sep 15 14:48:18 cu-cs-vm systemd-udevd[1811]: Process '/bin/sh -c 'echo 180 >/sys$DEVPATH/timeout'' failed with exit code 2.
Sep 15 14:48:18 cu-cs-vm kernel: [    0.000000] Built 1 zonelists in Node order, mobility grouping on.  Total pages: 515944
Sep 15 14:48:18 cu-cs-vm kernel: [    0.000000] Policy zone: DMA32
Sep 15 14:48:18 cu-cs-vm kernel: [    0.000000] Kernel command line: BOOT_IMAGE=/@/boot/vmlinuz-4.10.17mykernal root=UUID=403636af-0778-4937-b47b-ddd3b47d58cc ro rootflags=subvol=@ crashkernel=384M-:128M
Sep 15 14:48:18 cu-cs-vm kernel: [    0.000000] log_buf_len individual max cpu contribution: 4096 bytes
Sep 15 14:48:18 cu-cs-vm kernel: [    0.000000] log_buf_len total cpu_extra contributions: 520192 bytes
Sep 15 14:48:18 cu-cs-vm kernel: [    0.000000] log_buf_len min size: 262144 bytes
Sep 15 14:48:18 cu-cs-vm systemd-udevd[1825]: Process '/bin/sh -c 'echo 180 >/sys$DEVPATH/timeout'' failed with exit code 2.
Sep 15 14:48:18 cu-cs-vm systemd-udevd[1818]: Process '/bin/sh -c 'echo 180 >/sys$DEVPATH/timeout'' failed with exit code 2.
Sep 15 14:48:18 cu-cs-vm systemd-udevd[1824]: Process '/bin/sh -c 'echo 180 >/sys$DEVPATH/timeout'' failed with exit code 2.
Sep 15 14:48:18 cu-cs-vm systemd-udevd[1806]: Process '/bin/sh -c 'echo 180 >/sys$DEVPATH/timeout'' failed with exit code 2.
Sep 15 14:48:18 cu-cs-vm kernel: [    0.000000] log_buf_len: 1048576 bytes
Sep 15 14:48:18 cu-cs-vm kernel: [    0.000000] early log buf free: 236764(90%)
Sep 15 14:48:18 cu-cs-vm kernel: [    0.000000] PID hash table entries: 4096 (order: 3, 32768 bytes)
Sep 15 14:48:18 cu-cs-vm kernel: [    0.000000] Calgary: detecting Calgary via BIOS EBDA area
Sep 15 14:48:18 cu-cs-vm kernel: [    0.000000] Calgary: Unable to locate Rio Grande table in EBDA - bailing!
Sep 15 14:48:18 cu-cs-vm kernel: [    0.000000] Memory: 1784332K/2096628K available (8881K kernel code, 1650K rwdata, 3664K rodata, 2216K init, 2364K bss, 312296K reserved, 0K cma-reserved)
Sep 15 14:48:18 cu-cs-vm systemd-udevd[1819]: Process '/bin/sh -c 'echo 180 >/sys$DEVPATH/timeout'' failed with exit code 2.
Sep 15 14:48:18 cu-cs-vm systemd-udevd[1823]: Process '/bin/sh -c 'echo 180 >/sys$DEVPATH/timeout'' failed with exit code 2.
Sep 15 14:48:18 cu-cs-vm systemd-udevd[1816]: Process '/bin/sh -c 'echo 180 >/sys$DEVPATH/timeout'' failed with exit code 2.
Sep 15 14:48:18 cu-cs-vm systemd-udevd[1817]: Process '/bin/sh -c 'echo 180 >/sys$DEVPATH/timeout'' failed with exit code 2.
Sep 15 14:48:18 cu-cs-vm kernel: [    0.000000] SLUB: HWalign=64, Order=0-3, MinObjects=0, CPUs=128, Nodes=1
Sep 15 14:48:18 cu-cs-vm kernel: [    0.000000] Hierarchical RCU implementation.
Sep 15 14:48:18 cu-cs-vm kernel: [    0.000000] 	Build-time adjustment of leaf fanout to 64.
Sep 15 14:48:18 cu-cs-vm kernel: [    0.000000] 	RCU restricting CPUs from NR_CPUS=8192 to nr_cpu_ids=128.
Sep 15 14:48:18 cu-cs-vm kernel: [    0.000000] RCU: Adjusting geometry for rcu_fanout_leaf=64, nr_cpu_ids=128
Sep 15 14:48:18 cu-cs-vm systemd-udevd[1814]: Process '/bin/sh -c 'echo 180 >/sys$DEVPATH/timeout'' failed with exit code 2.
Sep 15 14:48:18 cu-cs-vm systemd-udevd[1808]: Process '/bin/sh -c 'echo 180 >/sys$DEVPATH/timeout'' failed with exit code 2.
Sep 15 14:48:18 cu-cs-vm systemd-udevd[1825]: Process '/bin/sh -c 'echo 180 >/sys$DEVPATH/timeout'' failed with exit code 2.
Sep 15 14:48:18 cu-cs-vm systemd-udevd[1819]: Process '/bin/sh -c 'echo 180 >/sys$DEVPATH/timeout'' failed with exit code 2.
Sep 15 14:48:18 cu-cs-vm kernel: [    0.000000] NR_IRQS:524544 nr_irqs:1448 16
Sep 15 14:48:18 cu-cs-vm kernel: [    0.000000] Console: colour VGA+ 80x25
Sep 15 14:48:18 cu-cs-vm kernel: [    0.000000] console [tty0] enabled
Sep 15 14:48:18 cu-cs-vm kernel: [    0.000000] tsc: Detected 1599.000 MHz processor
Sep 15 14:48:18 cu-cs-vm kernel: [    0.634736] Calibrating delay loop (skipped) preset value.. 3198.00 BogoMIPS (lpj=6396000)
Sep 15 14:48:18 cu-cs-vm kernel: [    0.634873] pid_max: default: 131072 minimum: 1024
Sep 15 14:48:18 cu-cs-vm systemd-udevd[1806]: Process '/bin/sh -c 'echo 180 >/sys$DEVPATH/timeout'' failed with exit code 2.
Sep 15 14:48:18 cu-cs-vm systemd-udevd[1814]: Process '/bin/sh -c 'echo 180 >/sys$DEVPATH/timeout'' failed with exit code 2.
Sep 15 14:48:18 cu-cs-vm systemd-udevd[1824]: Process '/bin/sh -c 'echo 180 >/sys$DEVPATH/timeout'' failed with exit code 2.
Sep 15 14:48:18 cu-cs-vm systemd-udevd[1821]: Process '/bin/sh -c 'echo 180 >/sys$DEVPATH/timeout'' failed with exit code 2.
Sep 15 14:48:18 cu-cs-vm kernel: [    0.634981] ACPI: Core revision 20160930
Sep 15 14:48:18 cu-cs-vm kernel: [    0.657005] ACPI: 1 ACPI AML tables successfully acquired and loaded
Sep 15 14:48:18 cu-cs-vm kernel: [    0.657248] Security Framework initialized
Sep 15 14:48:18 cu-cs-vm kernel: [    0.657346] Yama: becoming mindful.
Sep 15 14:48:18 cu-cs-vm kernel: [    0.657572] AppArmor: AppArmor initialized
Sep 15 14:48:18 cu-cs-vm kernel: [    0.658033] Dentry cache hash table entries: 262144 (order: 9, 2097152 bytes)
Sep 15 14:48:18 cu-cs-vm systemd-udevd[1811]: Process '/bin/sh -c 'echo 180 >/sys$DEVPATH/timeout'' failed with exit code 2.
Sep 15 14:48:18 cu-cs-vm systemd-udevd[1823]: Process '/bin/sh -c 'echo 180 >/sys$DEVPATH/timeout'' failed with exit code 2.
Sep 15 14:48:18 cu-cs-vm systemd-udevd[1818]: Process '/bin/sh -c 'echo 180 >/sys$DEVPATH/timeout'' failed with exit code 2.
Sep 15 14:48:18 cu-cs-vm systemd-udevd[1816]: Process '/bin/sh -c 'echo 180 >/sys$DEVPATH/timeout'' failed with exit code 2.
Sep 15 14:48:18 cu-cs-vm kernel: [    0.665294] Inode-cache hash table entries: 131072 (order: 8, 1048576 bytes)
Sep 15 14:48:18 cu-cs-vm kernel: [    0.671123] Mount-cache hash table entries: 4096 (order: 3, 32768 bytes)
Sep 15 14:48:18 cu-cs-vm kernel: [    0.671229] Mountpoint-cache hash table entries: 4096 (order: 3, 32768 bytes)
Sep 15 14:48:18 cu-cs-vm kernel: [    0.673800] Disabled fast string operations
Sep 15 14:48:18 cu-cs-vm kernel: [    0.673905] CPU: Physical Processor ID: 0
Sep 15 14:48:18 cu-cs-vm kernel: [    0.673995] ENERGY_PERF_BIAS: Set to 'normal', was 'performance'
Sep 15 14:48:18 cu-cs-vm systemd-udevd[1825]: Process '/bin/sh -c 'echo 180 >/sys$DEVPATH/timeout'' failed with exit code 2.
Sep 15 14:48:18 cu-cs-vm systemd-udevd[1808]: Process '/bin/sh -c 'echo 180 >/sys$DEVPATH/timeout'' failed with exit code 2.
Sep 15 14:48:18 cu-cs-vm systemd-udevd[1806]: Process '/bin/sh -c 'echo 180 >/sys$DEVPATH/timeout'' failed with exit code 2.
Sep 15 14:48:18 cu-cs-vm systemd-udevd[1817]: Process '/bin/sh -c 'echo 180 >/sys$DEVPATH/timeout'' failed with exit code 2.
Sep 15 14:48:18 cu-cs-vm kernel: [    0.674089] ENERGY_PERF_BIAS: View and update with x86_energy_perf_policy(8)
Sep 15 14:48:18 cu-cs-vm kernel: [    0.674265] mce: CPU supports 0 MCE banks
Sep 15 14:48:18 cu-cs-vm kernel: [    0.674366] Last level iTLB entries: 4KB 64, 2MB 8, 4MB 8
Sep 15 14:48:18 cu-cs-vm kernel: [    0.674455] Last level dTLB entries: 4KB 64, 2MB 0, 4MB 0, 1GB 4
Sep 15 14:48:18 cu-cs-vm kernel: [    0.674820] Freeing SMP alternatives memory: 32K
Sep 15 14:48:18 cu-cs-vm kernel: [    0.679378] ftrace: allocating 33454 entries in 131 pages
Sep 15 14:48:18 cu-cs-vm systemd-udevd[1811]: Process '/bin/sh -c 'echo 180 >/sys$DEVPATH/timeout'' failed with exit code 2.
Sep 15 14:48:18 cu-cs-vm systemd-udevd[1814]: Process '/bin/sh -c 'echo 180 >/sys$DEVPATH/timeout'' failed with exit code 2.
Sep 15 14:48:18 cu-cs-vm systemd-udevd[1818]: Process '/bin/sh -c 'echo 180 >/sys$DEVPATH/timeout'' failed with exit code 2.
Sep 15 14:48:18 cu-cs-vm systemd-udevd[1819]: Process '/bin/sh -c 'echo 180 >/sys$DEVPATH/timeout'' failed with exit code 2.
Sep 15 14:48:18 cu-cs-vm kernel: [    0.699341] smpboot: Max logical packages: 128
Sep 15 14:48:18 cu-cs-vm kernel: [    0.700569] x2apic enabled
Sep 15 14:48:18 cu-cs-vm kernel: [    0.701658] Switched APIC routing to physical x2apic.
Sep 15 14:48:18 cu-cs-vm kernel: [    0.704023] ..TIMER: vector=0x30 apic1=0 pin1=2 apic2=-1 pin2=-1
Sep 15 14:48:18 cu-cs-vm kernel: [    0.704656] TSC deadline timer enabled
Sep 15 14:48:18 cu-cs-vm systemd-udevd[1808]: Process '/bin/sh -c 'echo 180 >/sys$DEVPATH/timeout'' failed with exit code 2.
Sep 15 14:48:18 cu-cs-vm systemd-udevd[1824]: Process '/bin/sh -c 'echo 180 >/sys$DEVPATH/timeout'' failed with exit code 2.
Sep 15 14:48:18 cu-cs-vm systemd-udevd[1806]: Process '/bin/sh -c 'echo 180 >/sys$DEVPATH/timeout'' failed with exit code 2.
Sep 15 14:48:18 cu-cs-vm systemd-udevd[1825]: Process '/bin/sh -c 'echo 180 >/sys$DEVPATH/timeout'' failed with exit code 2.
Sep 15 14:48:18 cu-cs-vm kernel: [    0.704666] smpboot: CPU0: Intel(R) Core(TM) i5-5250U CPU @ 1.60GHz (family: 0x6, model: 0x3d, stepping: 0x4)
Sep 15 14:48:18 cu-cs-vm kernel: [    0.706564] Performance Events: Broadwell events, core PMU driver.
Sep 15 14:48:18 cu-cs-vm kernel: [    0.707371] core: CPUID marked event: 'cpu cycles' unavailable
Sep 15 14:48:18 cu-cs-vm kernel: [    0.707967] core: CPUID marked event: 'instructions' unavailable
Sep 15 14:48:18 cu-cs-vm kernel: [    0.708534] core: CPUID marked event: 'bus cycles' unavailable
Sep 15 14:48:18 cu-cs-vm kernel: [    0.709038] core: CPUID marked event: 'cache references' unavailable
Sep 15 14:48:18 cu-cs-vm systemd-udevd[1811]: Process '/bin/sh -c 'echo 180 >/sys$DEVPATH/timeout'' failed with exit code 2.
Sep 15 14:48:18 cu-cs-vm systemd-udevd[1814]: Process '/bin/sh -c 'echo 180 >/sys$DEVPATH/timeout'' failed with exit code 2.
Sep 15 14:48:18 cu-cs-vm systemd-udevd[1806]: Process '/bin/sh -c 'echo 180 >/sys$DEVPATH/timeout'' failed with exit code 2.
Sep 15 14:48:18 cu-cs-vm kernel: [    0.709531] core: CPUID marked event: 'cache misses' unavailable
Sep 15 14:48:18 cu-cs-vm kernel: [    0.710011] core: CPUID marked event: 'branch instructions' unavailable
Sep 15 14:48:18 cu-cs-vm kernel: [    0.710512] core: CPUID marked event: 'branch misses' unavailable
Sep 15 14:48:18 cu-cs-vm kernel: [    0.710998] ... version:                1
Sep 15 14:48:18 cu-cs-vm kernel: [    0.711406] ... bit width:              48
Sep 15 14:48:18 cu-cs-vm kernel: [    0.711818] ... generic registers:      4
Sep 15 14:48:18 cu-cs-vm systemd-udevd[1808]: Process '/bin/sh -c 'echo 180 >/sys$DEVPATH/timeout'' failed with exit code 2.
Sep 15 14:48:18 cu-cs-vm systemd-udevd[1821]: Process '/bin/sh -c 'echo 180 >/sys$DEVPATH/timeout'' failed with exit code 2.
Sep 15 14:48:18 cu-cs-vm systemd-udevd[1823]: Process '/bin/sh -c 'echo 180 >/sys$DEVPATH/timeout'' failed with exit code 2.
Sep 15 14:48:18 cu-cs-vm systemd-udevd[1817]: Process '/bin/sh -c 'echo 180 >/sys$DEVPATH/timeout'' failed with exit code 2.
Sep 15 14:48:18 cu-cs-vm kernel: [    0.712286] ... value mask:             0000ffffffffffff
Sep 15 14:48:18 cu-cs-vm kernel: [    0.712745] ... max period:             000000007fffffff
Sep 15 14:48:18 cu-cs-vm kernel: [    0.713212] ... fixed-purpose events:   0
Sep 15 14:48:18 cu-cs-vm kernel: [    0.713621] ... event mask:             000000000000000f
Sep 15 14:48:18 cu-cs-vm kernel: [    0.721277] NMI watchdog: disabled (cpu0): hardware events not enabled
Sep 15 14:48:18 cu-cs-vm kernel: [    0.721802] NMI watchdog: Shutting down hard lockup detector on all cpus
Sep 15 14:48:18 cu-cs-vm systemd-udevd[1816]: Process '/bin/sh -c 'echo 180 >/sys$DEVPATH/timeout'' failed with exit code 2.
Sep 15 14:48:18 cu-cs-vm systemd-udevd[1819]: Process '/bin/sh -c 'echo 180 >/sys$DEVPATH/timeout'' failed with exit code 2.
Sep 15 14:48:18 cu-cs-vm systemd-udevd[1824]: Process '/bin/sh -c 'echo 180 >/sys$DEVPATH/timeout'' failed with exit code 2.
Sep 15 14:48:18 cu-cs-vm systemd-udevd[1825]: Process '/bin/sh -c 'echo 180 >/sys$DEVPATH/timeout'' failed with exit code 2.
Sep 15 14:48:18 cu-cs-vm kernel: [    0.734756] smp: Bringing up secondary CPUs ...
Sep 15 14:48:18 cu-cs-vm kernel: [    0.736119] x86: Booting SMP configuration:
Sep 15 14:48:18 cu-cs-vm kernel: [    0.736551] .... node  #0, CPUs:          #1
Sep 15 14:48:18 cu-cs-vm kernel: [    0.738600] Disabled fast string operations
Sep 15 14:48:18 cu-cs-vm kernel: [    0.738764] mce: CPU supports 0 MCE banks
Sep 15 14:48:18 cu-cs-vm kernel: [    0.738823] smpboot: CPU 1 Converting physical 2 to logical package 1
Sep 15 14:48:18 cu-cs-vm systemd-udevd[1818]: Process '/bin/sh -c 'echo 180 >/sys$DEVPATH/timeout'' failed with exit code 2.
Sep 15 14:48:18 cu-cs-vm systemd-udevd[1811]: Process '/bin/sh -c 'echo 180 >/sys$DEVPATH/timeout'' failed with exit code 2.
Sep 15 14:48:18 cu-cs-vm systemd-udevd[1814]: Process '/bin/sh -c 'echo 180 >/sys$DEVPATH/timeout'' failed with exit code 2.
Sep 15 14:48:18 cu-cs-vm systemd-udevd[1818]: Process '/bin/sh -c 'echo 180 >/sys$DEVPATH/timeout'' failed with exit code 2.
Sep 15 14:48:18 cu-cs-vm kernel: [    0.739197] smp: Brought up 1 node, 2 CPUs
Sep 15 14:48:18 cu-cs-vm kernel: [    0.739758] smpboot: Total of 2 processors activated (6396.00 BogoMIPS)
Sep 15 14:48:18 cu-cs-vm kernel: [    0.744440] devtmpfs: initialized
Sep 15 14:48:18 cu-cs-vm kernel: [    0.744763] x86/mm: Memory block size: 128MB
Sep 15 14:48:18 cu-cs-vm kernel: [    0.747042] evm: security.selinux
Sep 15 14:48:18 cu-cs-vm systemd-udevd[1819]: Process '/bin/sh -c 'echo 180 >/sys$DEVPATH/timeout'' failed with exit code 2.
Sep 15 14:48:18 cu-cs-vm systemd-udevd[1821]: Process '/bin/sh -c 'echo 180 >/sys$DEVPATH/timeout'' failed with exit code 2.
Sep 15 14:48:18 cu-cs-vm systemd-udevd[1817]: Process '/bin/sh -c 'echo 180 >/sys$DEVPATH/timeout'' failed with exit code 2.
Sep 15 14:48:18 cu-cs-vm systemd-udevd[1816]: Process '/bin/sh -c 'echo 180 >/sys$DEVPATH/timeout'' failed with exit code 2.
Sep 15 14:48:18 cu-cs-vm kernel: [    0.747115] evm: security.SMACK64
Sep 15 14:48:18 cu-cs-vm kernel: [    0.747181] evm: security.SMACK64EXEC
Sep 15 14:48:18 cu-cs-vm kernel: [    0.747262] evm: security.SMACK64TRANSMUTE
Sep 15 14:48:18 cu-cs-vm kernel: [    0.747346] evm: security.SMACK64MMAP
Sep 15 14:48:18 cu-cs-vm kernel: [    0.747414] evm: security.ima
Sep 15 14:48:18 cu-cs-vm kernel: [    0.747478] evm: security.capability
Sep 15 14:48:18 cu-cs-vm systemd-udevd[1825]: Process '/bin/sh -c 'echo 180 >/sys$DEVPATH/timeout'' failed with exit code 2.
Sep 15 14:48:18 cu-cs-vm systemd-udevd[1824]: Process '/bin/sh -c 'echo 180 >/sys$DEVPATH/timeout'' failed with exit code 2.
Sep 15 14:48:18 cu-cs-vm systemd-udevd[1817]: Process '/bin/sh -c 'echo 180 >/sys$DEVPATH/timeout'' failed with exit code 2.
Sep 15 14:48:18 cu-cs-vm systemd-udevd[1821]: Process '/bin/sh -c 'echo 180 >/sys$DEVPATH/timeout'' failed with exit code 2.
Sep 15 14:48:18 cu-cs-vm kernel: [    0.747879] PM: Registering ACPI NVS region [mem 0x7feff000-0x7fefffff] (4096 bytes)
Sep 15 14:48:18 cu-cs-vm kernel: [    0.748140] clocksource: jiffies: mask: 0xffffffff max_cycles: 0xffffffff, max_idle_ns: 7645041785100000 ns
Sep 15 14:48:18 cu-cs-vm kernel: [    0.748468] futex hash table entries: 32768 (order: 9, 2097152 bytes)
Sep 15 14:48:18 cu-cs-vm kernel: [    0.761951] pinctrl core: initialized pinctrl subsystem
Sep 15 14:48:18 cu-cs-vm kernel: [    0.762421] RTC time: 20:48:06, date: 09/15/17
Sep 15 14:48:18 cu-cs-vm kernel: [    0.763058] NET: Registered protocol family 16
Sep 15 14:48:18 cu-cs-vm systemd-udevd[1816]: Process '/bin/sh -c 'echo 180 >/sys$DEVPATH/timeout'' failed with exit code 2.
Sep 15 14:48:18 cu-cs-vm systemd-udevd[1825]: Process '/bin/sh -c 'echo 180 >/sys$DEVPATH/timeout'' failed with exit code 2.
Sep 15 14:48:18 cu-cs-vm systemd-udevd[1824]: Process '/bin/sh -c 'echo 180 >/sys$DEVPATH/timeout'' failed with exit code 2.
Sep 15 14:48:18 cu-cs-vm systemd-udevd[1821]: Process '/bin/sh -c 'echo 180 >/sys$DEVPATH/timeout'' failed with exit code 2.
Sep 15 14:48:18 cu-cs-vm kernel: [    0.779163] cpuidle: using governor ladder
Sep 15 14:48:18 cu-cs-vm kernel: [    0.797401] cpuidle: using governor menu
Sep 15 14:48:18 cu-cs-vm kernel: [    0.797565] PCCT header not found.
Sep 15 14:48:18 cu-cs-vm kernel: [    0.797759] Simple Boot Flag at 0x36 set to 0x80
Sep 15 14:48:18 cu-cs-vm kernel: [    0.798002] ACPI: bus type PCI registered
Sep 15 14:48:18 cu-cs-vm kernel: [    0.798161] acpiphp: ACPI Hot Plug PCI Controller Driver version: 0.5
Sep 15 14:48:18 cu-cs-vm systemd-udevd[1811]: Process '/bin/sh -c 'echo 180 >/sys$DEVPATH/timeout'' failed with exit code 2.
Sep 15 14:48:18 cu-cs-vm systemd-udevd[1818]: Process '/bin/sh -c 'echo 180 >/sys$DEVPATH/timeout'' failed with exit code 2.
Sep 15 14:48:18 cu-cs-vm systemd-udevd[1817]: Process '/bin/sh -c 'echo 180 >/sys$DEVPATH/timeout'' failed with exit code 2.
Sep 15 14:48:18 cu-cs-vm systemd-udevd[1819]: Process '/bin/sh -c 'echo 180 >/sys$DEVPATH/timeout'' failed with exit code 2.
Sep 15 14:48:18 cu-cs-vm kernel: [    0.798786] PCI: MMCONFIG for domain 0000 [bus 00-7f] at [mem 0xf0000000-0xf7ffffff] (base 0xf0000000)
Sep 15 14:48:18 cu-cs-vm kernel: [    0.799143] PCI: MMCONFIG at [mem 0xf0000000-0xf7ffffff] reserved in E820
Sep 15 14:48:18 cu-cs-vm kernel: [    0.799356] PCI: Using configuration type 1 for base access
Sep 15 14:48:18 cu-cs-vm kernel: [    0.823917] HugeTLB registered 1 GB page size, pre-allocated 0 pages
Sep 15 14:48:18 cu-cs-vm kernel: [    0.824154] HugeTLB registered 2 MB page size, pre-allocated 0 pages
Sep 15 14:48:18 cu-cs-vm systemd-udevd[1806]: Process '/bin/sh -c 'echo 180 >/sys$DEVPATH/timeout'' failed with exit code 2.
Sep 15 14:48:18 cu-cs-vm systemd-udevd[1814]: Process '/bin/sh -c 'echo 180 >/sys$DEVPATH/timeout'' failed with exit code 2.
Sep 15 14:48:18 cu-cs-vm systemd-udevd[1808]: Process '/bin/sh -c 'echo 180 >/sys$DEVPATH/timeout'' failed with exit code 2.
Sep 15 14:48:18 cu-cs-vm kernel: [    0.829644] ACPI: Added _OSI(Module Device)
Sep 15 14:48:18 cu-cs-vm kernel: [    0.829830] ACPI: Added _OSI(Processor Device)
Sep 15 14:48:18 cu-cs-vm kernel: [    0.830003] ACPI: Added _OSI(3.0 _SCP Extensions)
Sep 15 14:48:18 cu-cs-vm kernel: [    0.830181] ACPI: Added _OSI(Processor Aggregator Device)
Sep 15 14:48:18 cu-cs-vm kernel: [    0.836191] ACPI: [Firmware Bug]: BIOS _OSI(Linux) query ignored
Sep 15 14:48:18 cu-cs-vm kernel: [    0.857035] ACPI: Interpreter enabled
Sep 15 14:48:18 cu-cs-vm systemd-udevd[1816]: Process '/bin/sh -c 'echo 180 >/sys$DEVPATH/timeout'' failed with exit code 2.
Sep 15 14:48:18 cu-cs-vm kernel: [    0.857146] ACPI: (supports S0 S1 S4 S5)
Sep 15 14:48:18 cu-cs-vm kernel: [    0.857298] ACPI: Using IOAPIC for interrupt routing
Sep 15 14:48:18 cu-cs-vm kernel: [    0.857448] PCI: Using host bridge windows from ACPI; if necessary, use "pci=nocrs" and report a bug
Sep 15 14:48:18 cu-cs-vm kernel: [    0.950639] ACPI: PCI Root Bridge [PCI0] (domain 0000 [bus 00-7f])
Sep 15 14:48:18 cu-cs-vm kernel: [    0.950747] acpi PNP0A03:00: _OSC: OS supports [ExtendedConfig ASPM ClockPM Segments MSI]
Sep 15 14:48:18 cu-cs-vm kernel: [    0.951079] acpi PNP0A03:00: _OSC: platform does not support [AER]
Sep 15 14:48:18 cu-cs-vm kernel: [    0.951349] acpi PNP0A03:00: _OSC: OS now controls [PCIeHotplug PME PCIeCapability]
Sep 15 14:48:18 cu-cs-vm kernel: [    0.953485] PCI host bridge to bus 0000:00
Sep 15 14:48:18 cu-cs-vm kernel: [    0.953568] pci_bus 0000:00: root bus resource [mem 0x000a0000-0x000bffff window]
Sep 15 14:48:18 cu-cs-vm kernel: [    0.953713] pci_bus 0000:00: root bus resource [mem 0x000cc000-0x000cffff window]
Sep 15 14:48:18 cu-cs-vm kernel: [    0.953859] pci_bus 0000:00: root bus resource [mem 0x000d0000-0x000d3fff window]
Sep 15 14:48:18 cu-cs-vm kernel: [    0.954004] pci_bus 0000:00: root bus resource [mem 0x000d4000-0x000d7fff window]
Sep 15 14:48:18 cu-cs-vm kernel: [    0.954149] pci_bus 0000:00: root bus resource [mem 0x000d8000-0x000dbfff window]
Sep 15 14:48:18 cu-cs-vm kernel: [    0.954295] pci_bus 0000:00: root bus resource [mem 0xc0000000-0xfebfffff window]
Sep 15 14:48:18 cu-cs-vm kernel: [    0.954465] pci_bus 0000:00: root bus resource [io  0x0000-0x0cf7 window]
Sep 15 14:48:18 cu-cs-vm kernel: [    0.954587] pci_bus 0000:00: root bus resource [io  0x0d00-0xfeff window]
Sep 15 14:48:18 cu-cs-vm kernel: [    0.954685] pci_bus 0000:00: root bus resource [bus 00-7f]
Sep 15 14:48:18 cu-cs-vm kernel: [    0.954836] pci 0000:00:00.0: [8086:7190] type 00 class 0x060000
Sep 15 14:48:18 cu-cs-vm kernel: [    0.955630] pci 0000:00:01.0: [8086:7191] type 01 class 0x060400
Sep 15 14:48:18 cu-cs-vm kernel: [    0.956227] pci 0000:00:07.0: [8086:7110] type 00 class 0x060100
Sep 15 14:48:18 cu-cs-vm kernel: [    0.957136] pci 0000:00:07.1: [8086:7111] type 00 class 0x01018a
Sep 15 14:48:18 cu-cs-vm kernel: [    0.959574] pci 0000:00:07.1: reg 0x20: [io  0x1060-0x106f]
Sep 15 14:48:18 cu-cs-vm kernel: [    0.960945] pci 0000:00:07.1: legacy IDE quirk: reg 0x10: [io  0x01f0-0x01f7]
Sep 15 14:48:18 cu-cs-vm kernel: [    0.961066] pci 0000:00:07.1: legacy IDE quirk: reg 0x14: [io  0x03f6]
Sep 15 14:48:18 cu-cs-vm kernel: [    0.961206] pci 0000:00:07.1: legacy IDE quirk: reg 0x18: [io  0x0170-0x0177]
Sep 15 14:48:18 cu-cs-vm kernel: [    0.961312] pci 0000:00:07.1: legacy IDE quirk: reg 0x1c: [io  0x0376]
Sep 15 14:48:18 cu-cs-vm kernel: [    0.961969] pci 0000:00:07.3: [8086:7113] type 00 class 0x068000
Sep 15 14:48:18 cu-cs-vm kernel: [    0.965305] pci 0000:00:07.3: quirk: [io  0x1000-0x103f] claimed by PIIX4 ACPI
Sep 15 14:48:18 cu-cs-vm kernel: [    0.965485] pci 0000:00:07.3: quirk: [io  0x1040-0x104f] claimed by PIIX4 SMB
Sep 15 14:48:18 cu-cs-vm kernel: [    0.966087] pci 0000:00:07.7: [15ad:0740] type 00 class 0x088000
Sep 15 14:48:18 cu-cs-vm kernel: [    0.966993] pci 0000:00:07.7: reg 0x10: [io  0x1080-0x10bf]
Sep 15 14:48:18 cu-cs-vm kernel: [    0.967839] pci 0000:00:07.7: reg 0x14: [mem 0xfebfe000-0xfebfffff 64bit]
Sep 15 14:48:18 cu-cs-vm kernel: [    0.971910] pci 0000:00:0f.0: [15ad:0405] type 00 class 0x030000
Sep 15 14:48:18 cu-cs-vm kernel: [    0.975726] pci 0000:00:0f.0: reg 0x10: [io  0x1070-0x107f]
Sep 15 14:48:18 cu-cs-vm kernel: [    0.979364] pci 0000:00:0f.0: reg 0x14: [mem 0xe8000000-0xefffffff pref]
Sep 15 14:48:18 cu-cs-vm kernel: [    0.982384] pci 0000:00:0f.0: reg 0x18: [mem 0xfe000000-0xfe7fffff]
Sep 15 14:48:18 cu-cs-vm kernel: [    0.994160] pci 0000:00:0f.0: reg 0x30: [mem 0x00000000-0x00007fff pref]
Sep 15 14:48:18 cu-cs-vm kernel: [    0.994801] pci 0000:00:10.0: [1000:0030] type 00 class 0x010000
Sep 15 14:48:18 cu-cs-vm kernel: [    0.996329] pci 0000:00:10.0: reg 0x10: [io  0x1400-0x14ff]
Sep 15 14:48:18 cu-cs-vm kernel: [    0.997720] pci 0000:00:10.0: reg 0x14: [mem 0xfeba0000-0xfebbffff 64bit]
Sep 15 14:48:18 cu-cs-vm kernel: [    0.999084] pci 0000:00:10.0: reg 0x1c: [mem 0xfebc0000-0xfebdffff 64bit]
Sep 15 14:48:18 cu-cs-vm kernel: [    1.001650] pci 0000:00:10.0: reg 0x30: [mem 0x00000000-0x00003fff pref]
Sep 15 14:48:18 cu-cs-vm kernel: [    1.002183] pci 0000:00:11.0: [15ad:0790] type 01 class 0x060401
Sep 15 14:48:18 cu-cs-vm kernel: [    1.002886] pci 0000:00:11.0: System wakeup disabled by ACPI
